

================================================================
== Vivado HLS Report for 'hls_hybrid_reduction_sidecar'
================================================================
* Date:           Mon Jun  8 17:56:11 2026

* Version:        2019.1 (Build 2552052 on Fri May 24 15:28:33 MDT 2019)
* Project:        qe_ic_hls_probe
* Solution:       sol1
* Product family: zynq
* Target device:  xc7z020-clg400-1


================================================================
== Performance Estimates
================================================================
+ Timing (ns): 
    * Summary: 
    +--------+-------+----------+------------+
    |  Clock | Target| Estimated| Uncertainty|
    +--------+-------+----------+------------+
    |ap_clk  |  10.00|     8.750|        1.25|
    +--------+-------+----------+------------+

+ Latency (clock cycles): 
    * Summary: 
    +-----+-----+-----+-----+---------+
    |  Latency  |  Interval | Pipeline|
    | min | max | min | max |   Type  |
    +-----+-----+-----+-----+---------+
    |    ?|    ?|    ?|    ?|   none  |
    +-----+-----+-----+-----+---------+

    + Detail: 
        * Instance: 
        N/A

        * Loop: 
        +----------+-----+-----+----------+-----------+-----------+------+----------+
        |          |  Latency  | Iteration|  Initiation Interval  | Trip |          |
        | Loop Name| min | max |  Latency |  achieved |   target  | Count| Pipelined|
        +----------+-----+-----+----------+-----------+-----------+------+----------+
        |- Loop 1  |    ?|    ?|         9|          1|          1|     ?|    yes   |
        +----------+-----+-----+----------+-----------+-----------+------+----------+



================================================================
== Utilization Estimates
================================================================
* Summary: 
+-----------------+---------+-------+--------+-------+-----+
|       Name      | BRAM_18K| DSP48E|   FF   |  LUT  | URAM|
+-----------------+---------+-------+--------+-------+-----+
|DSP              |        -|      -|       -|      -|    -|
|Expression       |        -|      -|       0|     88|    -|
|FIFO             |        -|      -|       -|      -|    -|
|Instance         |        8|     11|    1599|   2342|    -|
|Memory           |        -|      -|       -|      -|    -|
|Multiplexer      |        -|      -|       -|    134|    -|
|Register         |        0|      -|     338|     32|    -|
+-----------------+---------+-------+--------+-------+-----+
|Total            |        8|     11|    1937|   2596|    0|
+-----------------+---------+-------+--------+-------+-----+
|Available        |      280|    220|  106400|  53200|    0|
+-----------------+---------+-------+--------+-------+-----+
|Utilization (%)  |        2|      5|       1|      4|    0|
+-----------------+---------+-------+--------+-------+-----+

+ Detail: 
    * Instance: 
    +---------------------------------------------------------------+------------------------------------------------------------+---------+-------+-----+-----+-----+
    |                            Instance                           |                           Module                           | BRAM_18K| DSP48E|  FF | LUT | URAM|
    +---------------------------------------------------------------+------------------------------------------------------------+---------+-------+-----+-----+-----+
    |hls_hybrid_reduction_sidecar_control_s_axi_U                   |hls_hybrid_reduction_sidecar_control_s_axi                  |        0|      0|  150|  232|    0|
    |hls_hybrid_reduction_sidecar_dmul_64ns_64ns_64_6_max_dsp_1_U1  |hls_hybrid_reduction_sidecar_dmul_64ns_64ns_64_6_max_dsp_1  |        0|     11|  317|  578|    0|
    |hls_hybrid_reduction_sidecar_gmem0_m_axi_U                     |hls_hybrid_reduction_sidecar_gmem0_m_axi                    |        4|      0|  566|  766|    0|
    |hls_hybrid_reduction_sidecar_gmem1_m_axi_U                     |hls_hybrid_reduction_sidecar_gmem1_m_axi                    |        4|      0|  566|  766|    0|
    +---------------------------------------------------------------+------------------------------------------------------------+---------+-------+-----+-----+-----+
    |Total                                                          |                                                            |        8|     11| 1599| 2342|    0|
    +---------------------------------------------------------------+------------------------------------------------------------+---------+-------+-----+-----+-----+

    * DSP48E: 
    N/A

    * Memory: 
    N/A

    * FIFO: 
    N/A

    * Expression: 
    +-----------------------------------+----------+-------+---+----+------------+------------+
    |           Variable Name           | Operation| DSP48E| FF| LUT| Bitwidth P0| Bitwidth P1|
    +-----------------------------------+----------+-------+---+----+------------+------------+
    |i_fu_181_p2                        |     +    |      0|  0|  38|          31|           1|
    |ap_block_pp0_stage0_01001          |    and   |      0|  0|   2|           1|           1|
    |ap_block_state10_pp0_stage0_iter1  |    and   |      0|  0|   2|           1|           1|
    |ap_block_state17_io                |    and   |      0|  0|   2|           1|           1|
    |ap_block_state22                   |    and   |      0|  0|   2|           1|           1|
    |icmp_ln11_fu_187_p2                |   icmp   |      0|  0|  18|          32|           1|
    |icmp_ln9_fu_176_p2                 |   icmp   |      0|  0|  18|          32|          32|
    |ap_block_pp0_stage0_11001          |    or    |      0|  0|   2|           1|           1|
    |ap_enable_pp0                      |    xor   |      0|  0|   2|           1|           2|
    |ap_enable_reg_pp0_iter1            |    xor   |      0|  0|   2|           2|           1|
    +-----------------------------------+----------+-------+---+----+------------+------------+
    |Total                              |          |      0|  0|  88|         103|          42|
    +-----------------------------------+----------+-------+---+----+------------+------------+

    * Multiplexer: 
    +-------------------------+----+-----------+-----+-----------+
    |           Name          | LUT| Input Size| Bits| Total Bits|
    +-------------------------+----+-----------+-----+-----------+
    |ap_NS_fsm                |  62|         15|    1|         15|
    |ap_enable_reg_pp0_iter1  |   9|          2|    1|          2|
    |ap_enable_reg_pp0_iter8  |   9|          2|    1|          2|
    |gmem0_blk_n_AR           |   9|          2|    1|          2|
    |gmem0_blk_n_R            |   9|          2|    1|          2|
    |gmem1_blk_n_AW           |   9|          2|    1|          2|
    |gmem1_blk_n_B            |   9|          2|    1|          2|
    |gmem1_blk_n_W            |   9|          2|    1|          2|
    |i_0_reg_116              |   9|          2|   31|         62|
    +-------------------------+----+-----------+-----+-----------+
    |Total                    | 134|         31|   39|         91|
    +-------------------------+----+-----------+-----+-----------+

    * Register: 
    +-------------------------+----+----+-----+-----------+
    |           Name          | FF | LUT| Bits| Const Bits|
    +-------------------------+----+----+-----+-----------+
    |ap_CS_fsm                |  14|   0|   14|          0|
    |ap_enable_reg_pp0_iter0  |   1|   0|    1|          0|
    |ap_enable_reg_pp0_iter1  |   1|   0|    1|          0|
    |ap_enable_reg_pp0_iter2  |   1|   0|    1|          0|
    |ap_enable_reg_pp0_iter3  |   1|   0|    1|          0|
    |ap_enable_reg_pp0_iter4  |   1|   0|    1|          0|
    |ap_enable_reg_pp0_iter5  |   1|   0|    1|          0|
    |ap_enable_reg_pp0_iter6  |   1|   0|    1|          0|
    |ap_enable_reg_pp0_iter7  |   1|   0|    1|          0|
    |ap_enable_reg_pp0_iter8  |   1|   0|    1|          0|
    |gmem0_addr_read_reg_231  |  64|   0|   64|          0|
    |i_0_reg_116              |  31|   0|   31|          0|
    |icmp_ln11_reg_241        |   1|   0|    1|          0|
    |icmp_ln9_reg_222         |   1|   0|    1|          0|
    |in1_reg_205              |  29|   0|   29|          0|
    |n_read_reg_192           |  32|   0|   32|          0|
    |out3_reg_200             |  29|   0|   29|          0|
    |tmp_reg_236              |  64|   0|   64|          0|
    |icmp_ln9_reg_222         |  64|  32|    1|          0|
    +-------------------------+----+----+-----+-----------+
    |Total                    | 338|  32|  275|          0|
    +-------------------------+----+----+-----+-----------+



================================================================
== Interface
================================================================
* Summary: 
+-----------------------+-----+-----+------------+------------------------------+--------------+
|       RTL Ports       | Dir | Bits|  Protocol  |         Source Object        |    C Type    |
+-----------------------+-----+-----+------------+------------------------------+--------------+
|s_axi_control_AWVALID  |  in |    1|    s_axi   |            control           |    scalar    |
|s_axi_control_AWREADY  | out |    1|    s_axi   |            control           |    scalar    |
|s_axi_control_AWADDR   |  in |    6|    s_axi   |            control           |    scalar    |
|s_axi_control_WVALID   |  in |    1|    s_axi   |            control           |    scalar    |
|s_axi_control_WREADY   | out |    1|    s_axi   |            control           |    scalar    |
|s_axi_control_WDATA    |  in |   32|    s_axi   |            control           |    scalar    |
|s_axi_control_WSTRB    |  in |    4|    s_axi   |            control           |    scalar    |
|s_axi_control_ARVALID  |  in |    1|    s_axi   |            control           |    scalar    |
|s_axi_control_ARREADY  | out |    1|    s_axi   |            control           |    scalar    |
|s_axi_control_ARADDR   |  in |    6|    s_axi   |            control           |    scalar    |
|s_axi_control_RVALID   | out |    1|    s_axi   |            control           |    scalar    |
|s_axi_control_RREADY   |  in |    1|    s_axi   |            control           |    scalar    |
|s_axi_control_RDATA    | out |   32|    s_axi   |            control           |    scalar    |
|s_axi_control_RRESP    | out |    2|    s_axi   |            control           |    scalar    |
|s_axi_control_BVALID   | out |    1|    s_axi   |            control           |    scalar    |
|s_axi_control_BREADY   |  in |    1|    s_axi   |            control           |    scalar    |
|s_axi_control_BRESP    | out |    2|    s_axi   |            control           |    scalar    |
|ap_clk                 |  in |    1| ap_ctrl_hs | hls_hybrid_reduction_sidecar | return value |
|ap_rst_n               |  in |    1| ap_ctrl_hs | hls_hybrid_reduction_sidecar | return value |
|interrupt              | out |    1| ap_ctrl_hs | hls_hybrid_reduction_sidecar | return value |
|m_axi_gmem0_AWVALID    | out |    1|    m_axi   |             gmem0            |    pointer   |
|m_axi_gmem0_AWREADY    |  in |    1|    m_axi   |             gmem0            |    pointer   |
|m_axi_gmem0_AWADDR     | out |   32|    m_axi   |             gmem0            |    pointer   |
|m_axi_gmem0_AWID       | out |    1|    m_axi   |             gmem0            |    pointer   |
|m_axi_gmem0_AWLEN      | out |    8|    m_axi   |             gmem0            |    pointer   |
|m_axi_gmem0_AWSIZE     | out |    3|    m_axi   |             gmem0            |    pointer   |
|m_axi_gmem0_AWBURST    | out |    2|    m_axi   |             gmem0            |    pointer   |
|m_axi_gmem0_AWLOCK     | out |    2|    m_axi   |             gmem0            |    pointer   |
|m_axi_gmem0_AWCACHE    | out |    4|    m_axi   |             gmem0            |    pointer   |
|m_axi_gmem0_AWPROT     | out |    3|    m_axi   |             gmem0            |    pointer   |
|m_axi_gmem0_AWQOS      | out |    4|    m_axi   |             gmem0            |    pointer   |
|m_axi_gmem0_AWREGION   | out |    4|    m_axi   |             gmem0            |    pointer   |
|m_axi_gmem0_AWUSER     | out |    1|    m_axi   |             gmem0            |    pointer   |
|m_axi_gmem0_WVALID     | out |    1|    m_axi   |             gmem0            |    pointer   |
|m_axi_gmem0_WREADY     |  in |    1|    m_axi   |             gmem0            |    pointer   |
|m_axi_gmem0_WDATA      | out |   64|    m_axi   |             gmem0            |    pointer   |
|m_axi_gmem0_WSTRB      | out |    8|    m_axi   |             gmem0            |    pointer   |
|m_axi_gmem0_WLAST      | out |    1|    m_axi   |             gmem0            |    pointer   |
|m_axi_gmem0_WID        | out |    1|    m_axi   |             gmem0            |    pointer   |
|m_axi_gmem0_WUSER      | out |    1|    m_axi   |             gmem0            |    pointer   |
|m_axi_gmem0_ARVALID    | out |    1|    m_axi   |             gmem0            |    pointer   |
|m_axi_gmem0_ARREADY    |  in |    1|    m_axi   |             gmem0            |    pointer   |
|m_axi_gmem0_ARADDR     | out |   32|    m_axi   |             gmem0            |    pointer   |
|m_axi_gmem0_ARID       | out |    1|    m_axi   |             gmem0            |    pointer   |
|m_axi_gmem0_ARLEN      | out |    8|    m_axi   |             gmem0            |    pointer   |
|m_axi_gmem0_ARSIZE     | out |    3|    m_axi   |             gmem0            |    pointer   |
|m_axi_gmem0_ARBURST    | out |    2|    m_axi   |             gmem0            |    pointer   |
|m_axi_gmem0_ARLOCK     | out |    2|    m_axi   |             gmem0            |    pointer   |
|m_axi_gmem0_ARCACHE    | out |    4|    m_axi   |             gmem0            |    pointer   |
|m_axi_gmem0_ARPROT     | out |    3|    m_axi   |             gmem0            |    pointer   |
|m_axi_gmem0_ARQOS      | out |    4|    m_axi   |             gmem0            |    pointer   |
|m_axi_gmem0_ARREGION   | out |    4|    m_axi   |             gmem0            |    pointer   |
|m_axi_gmem0_ARUSER     | out |    1|    m_axi   |             gmem0            |    pointer   |
|m_axi_gmem0_RVALID     |  in |    1|    m_axi   |             gmem0            |    pointer   |
|m_axi_gmem0_RREADY     | out |    1|    m_axi   |             gmem0            |    pointer   |
|m_axi_gmem0_RDATA      |  in |   64|    m_axi   |             gmem0            |    pointer   |
|m_axi_gmem0_RLAST      |  in |    1|    m_axi   |             gmem0            |    pointer   |
|m_axi_gmem0_RID        |  in |    1|    m_axi   |             gmem0            |    pointer   |
|m_axi_gmem0_RUSER      |  in |    1|    m_axi   |             gmem0            |    pointer   |
|m_axi_gmem0_RRESP      |  in |    2|    m_axi   |             gmem0            |    pointer   |
|m_axi_gmem0_BVALID     |  in |    1|    m_axi   |             gmem0            |    pointer   |
|m_axi_gmem0_BREADY     | out |    1|    m_axi   |             gmem0            |    pointer   |
|m_axi_gmem0_BRESP      |  in |    2|    m_axi   |             gmem0            |    pointer   |
|m_axi_gmem0_BID        |  in |    1|    m_axi   |             gmem0            |    pointer   |
|m_axi_gmem0_BUSER      |  in |    1|    m_axi   |             gmem0            |    pointer   |
|m_axi_gmem1_AWVALID    | out |    1|    m_axi   |             gmem1            |    pointer   |
|m_axi_gmem1_AWREADY    |  in |    1|    m_axi   |             gmem1            |    pointer   |
|m_axi_gmem1_AWADDR     | out |   32|    m_axi   |             gmem1            |    pointer   |
|m_axi_gmem1_AWID       | out |    1|    m_axi   |             gmem1            |    pointer   |
|m_axi_gmem1_AWLEN      | out |    8|    m_axi   |             gmem1            |    pointer   |
|m_axi_gmem1_AWSIZE     | out |    3|    m_axi   |             gmem1            |    pointer   |
|m_axi_gmem1_AWBURST    | out |    2|    m_axi   |             gmem1            |    pointer   |
|m_axi_gmem1_AWLOCK     | out |    2|    m_axi   |             gmem1            |    pointer   |
|m_axi_gmem1_AWCACHE    | out |    4|    m_axi   |             gmem1            |    pointer   |
|m_axi_gmem1_AWPROT     | out |    3|    m_axi   |             gmem1            |    pointer   |
|m_axi_gmem1_AWQOS      | out |    4|    m_axi   |             gmem1            |    pointer   |
|m_axi_gmem1_AWREGION   | out |    4|    m_axi   |             gmem1            |    pointer   |
|m_axi_gmem1_AWUSER     | out |    1|    m_axi   |             gmem1            |    pointer   |
|m_axi_gmem1_WVALID     | out |    1|    m_axi   |             gmem1            |    pointer   |
|m_axi_gmem1_WREADY     |  in |    1|    m_axi   |             gmem1            |    pointer   |
|m_axi_gmem1_WDATA      | out |   64|    m_axi   |             gmem1            |    pointer   |
|m_axi_gmem1_WSTRB      | out |    8|    m_axi   |             gmem1            |    pointer   |
|m_axi_gmem1_WLAST      | out |    1|    m_axi   |             gmem1            |    pointer   |
|m_axi_gmem1_WID        | out |    1|    m_axi   |             gmem1            |    pointer   |
|m_axi_gmem1_WUSER      | out |    1|    m_axi   |             gmem1            |    pointer   |
|m_axi_gmem1_ARVALID    | out |    1|    m_axi   |             gmem1            |    pointer   |
|m_axi_gmem1_ARREADY    |  in |    1|    m_axi   |             gmem1            |    pointer   |
|m_axi_gmem1_ARADDR     | out |   32|    m_axi   |             gmem1            |    pointer   |
|m_axi_gmem1_ARID       | out |    1|    m_axi   |             gmem1            |    pointer   |
|m_axi_gmem1_ARLEN      | out |    8|    m_axi   |             gmem1            |    pointer   |
|m_axi_gmem1_ARSIZE     | out |    3|    m_axi   |             gmem1            |    pointer   |
|m_axi_gmem1_ARBURST    | out |    2|    m_axi   |             gmem1            |    pointer   |
|m_axi_gmem1_ARLOCK     | out |    2|    m_axi   |             gmem1            |    pointer   |
|m_axi_gmem1_ARCACHE    | out |    4|    m_axi   |             gmem1            |    pointer   |
|m_axi_gmem1_ARPROT     | out |    3|    m_axi   |             gmem1            |    pointer   |
|m_axi_gmem1_ARQOS      | out |    4|    m_axi   |             gmem1            |    pointer   |
|m_axi_gmem1_ARREGION   | out |    4|    m_axi   |             gmem1            |    pointer   |
|m_axi_gmem1_ARUSER     | out |    1|    m_axi   |             gmem1            |    pointer   |
|m_axi_gmem1_RVALID     |  in |    1|    m_axi   |             gmem1            |    pointer   |
|m_axi_gmem1_RREADY     | out |    1|    m_axi   |             gmem1            |    pointer   |
|m_axi_gmem1_RDATA      |  in |   64|    m_axi   |             gmem1            |    pointer   |
|m_axi_gmem1_RLAST      |  in |    1|    m_axi   |             gmem1            |    pointer   |
|m_axi_gmem1_RID        |  in |    1|    m_axi   |             gmem1            |    pointer   |
|m_axi_gmem1_RUSER      |  in |    1|    m_axi   |             gmem1            |    pointer   |
|m_axi_gmem1_RRESP      |  in |    2|    m_axi   |             gmem1            |    pointer   |
|m_axi_gmem1_BVALID     |  in |    1|    m_axi   |             gmem1            |    pointer   |
|m_axi_gmem1_BREADY     | out |    1|    m_axi   |             gmem1            |    pointer   |
|m_axi_gmem1_BRESP      |  in |    2|    m_axi   |             gmem1            |    pointer   |
|m_axi_gmem1_BID        |  in |    1|    m_axi   |             gmem1            |    pointer   |
|m_axi_gmem1_BUSER      |  in |    1|    m_axi   |             gmem1            |    pointer   |
+-----------------------+-----+-----+------------+------------------------------+--------------+

