Copyright 1986-2019 Xilinx, Inc. All Rights Reserved.
------------------------------------------------------------------------------------
| Tool Version : Vivado v.2019.1 (lin64) Build 2552052 Fri May 24 14:47:09 MDT 2019
| Date         : Mon Jun  8 21:39:02 2026
| Host         : IC_EDA running 64-bit CentOS Linux release 7.9.2009 (Core)
| Command      : report_timing_summary -file vivado_timing_summary.rpt
| Design       : qeic_real_integrated_pipelined_sidecar_impl_top
| Device       : 7z020-clg400
| Speed File   : -1  PRODUCTION 1.11 2014-09-11
------------------------------------------------------------------------------------

Timing Summary Report

------------------------------------------------------------------------------------------------
| Timer Settings
| --------------
------------------------------------------------------------------------------------------------

  Enable Multi Corner Analysis               :  Yes
  Enable Pessimism Removal                   :  Yes
  Pessimism Removal Resolution               :  Nearest Common Node
  Enable Input Delay Default Clock           :  No
  Enable Preset / Clear Arcs                 :  No
  Disable Flight Delays                      :  No
  Ignore I/O Paths                           :  No
  Timing Early Launch at Borrowing Latches   :  No
  Borrow Time for Max Delay Exceptions       :  Yes

  Corner  Analyze    Analyze    
  Name    Max Paths  Min Paths  
  ------  ---------  ---------  
  Slow    Yes        Yes        
  Fast    Yes        Yes        



check_timing report

Table of Contents
-----------------
1. checking no_clock
2. checking constant_clock
3. checking pulse_width_clock
4. checking unconstrained_internal_endpoints
5. checking no_input_delay
6. checking no_output_delay
7. checking multiple_clock
8. checking generated_clocks
9. checking loops
10. checking partial_input_delay
11. checking partial_output_delay
12. checking latch_loops

1. checking no_clock
--------------------
 There are 0 register/latch pins with no clock.


2. checking constant_clock
--------------------------
 There are 0 register/latch pins with constant_clock.


3. checking pulse_width_clock
-----------------------------
 There are 0 register/latch pins which need pulse_width check


4. checking unconstrained_internal_endpoints
--------------------------------------------
 There are 0 pins that are not constrained for maximum delay.

 There are 0 pins that are not constrained for maximum delay due to constant clock.


5. checking no_input_delay
--------------------------
 There is 1 input port with no input delay specified. (HIGH)

 There is 1 input port with no input delay but user has a false path constraint. (MEDIUM)


6. checking no_output_delay
---------------------------
 There are 49 ports with no output delay specified. (HIGH)

 There are 0 ports with no output delay but user has a false path constraint

 There are 0 ports with no output delay but with a timing clock defined on it or propagating through it


7. checking multiple_clock
--------------------------
 There are 0 register/latch pins with multiple clocks.


8. checking generated_clocks
----------------------------
 There are 0 generated clocks that are not connected to a clock source.


9. checking loops
-----------------
 There are 0 combinational loops in the design.


10. checking partial_input_delay
--------------------------------
 There are 0 input ports with partial input delay specified.


11. checking partial_output_delay
---------------------------------
 There are 0 ports with partial output delay specified.


12. checking latch_loops
------------------------
 There are 0 combinational latch loops in the design through latch input



------------------------------------------------------------------------------------------------
| Design Timing Summary
| ---------------------
------------------------------------------------------------------------------------------------

    WNS(ns)      TNS(ns)  TNS Failing Endpoints  TNS Total Endpoints      WHS(ns)      THS(ns)  THS Failing Endpoints  THS Total Endpoints     WPWS(ns)     TPWS(ns)  TPWS Failing Endpoints  TPWS Total Endpoints  
    -------      -------  ---------------------  -------------------      -------      -------  ---------------------  -------------------     --------     --------  ----------------------  --------------------  
      0.946        0.000                      0                 1519        0.083        0.000                      0                 1519        5.500        0.000                       0                   701  


All user specified timing constraints are met.


------------------------------------------------------------------------------------------------
| Clock Summary
| -------------
------------------------------------------------------------------------------------------------

Clock  Waveform(ns)       Period(ns)      Frequency(MHz)
-----  ------------       ----------      --------------
clk    {0.000 6.000}      12.000          83.333          


------------------------------------------------------------------------------------------------
| Intra Clock Table
| -----------------
------------------------------------------------------------------------------------------------

Clock             WNS(ns)      TNS(ns)  TNS Failing Endpoints  TNS Total Endpoints      WHS(ns)      THS(ns)  THS Failing Endpoints  THS Total Endpoints     WPWS(ns)     TPWS(ns)  TPWS Failing Endpoints  TPWS Total Endpoints  
-----             -------      -------  ---------------------  -------------------      -------      -------  ---------------------  -------------------     --------     --------  ----------------------  --------------------  
clk                 0.946        0.000                      0                 1519        0.083        0.000                      0                 1519        5.500        0.000                       0                   701  


------------------------------------------------------------------------------------------------
| Inter Clock Table
| -----------------
------------------------------------------------------------------------------------------------

From Clock    To Clock          WNS(ns)      TNS(ns)  TNS Failing Endpoints  TNS Total Endpoints      WHS(ns)      THS(ns)  THS Failing Endpoints  THS Total Endpoints  
----------    --------          -------      -------  ---------------------  -------------------      -------      -------  ---------------------  -------------------  


------------------------------------------------------------------------------------------------
| Other Path Groups Table
| -----------------------
------------------------------------------------------------------------------------------------

Path Group    From Clock    To Clock          WNS(ns)      TNS(ns)  TNS Failing Endpoints  TNS Total Endpoints      WHS(ns)      THS(ns)  THS Failing Endpoints  THS Total Endpoints  
----------    ----------    --------          -------      -------  ---------------------  -------------------      -------      -------  ---------------------  -------------------  


------------------------------------------------------------------------------------------------
| Timing Details
| --------------
------------------------------------------------------------------------------------------------


---------------------------------------------------------------------------------------------------
From Clock:  clk
  To Clock:  clk

Setup :            0  Failing Endpoints,  Worst Slack        0.946ns,  Total Violation        0.000ns
Hold  :            0  Failing Endpoints,  Worst Slack        0.083ns,  Total Violation        0.000ns
PW    :            0  Failing Endpoints,  Worst Slack        5.500ns,  Total Violation        0.000ns
---------------------------------------------------------------------------------------------------


Max Delay Paths
--------------------------------------------------------------------------------------
Slack (MET) :             0.946ns  (required time - arrival time)
  Source:                 sidecar/re_sq_s20/CLK
                            (rising edge-triggered cell DSP48E1 clocked by clk  {rise@0.000ns fall@6.000ns period=12.000ns})
  Destination:            sidecar/weighted_s3_reg[53]/D
                            (rising edge-triggered cell FDRE clocked by clk  {rise@0.000ns fall@6.000ns period=12.000ns})
  Path Group:             clk
  Path Type:              Setup (Max at Slow Process Corner)
  Requirement:            12.000ns  (clk rise@12.000ns - clk rise@0.000ns)
  Data Path Delay:        10.961ns  (logic 8.533ns (77.849%)  route 2.428ns (22.151%))
  Logic Levels:           14  (CARRY4=11 DSP48E1=2 LUT2=1)
  Clock Path Skew:        -0.120ns (DCD - SCD + CPR)
    Destination Clock Delay (DCD):    4.812ns = ( 16.812 - 12.000 ) 
    Source Clock Delay      (SCD):    5.445ns
    Clock Pessimism Removal (CPR):    0.514ns
  Clock Uncertainty:      0.035ns  ((TSJ^2 + TIJ^2)^1/2 + DJ) / 2 + PE
    Total System Jitter     (TSJ):    0.071ns
    Total Input Jitter      (TIJ):    0.000ns
    Discrete Jitter          (DJ):    0.000ns
    Phase Error              (PE):    0.000ns

    Location             Delay type                Incr(ns)  Path(ns)    Netlist Resource(s)
  -------------------------------------------------------------------    -------------------
                         (clock clk rise edge)        0.000     0.000 r  
    U14                                               0.000     0.000 r  clk (IN)
                         net (fo=0)                   0.000     0.000    clk
    U14                  IBUF (Prop_ibuf_I_O)         1.075     1.075 r  clk_IBUF_inst/O
                         net (fo=1, routed)           2.205     3.280    clk_IBUF
    BUFGCTRL_X0Y16       BUFG (Prop_bufg_I_O)         0.101     3.381 r  clk_IBUF_BUFG_inst/O
                         net (fo=701, routed)         2.065     5.445    sidecar/clk_IBUF_BUFG
    DSP48_X3Y41          DSP48E1                                      r  sidecar/re_sq_s20/CLK
  -------------------------------------------------------------------    -------------------
    DSP48_X3Y41          DSP48E1 (Prop_dsp48e1_CLK_P[0])
                                                      0.434     5.879 r  sidecar/re_sq_s20/P[0]
                         net (fo=2, routed)           0.807     6.686    sidecar/re_sq_s2[0]
    SLICE_X93Y100        LUT2 (Prop_lut2_I0_O)        0.124     6.810 r  sidecar/weighted_s31_carry_i_4/O
                         net (fo=1, routed)           0.000     6.810    sidecar/weighted_s31_carry_i_4_n_0
    SLICE_X93Y100        CARRY4 (Prop_carry4_S[0]_CO[3])
                                                      0.532     7.342 r  sidecar/weighted_s31_carry/CO[3]
                         net (fo=1, routed)           0.000     7.342    sidecar/weighted_s31_carry_n_0
    SLICE_X93Y101        CARRY4 (Prop_carry4_CI_CO[3])
                                                      0.114     7.456 r  sidecar/weighted_s31_carry__0/CO[3]
                         net (fo=1, routed)           0.000     7.456    sidecar/weighted_s31_carry__0_n_0
    SLICE_X93Y102        CARRY4 (Prop_carry4_CI_CO[3])
                                                      0.114     7.570 r  sidecar/weighted_s31_carry__1/CO[3]
                         net (fo=1, routed)           0.000     7.570    sidecar/weighted_s31_carry__1_n_0
    SLICE_X93Y103        CARRY4 (Prop_carry4_CI_CO[3])
                                                      0.114     7.684 r  sidecar/weighted_s31_carry__2/CO[3]
                         net (fo=1, routed)           0.000     7.684    sidecar/weighted_s31_carry__2_n_0
    SLICE_X93Y104        CARRY4 (Prop_carry4_CI_O[0])
                                                      0.222     7.906 r  sidecar/weighted_s31_carry__3/O[0]
                         net (fo=1, routed)           0.724     8.630    sidecar/weighted_s31[16]
    DSP48_X3Y43          DSP48E1 (Prop_dsp48e1_B[16]_PCOUT[47])
                                                      4.026    12.656 r  sidecar/weighted_s30/PCOUT[47]
                         net (fo=1, routed)           0.002    12.658    sidecar/weighted_s30_n_106
    DSP48_X3Y44          DSP48E1 (Prop_dsp48e1_PCIN[47]_P[16])
                                                      1.518    14.176 r  sidecar/weighted_s30__0/P[16]
                         net (fo=1, routed)           0.895    15.071    sidecar/weighted_s30__0_n_89
    SLICE_X93Y109        CARRY4 (Prop_carry4_S[0]_CO[3])
                                                      0.656    15.727 r  sidecar/weighted_s3_reg[36]_i_1/CO[3]
                         net (fo=1, routed)           0.000    15.727    sidecar/weighted_s3_reg[36]_i_1_n_0
    SLICE_X93Y110        CARRY4 (Prop_carry4_CI_CO[3])
                                                      0.114    15.841 r  sidecar/weighted_s3_reg[40]_i_1/CO[3]
                         net (fo=1, routed)           0.000    15.841    sidecar/weighted_s3_reg[40]_i_1_n_0
    SLICE_X93Y111        CARRY4 (Prop_carry4_CI_CO[3])
                                                      0.114    15.955 r  sidecar/weighted_s3_reg[44]_i_1/CO[3]
                         net (fo=1, routed)           0.000    15.955    sidecar/weighted_s3_reg[44]_i_1_n_0
    SLICE_X93Y112        CARRY4 (Prop_carry4_CI_CO[3])
                                                      0.114    16.069 r  sidecar/weighted_s3_reg[48]_i_1/CO[3]
                         net (fo=1, routed)           0.000    16.069    sidecar/weighted_s3_reg[48]_i_1_n_0
    SLICE_X93Y113        CARRY4 (Prop_carry4_CI_CO[3])
                                                      0.114    16.183 r  sidecar/weighted_s3_reg[52]_i_1/CO[3]
                         net (fo=1, routed)           0.000    16.183    sidecar/weighted_s3_reg[52]_i_1_n_0
    SLICE_X93Y114        CARRY4 (Prop_carry4_CI_O[0])
                                                      0.223    16.406 r  sidecar/weighted_s3_reg[53]_i_1/O[0]
                         net (fo=1, routed)           0.000    16.406    sidecar/weighted_s3_reg[53]_i_1_n_7
    SLICE_X93Y114        FDRE                                         r  sidecar/weighted_s3_reg[53]/D
  -------------------------------------------------------------------    -------------------

                         (clock clk rise edge)       12.000    12.000 r  
    U14                                               0.000    12.000 r  clk (IN)
                         net (fo=0)                   0.000    12.000    clk
    U14                  IBUF (Prop_ibuf_I_O)         0.940    12.940 r  clk_IBUF_inst/O
                         net (fo=1, routed)           2.006    14.946    clk_IBUF
    BUFGCTRL_X0Y16       BUFG (Prop_bufg_I_O)         0.091    15.037 r  clk_IBUF_BUFG_inst/O
                         net (fo=701, routed)         1.775    16.812    sidecar/clk_IBUF_BUFG
    SLICE_X93Y114        FDRE                                         r  sidecar/weighted_s3_reg[53]/C
                         clock pessimism              0.514    17.326    
                         clock uncertainty           -0.035    17.290    
    SLICE_X93Y114        FDRE (Setup_fdre_C_D)        0.062    17.352    sidecar/weighted_s3_reg[53]
  -------------------------------------------------------------------
                         required time                         17.352    
                         arrival time                         -16.406    
  -------------------------------------------------------------------
                         slack                                  0.946    





Min Delay Paths
--------------------------------------------------------------------------------------
Slack (MET) :             0.083ns  (arrival time - required time)
  Source:                 sidecar/b_im_r_reg[2]/C
                            (rising edge-triggered cell FDRE clocked by clk  {rise@0.000ns fall@6.000ns period=12.000ns})
  Destination:            sidecar/lap_im_s2_reg[3]/D
                            (rising edge-triggered cell FDRE clocked by clk  {rise@0.000ns fall@6.000ns period=12.000ns})
  Path Group:             clk
  Path Type:              Hold (Min at Fast Process Corner)
  Requirement:            0.000ns  (clk rise@0.000ns - clk rise@0.000ns)
  Data Path Delay:        0.566ns  (logic 0.273ns (48.243%)  route 0.293ns (51.757%))
  Logic Levels:           2  (CARRY4=1 LUT4=1)
  Clock Path Skew:        0.349ns (DCD - SCD - CPR)
    Destination Clock Delay (DCD):    2.215ns
    Source Clock Delay      (SCD):    1.611ns
    Clock Pessimism Removal (CPR):    0.255ns

    Location             Delay type                Incr(ns)  Path(ns)    Netlist Resource(s)
  -------------------------------------------------------------------    -------------------
                         (clock clk rise edge)        0.000     0.000 r  
    U14                                               0.000     0.000 r  clk (IN)
                         net (fo=0)                   0.000     0.000    clk
    U14                  IBUF (Prop_ibuf_I_O)         0.302     0.302 r  clk_IBUF_inst/O
                         net (fo=1, routed)           0.674     0.976    clk_IBUF
    BUFGCTRL_X0Y16       BUFG (Prop_bufg_I_O)         0.026     1.002 r  clk_IBUF_BUFG_inst/O
                         net (fo=701, routed)         0.609     1.611    sidecar/clk_IBUF_BUFG
    SLICE_X98Y98         FDRE                                         r  sidecar/b_im_r_reg[2]/C
  -------------------------------------------------------------------    -------------------
    SLICE_X98Y98         FDRE (Prop_fdre_C_Q)         0.164     1.775 r  sidecar/b_im_r_reg[2]/Q
                         net (fo=5, routed)           0.293     2.068    sidecar/b_im_r[2]
    SLICE_X94Y104        LUT4 (Prop_lut4_I0_O)        0.045     2.113 r  sidecar/lap_im_s20_carry_i_3/O
                         net (fo=1, routed)           0.000     2.113    sidecar/lap_im_s20_carry_i_3_n_0
    SLICE_X94Y104        CARRY4 (Prop_carry4_S[3]_O[3])
                                                      0.064     2.177 r  sidecar/lap_im_s20_carry/O[3]
                         net (fo=1, routed)           0.000     2.177    sidecar/lap_im_s20[3]
    SLICE_X94Y104        FDRE                                         r  sidecar/lap_im_s2_reg[3]/D
  -------------------------------------------------------------------    -------------------

                         (clock clk rise edge)        0.000     0.000 r  
    U14                                               0.000     0.000 r  clk (IN)
                         net (fo=0)                   0.000     0.000    clk
    U14                  IBUF (Prop_ibuf_I_O)         0.492     0.492 r  clk_IBUF_inst/O
                         net (fo=1, routed)           0.731     1.223    clk_IBUF
    BUFGCTRL_X0Y16       BUFG (Prop_bufg_I_O)         0.029     1.252 r  clk_IBUF_BUFG_inst/O
                         net (fo=701, routed)         0.963     2.215    sidecar/clk_IBUF_BUFG
    SLICE_X94Y104        FDRE                                         r  sidecar/lap_im_s2_reg[3]/C
                         clock pessimism             -0.255     1.960    
    SLICE_X94Y104        FDRE (Hold_fdre_C_D)         0.134     2.094    sidecar/lap_im_s2_reg[3]
  -------------------------------------------------------------------
                         required time                         -2.094    
                         arrival time                           2.177    
  -------------------------------------------------------------------
                         slack                                  0.083    





Pulse Width Checks
--------------------------------------------------------------------------------------
Clock Name:         clk
Waveform(ns):       { 0.000 6.000 }
Period(ns):         12.000
Sources:            { clk }

Check Type        Corner  Lib Pin      Reference Pin  Required(ns)  Actual(ns)  Slack(ns)  Location       Pin
Min Period        n/a     DSP48E1/CLK  n/a            3.884         12.000      8.116      DSP48_X3Y41    sidecar/re_sq_s20/CLK
Low Pulse Width   Fast    FDRE/C       n/a            0.500         6.000       5.500      SLICE_X95Y99   sidecar/mode_r_reg[0]/C
High Pulse Width  Slow    FDCE/C       n/a            0.500         6.000       5.500      SLICE_X96Y111  active_reg/C



