qeic_real_integrated_pipelined_sidecar_impl_top.sv
qeic_real_integrated_pipelined_sidecar_rtl.sv
real_hybrid_integrated_pipelined_vivado_impl_evidence.json
vivado.stderr.log
vivado.stdout.log
vivado_impl.tcl
vivado_impl.xdc
vivado_timing_summary.rpt
vivado_utilization.rpt

****** Vivado v2019.1 (64-bit)
  **** SW Build 2552052 on Fri May 24 14:47:09 MDT 2019
  **** IP Build 2548770 on Fri May 24 18:01:18 MDT 2019
    ** Copyright 1986-2019 Xilinx, Inc. All Rights Reserved.

source vivado_impl.tcl
# set_msg_config -id {Common 17-55} -new_severity {INFO}
# read_verilog -sv qeic_real_integrated_pipelined_sidecar_rtl.sv
# read_verilog -sv qeic_real_integrated_pipelined_sidecar_impl_top.sv
# read_xdc vivado_impl.xdc
# synth_design -top qeic_real_integrated_pipelined_sidecar_impl_top -part xc7z020clg400-1
Command: synth_design -top qeic_real_integrated_pipelined_sidecar_impl_top -part xc7z020clg400-1
Starting synth_design
Attempting to get a license for feature 'Synthesis' and/or device 'xc7z020'
INFO: [Common 17-349] Got license for feature 'Synthesis' and/or device 'xc7z020'
INFO: [Device 21-403] Loading part xc7z020clg400-1
INFO: Launching helper process for spawning children vivado processes
INFO: Helper process launched with PID 101499 
---------------------------------------------------------------------------------
Starting RTL Elaboration : Time (s): cpu = 00:00:01 ; elapsed = 00:00:03 . Memory (MB): peak = 1702.477 ; gain = 155.707 ; free physical = 5869 ; free virtual = 22593
---------------------------------------------------------------------------------
INFO: [Synth 8-6157] synthesizing module 'qeic_real_integrated_pipelined_sidecar_impl_top' [/tmp/dse_real_hybrid_vivado_impl_hybrid_integrated_pipelined_sidecar_v2_47bebc25/qeic_real_integrated_pipelined_sidecar_impl_top.sv:1]
	Parameter HPSI_N bound to: 96 - type: integer 
	Parameter SUM_GRID bound to: 32 - type: integer 
	Parameter SUM_BANDS bound to: 4 - type: integer 
	Parameter SUM_SAMPLES bound to: 128 - type: integer 
	Parameter AXPY_N bound to: 64 - type: integer 
	Parameter TOTAL_SAMPLES bound to: 288 - type: integer 
	Parameter WIDTH bound to: 18 - type: integer 
	Parameter ACC_WIDTH bound to: 48 - type: integer 
	Parameter MODE_HPSI bound to: 2'b00 
	Parameter MODE_SUM_BAND bound to: 2'b01 
	Parameter MODE_AXPY bound to: 2'b10 
INFO: [Synth 8-6157] synthesizing module 'qeic_real_integrated_pipelined_sidecar_rtl' [/tmp/dse_real_hybrid_vivado_impl_hybrid_integrated_pipelined_sidecar_v2_47bebc25/qeic_real_integrated_pipelined_sidecar_rtl.sv:1]
	Parameter TOTAL_SAMPLES bound to: 288 - type: integer 
	Parameter WIDTH bound to: 18 - type: integer 
	Parameter ACC_WIDTH bound to: 48 - type: integer 
	Parameter ALPHA_RE bound to: 18'sb000000000011000000 
	Parameter ALPHA_IM bound to: 18'sb111111111111100000 
	Parameter MODE_HPSI bound to: 2'b00 
	Parameter MODE_SUM_BAND bound to: 2'b01 
	Parameter MODE_AXPY bound to: 2'b10 
WARNING: [Synth 8-6014] Unused sequential element stage1_valid_reg was removed.  [/tmp/dse_real_hybrid_vivado_impl_hybrid_integrated_pipelined_sidecar_v2_47bebc25/qeic_real_integrated_pipelined_sidecar_rtl.sv:84]
WARNING: [Synth 8-6014] Unused sequential element stage2_valid_reg was removed.  [/tmp/dse_real_hybrid_vivado_impl_hybrid_integrated_pipelined_sidecar_v2_47bebc25/qeic_real_integrated_pipelined_sidecar_rtl.sv:85]
WARNING: [Synth 8-6014] Unused sequential element stage3_valid_reg was removed.  [/tmp/dse_real_hybrid_vivado_impl_hybrid_integrated_pipelined_sidecar_v2_47bebc25/qeic_real_integrated_pipelined_sidecar_rtl.sv:86]
WARNING: [Synth 8-6014] Unused sequential element stage4_valid_reg was removed.  [/tmp/dse_real_hybrid_vivado_impl_hybrid_integrated_pipelined_sidecar_v2_47bebc25/qeic_real_integrated_pipelined_sidecar_rtl.sv:87]
WARNING: [Synth 8-6014] Unused sequential element abs_sq_s3_reg was removed.  [/tmp/dse_real_hybrid_vivado_impl_hybrid_integrated_pipelined_sidecar_v2_47bebc25/qeic_real_integrated_pipelined_sidecar_rtl.sv:151]
WARNING: [Synth 8-5788] Register mode_r_reg in module qeic_real_integrated_pipelined_sidecar_rtl is has both Set and reset with same priority. This may cause simulation mismatches. Consider rewriting code  [/tmp/dse_real_hybrid_vivado_impl_hybrid_integrated_pipelined_sidecar_v2_47bebc25/qeic_real_integrated_pipelined_sidecar_rtl.sv:112]
WARNING: [Synth 8-5788] Register band_first_r_reg in module qeic_real_integrated_pipelined_sidecar_rtl is has both Set and reset with same priority. This may cause simulation mismatches. Consider rewriting code  [/tmp/dse_real_hybrid_vivado_impl_hybrid_integrated_pipelined_sidecar_v2_47bebc25/qeic_real_integrated_pipelined_sidecar_rtl.sv:76]
WARNING: [Synth 8-5788] Register band_last_r_reg in module qeic_real_integrated_pipelined_sidecar_rtl is has both Set and reset with same priority. This may cause simulation mismatches. Consider rewriting code  [/tmp/dse_real_hybrid_vivado_impl_hybrid_integrated_pipelined_sidecar_v2_47bebc25/qeic_real_integrated_pipelined_sidecar_rtl.sv:114]
WARNING: [Synth 8-5788] Register a_re_r_reg in module qeic_real_integrated_pipelined_sidecar_rtl is has both Set and reset with same priority. This may cause simulation mismatches. Consider rewriting code  [/tmp/dse_real_hybrid_vivado_impl_hybrid_integrated_pipelined_sidecar_v2_47bebc25/qeic_real_integrated_pipelined_sidecar_rtl.sv:115]
WARNING: [Synth 8-5788] Register a_im_r_reg in module qeic_real_integrated_pipelined_sidecar_rtl is has both Set and reset with same priority. This may cause simulation mismatches. Consider rewriting code  [/tmp/dse_real_hybrid_vivado_impl_hybrid_integrated_pipelined_sidecar_v2_47bebc25/qeic_real_integrated_pipelined_sidecar_rtl.sv:116]
WARNING: [Synth 8-5788] Register b_re_r_reg in module qeic_real_integrated_pipelined_sidecar_rtl is has both Set and reset with same priority. This may cause simulation mismatches. Consider rewriting code  [/tmp/dse_real_hybrid_vivado_impl_hybrid_integrated_pipelined_sidecar_v2_47bebc25/qeic_real_integrated_pipelined_sidecar_rtl.sv:117]
WARNING: [Synth 8-5788] Register b_im_r_reg in module qeic_real_integrated_pipelined_sidecar_rtl is has both Set and reset with same priority. This may cause simulation mismatches. Consider rewriting code  [/tmp/dse_real_hybrid_vivado_impl_hybrid_integrated_pipelined_sidecar_v2_47bebc25/qeic_real_integrated_pipelined_sidecar_rtl.sv:118]
WARNING: [Synth 8-5788] Register c_re_r_reg in module qeic_real_integrated_pipelined_sidecar_rtl is has both Set and reset with same priority. This may cause simulation mismatches. Consider rewriting code  [/tmp/dse_real_hybrid_vivado_impl_hybrid_integrated_pipelined_sidecar_v2_47bebc25/qeic_real_integrated_pipelined_sidecar_rtl.sv:119]
WARNING: [Synth 8-5788] Register c_im_r_reg in module qeic_real_integrated_pipelined_sidecar_rtl is has both Set and reset with same priority. This may cause simulation mismatches. Consider rewriting code  [/tmp/dse_real_hybrid_vivado_impl_hybrid_integrated_pipelined_sidecar_v2_47bebc25/qeic_real_integrated_pipelined_sidecar_rtl.sv:120]
WARNING: [Synth 8-5788] Register weight_r_reg in module qeic_real_integrated_pipelined_sidecar_rtl is has both Set and reset with same priority. This may cause simulation mismatches. Consider rewriting code  [/tmp/dse_real_hybrid_vivado_impl_hybrid_integrated_pipelined_sidecar_v2_47bebc25/qeic_real_integrated_pipelined_sidecar_rtl.sv:121]
WARNING: [Synth 8-5788] Register y_re_r_reg in module qeic_real_integrated_pipelined_sidecar_rtl is has both Set and reset with same priority. This may cause simulation mismatches. Consider rewriting code  [/tmp/dse_real_hybrid_vivado_impl_hybrid_integrated_pipelined_sidecar_v2_47bebc25/qeic_real_integrated_pipelined_sidecar_rtl.sv:122]
WARNING: [Synth 8-5788] Register y_im_r_reg in module qeic_real_integrated_pipelined_sidecar_rtl is has both Set and reset with same priority. This may cause simulation mismatches. Consider rewriting code  [/tmp/dse_real_hybrid_vivado_impl_hybrid_integrated_pipelined_sidecar_v2_47bebc25/qeic_real_integrated_pipelined_sidecar_rtl.sv:123]
WARNING: [Synth 8-5788] Register lap_re_s2_reg in module qeic_real_integrated_pipelined_sidecar_rtl is has both Set and reset with same priority. This may cause simulation mismatches. Consider rewriting code  [/tmp/dse_real_hybrid_vivado_impl_hybrid_integrated_pipelined_sidecar_v2_47bebc25/qeic_real_integrated_pipelined_sidecar_rtl.sv:130]
WARNING: [Synth 8-5788] Register lap_im_s2_reg in module qeic_real_integrated_pipelined_sidecar_rtl is has both Set and reset with same priority. This may cause simulation mismatches. Consider rewriting code  [/tmp/dse_real_hybrid_vivado_impl_hybrid_integrated_pipelined_sidecar_v2_47bebc25/qeic_real_integrated_pipelined_sidecar_rtl.sv:133]
WARNING: [Synth 8-5788] Register vloc_re_s2_reg in module qeic_real_integrated_pipelined_sidecar_rtl is has both Set and reset with same priority. This may cause simulation mismatches. Consider rewriting code  [/tmp/dse_real_hybrid_vivado_impl_hybrid_integrated_pipelined_sidecar_v2_47bebc25/qeic_real_integrated_pipelined_sidecar_rtl.sv:136]
WARNING: [Synth 8-5788] Register vloc_im_s2_reg in module qeic_real_integrated_pipelined_sidecar_rtl is has both Set and reset with same priority. This may cause simulation mismatches. Consider rewriting code  [/tmp/dse_real_hybrid_vivado_impl_hybrid_integrated_pipelined_sidecar_v2_47bebc25/qeic_real_integrated_pipelined_sidecar_rtl.sv:137]
WARNING: [Synth 8-5788] Register re_sq_s2_reg in module qeic_real_integrated_pipelined_sidecar_rtl is has both Set and reset with same priority. This may cause simulation mismatches. Consider rewriting code  [/tmp/dse_real_hybrid_vivado_impl_hybrid_integrated_pipelined_sidecar_v2_47bebc25/qeic_real_integrated_pipelined_sidecar_rtl.sv:138]
WARNING: [Synth 8-5788] Register im_sq_s2_reg in module qeic_real_integrated_pipelined_sidecar_rtl is has both Set and reset with same priority. This may cause simulation mismatches. Consider rewriting code  [/tmp/dse_real_hybrid_vivado_impl_hybrid_integrated_pipelined_sidecar_v2_47bebc25/qeic_real_integrated_pipelined_sidecar_rtl.sv:139]
WARNING: [Synth 8-5788] Register weight_s2_reg in module qeic_real_integrated_pipelined_sidecar_rtl is has both Set and reset with same priority. This may cause simulation mismatches. Consider rewriting code  [/tmp/dse_real_hybrid_vivado_impl_hybrid_integrated_pipelined_sidecar_v2_47bebc25/qeic_real_integrated_pipelined_sidecar_rtl.sv:140]
WARNING: [Synth 8-5788] Register alpha_x_re_s2_reg in module qeic_real_integrated_pipelined_sidecar_rtl is has both Set and reset with same priority. This may cause simulation mismatches. Consider rewriting code  [/tmp/dse_real_hybrid_vivado_impl_hybrid_integrated_pipelined_sidecar_v2_47bebc25/qeic_real_integrated_pipelined_sidecar_rtl.sv:141]
WARNING: [Synth 8-5788] Register alpha_x_im_s2_reg in module qeic_real_integrated_pipelined_sidecar_rtl is has both Set and reset with same priority. This may cause simulation mismatches. Consider rewriting code  [/tmp/dse_real_hybrid_vivado_impl_hybrid_integrated_pipelined_sidecar_v2_47bebc25/qeic_real_integrated_pipelined_sidecar_rtl.sv:142]
WARNING: [Synth 8-5788] Register y_re_ext_s2_reg in module qeic_real_integrated_pipelined_sidecar_rtl is has both Set and reset with same priority. This may cause simulation mismatches. Consider rewriting code  [/tmp/dse_real_hybrid_vivado_impl_hybrid_integrated_pipelined_sidecar_v2_47bebc25/qeic_real_integrated_pipelined_sidecar_rtl.sv:143]
WARNING: [Synth 8-5788] Register y_im_ext_s2_reg in module qeic_real_integrated_pipelined_sidecar_rtl is has both Set and reset with same priority. This may cause simulation mismatches. Consider rewriting code  [/tmp/dse_real_hybrid_vivado_impl_hybrid_integrated_pipelined_sidecar_v2_47bebc25/qeic_real_integrated_pipelined_sidecar_rtl.sv:144]
WARNING: [Synth 8-5788] Register hpsi_re_s3_reg in module qeic_real_integrated_pipelined_sidecar_rtl is has both Set and reset with same priority. This may cause simulation mismatches. Consider rewriting code  [/tmp/dse_real_hybrid_vivado_impl_hybrid_integrated_pipelined_sidecar_v2_47bebc25/qeic_real_integrated_pipelined_sidecar_rtl.sv:149]
WARNING: [Synth 8-5788] Register hpsi_im_s3_reg in module qeic_real_integrated_pipelined_sidecar_rtl is has both Set and reset with same priority. This may cause simulation mismatches. Consider rewriting code  [/tmp/dse_real_hybrid_vivado_impl_hybrid_integrated_pipelined_sidecar_v2_47bebc25/qeic_real_integrated_pipelined_sidecar_rtl.sv:150]
WARNING: [Synth 8-5788] Register weighted_s3_reg in module qeic_real_integrated_pipelined_sidecar_rtl is has both Set and reset with same priority. This may cause simulation mismatches. Consider rewriting code  [/tmp/dse_real_hybrid_vivado_impl_hybrid_integrated_pipelined_sidecar_v2_47bebc25/qeic_real_integrated_pipelined_sidecar_rtl.sv:75]
WARNING: [Synth 8-5788] Register axpy_re_s3_reg in module qeic_real_integrated_pipelined_sidecar_rtl is has both Set and reset with same priority. This may cause simulation mismatches. Consider rewriting code  [/tmp/dse_real_hybrid_vivado_impl_hybrid_integrated_pipelined_sidecar_v2_47bebc25/qeic_real_integrated_pipelined_sidecar_rtl.sv:153]
WARNING: [Synth 8-5788] Register axpy_im_s3_reg in module qeic_real_integrated_pipelined_sidecar_rtl is has both Set and reset with same priority. This may cause simulation mismatches. Consider rewriting code  [/tmp/dse_real_hybrid_vivado_impl_hybrid_integrated_pipelined_sidecar_v2_47bebc25/qeic_real_integrated_pipelined_sidecar_rtl.sv:154]
INFO: [Synth 8-6155] done synthesizing module 'qeic_real_integrated_pipelined_sidecar_rtl' (1#1) [/tmp/dse_real_hybrid_vivado_impl_hybrid_integrated_pipelined_sidecar_v2_47bebc25/qeic_real_integrated_pipelined_sidecar_rtl.sv:1]
INFO: [Synth 8-6155] done synthesizing module 'qeic_real_integrated_pipelined_sidecar_impl_top' (2#1) [/tmp/dse_real_hybrid_vivado_impl_hybrid_integrated_pipelined_sidecar_v2_47bebc25/qeic_real_integrated_pipelined_sidecar_impl_top.sv:1]
---------------------------------------------------------------------------------
Finished RTL Elaboration : Time (s): cpu = 00:00:02 ; elapsed = 00:00:04 . Memory (MB): peak = 1756.230 ; gain = 209.461 ; free physical = 5892 ; free virtual = 22616
---------------------------------------------------------------------------------

Report Check Netlist: 
+------+------------------+-------+---------+-------+------------------+
|      |Item              |Errors |Warnings |Status |Description       |
+------+------------------+-------+---------+-------+------------------+
|1     |multi_driven_nets |      0|        0|Passed |Multi driven nets |
+------+------------------+-------+---------+-------+------------------+
---------------------------------------------------------------------------------
Start Handling Custom Attributes
---------------------------------------------------------------------------------
---------------------------------------------------------------------------------
Finished Handling Custom Attributes : Time (s): cpu = 00:00:02 ; elapsed = 00:00:04 . Memory (MB): peak = 1759.195 ; gain = 212.426 ; free physical = 5888 ; free virtual = 22613
---------------------------------------------------------------------------------
---------------------------------------------------------------------------------
Finished RTL Optimization Phase 1 : Time (s): cpu = 00:00:02 ; elapsed = 00:00:04 . Memory (MB): peak = 1759.195 ; gain = 212.426 ; free physical = 5888 ; free virtual = 22613
---------------------------------------------------------------------------------
INFO: [Project 1-570] Preparing netlist for logic optimization

Processing XDC Constraints
Initializing timing engine
Parsing XDC File [/tmp/dse_real_hybrid_vivado_impl_hybrid_integrated_pipelined_sidecar_v2_47bebc25/vivado_impl.xdc]
Finished Parsing XDC File [/tmp/dse_real_hybrid_vivado_impl_hybrid_integrated_pipelined_sidecar_v2_47bebc25/vivado_impl.xdc]
Completed Processing XDC Constraints

Netlist sorting complete. Time (s): cpu = 00:00:00 ; elapsed = 00:00:00 . Memory (MB): peak = 1940.883 ; gain = 0.000 ; free physical = 5753 ; free virtual = 22477
INFO: [Project 1-111] Unisim Transformation Summary:
No Unisim elements were transformed.

Constraint Validation Runtime : Time (s): cpu = 00:00:00.01 ; elapsed = 00:00:00.01 . Memory (MB): peak = 1940.883 ; gain = 0.000 ; free physical = 5753 ; free virtual = 22477
---------------------------------------------------------------------------------
Finished Constraint Validation : Time (s): cpu = 00:00:05 ; elapsed = 00:00:08 . Memory (MB): peak = 1940.883 ; gain = 394.113 ; free physical = 5868 ; free virtual = 22592
---------------------------------------------------------------------------------
---------------------------------------------------------------------------------
Start Loading Part and Timing Information
---------------------------------------------------------------------------------
Loading part: xc7z020clg400-1
---------------------------------------------------------------------------------
Finished Loading Part and Timing Information : Time (s): cpu = 00:00:05 ; elapsed = 00:00:08 . Memory (MB): peak = 1940.883 ; gain = 394.113 ; free physical = 5868 ; free virtual = 22592
---------------------------------------------------------------------------------
---------------------------------------------------------------------------------
Start Applying 'set_property' XDC Constraints
---------------------------------------------------------------------------------
---------------------------------------------------------------------------------
Finished applying 'set_property' XDC Constraints : Time (s): cpu = 00:00:05 ; elapsed = 00:00:08 . Memory (MB): peak = 1940.883 ; gain = 394.113 ; free physical = 5868 ; free virtual = 22592
---------------------------------------------------------------------------------
---------------------------------------------------------------------------------
Finished RTL Optimization Phase 2 : Time (s): cpu = 00:00:05 ; elapsed = 00:00:08 . Memory (MB): peak = 1940.883 ; gain = 394.113 ; free physical = 5859 ; free virtual = 22584
---------------------------------------------------------------------------------

Report RTL Partitions: 
+-+--------------+------------+----------+
| |RTL Partition |Replication |Instances |
+-+--------------+------------+----------+
+-+--------------+------------+----------+
---------------------------------------------------------------------------------
Start RTL Component Statistics 
---------------------------------------------------------------------------------
Detailed RTL Component Info : 
+---Adders : 
	   2 Input     48 Bit       Adders := 4     
	   4 Input     48 Bit       Adders := 3     
	   3 Input     48 Bit       Adders := 2     
	   2 Input     36 Bit       Adders := 1     
	   2 Input     18 Bit       Adders := 6     
	   2 Input      5 Bit       Adders := 2     
+---Registers : 
	               66 Bit    Registers := 1     
	               48 Bit    Registers := 15    
	               36 Bit    Registers := 4     
	               18 Bit    Registers := 10    
	                3 Bit    Registers := 1     
	                2 Bit    Registers := 1     
	                1 Bit    Registers := 9     
+---Multipliers : 
	                18x36  Multipliers := 1     
+---Muxes : 
	   2 Input     48 Bit        Muxes := 6     
	   4 Input     48 Bit        Muxes := 3     
	   5 Input      2 Bit        Muxes := 1     
	   2 Input      2 Bit        Muxes := 1     
	   4 Input      1 Bit        Muxes := 2     
	   2 Input      1 Bit        Muxes := 15    
	   3 Input      1 Bit        Muxes := 5     
	   6 Input      1 Bit        Muxes := 1     
---------------------------------------------------------------------------------
Finished RTL Component Statistics 
---------------------------------------------------------------------------------
---------------------------------------------------------------------------------
Start RTL Hierarchical Component Statistics 
---------------------------------------------------------------------------------
Hierarchical RTL Component report 
Module qeic_real_integrated_pipelined_sidecar_impl_top 
Detailed RTL Component Info : 
+---Adders : 
	   4 Input     48 Bit       Adders := 1     
	   2 Input     18 Bit       Adders := 6     
	   2 Input      5 Bit       Adders := 2     
+---Registers : 
	               48 Bit    Registers := 1     
	                1 Bit    Registers := 3     
+---Muxes : 
	   2 Input     48 Bit        Muxes := 1     
	   2 Input      2 Bit        Muxes := 1     
	   2 Input      1 Bit        Muxes := 3     
Module qeic_real_integrated_pipelined_sidecar_rtl 
Detailed RTL Component Info : 
+---Adders : 
	   2 Input     48 Bit       Adders := 4     
	   4 Input     48 Bit       Adders := 2     
	   3 Input     48 Bit       Adders := 2     
	   2 Input     36 Bit       Adders := 1     
+---Registers : 
	               66 Bit    Registers := 1     
	               48 Bit    Registers := 14    
	               36 Bit    Registers := 4     
	               18 Bit    Registers := 10    
	                3 Bit    Registers := 1     
	                2 Bit    Registers := 1     
	                1 Bit    Registers := 6     
+---Multipliers : 
	                18x36  Multipliers := 1     
+---Muxes : 
	   2 Input     48 Bit        Muxes := 5     
	   4 Input     48 Bit        Muxes := 3     
	   5 Input      2 Bit        Muxes := 1     
	   4 Input      1 Bit        Muxes := 2     
	   2 Input      1 Bit        Muxes := 12    
	   3 Input      1 Bit        Muxes := 5     
	   6 Input      1 Bit        Muxes := 1     
---------------------------------------------------------------------------------
Finished RTL Hierarchical Component Statistics
---------------------------------------------------------------------------------
---------------------------------------------------------------------------------
Start Part Resource Summary
---------------------------------------------------------------------------------
Part Resources:
DSPs: 220 (col length:60)
BRAMs: 280 (col length: RAMB18 60 RAMB36 30)
---------------------------------------------------------------------------------
Finished Part Resource Summary
---------------------------------------------------------------------------------
---------------------------------------------------------------------------------
Start Cross Boundary and Area Optimization
---------------------------------------------------------------------------------
Warning: Parallel synthesis criteria is not met 
INFO: [Synth 8-5845] Not enough pipeline registers after wide multiplier. Recommended levels of pipeline registers is 3 [/tmp/dse_real_hybrid_vivado_impl_hybrid_integrated_pipelined_sidecar_v2_47bebc25/qeic_real_integrated_pipelined_sidecar_rtl.sv:152]
DSP Report: Generating DSP alpha_x_re_s21, operation Mode is: A*(B:0xc0).
DSP Report: operator alpha_x_re_s21 is absorbed into DSP alpha_x_re_s21.
DSP Report: Generating DSP vloc_re_s20, operation Mode is: A*B.
DSP Report: operator vloc_re_s20 is absorbed into DSP vloc_re_s20.
DSP Report: Generating DSP alpha_x_im_s21, operation Mode is: A*(B:0xc0).
DSP Report: operator alpha_x_im_s21 is absorbed into DSP alpha_x_im_s21.
DSP Report: Generating DSP vloc_im_s20, operation Mode is: A*B.
DSP Report: operator vloc_im_s20 is absorbed into DSP vloc_im_s20.
DSP Report: Generating DSP im_sq_s20, operation Mode is: A*B.
DSP Report: operator im_sq_s20 is absorbed into DSP im_sq_s20.
DSP Report: Generating DSP re_sq_s20, operation Mode is: A*B.
DSP Report: operator re_sq_s20 is absorbed into DSP re_sq_s20.
DSP Report: Generating DSP weighted_s30, operation Mode is: A*B.
DSP Report: operator weighted_s30 is absorbed into DSP weighted_s30.
DSP Report: operator weighted_s30 is absorbed into DSP weighted_s30.
DSP Report: Generating DSP weighted_s30, operation Mode is: (PCIN>>17)+A*B.
DSP Report: operator weighted_s30 is absorbed into DSP weighted_s30.
DSP Report: operator weighted_s30 is absorbed into DSP weighted_s30.
INFO: [Synth 8-3886] merging instance 'sidecar/weight_r_reg[0]' (FDE) to 'sidecar/b_re_r_reg[1]'
INFO: [Synth 8-3886] merging instance 'sidecar/weight_r_reg[1]' (FDE) to 'sidecar/b_re_r_reg[2]'
INFO: [Synth 8-3886] merging instance 'sidecar/weight_r_reg[2]' (FDE) to 'sidecar/y_im_r_reg[2]'
INFO: [Synth 8-3886] merging instance 'sidecar/weight_r_reg[3]' (FDE) to 'sidecar/a_re_r_reg[3]'
INFO: [Synth 8-3886] merging instance 'sidecar/weight_r_reg[4]' (FDE) to 'sidecar/a_re_r_reg[4]'
INFO: [Synth 8-3886] merging instance 'sidecar/weight_r_reg[6]' (FDE) to 'sidecar/c_im_r_reg[17]'
INFO: [Synth 8-3886] merging instance 'sidecar/weight_r_reg[7]' (FDE) to 'sidecar/c_re_r_reg[17]'
INFO: [Synth 8-3886] merging instance 'sidecar/weight_r_reg[8]' (FDE) to 'sidecar/c_re_r_reg[17]'
INFO: [Synth 8-3886] merging instance 'sidecar/weight_r_reg[9]' (FDE) to 'sidecar/c_re_r_reg[17]'
INFO: [Synth 8-3886] merging instance 'sidecar/weight_r_reg[10]' (FDE) to 'sidecar/c_re_r_reg[17]'
INFO: [Synth 8-3886] merging instance 'sidecar/weight_r_reg[11]' (FDE) to 'sidecar/c_re_r_reg[17]'
INFO: [Synth 8-3886] merging instance 'sidecar/weight_r_reg[12]' (FDE) to 'sidecar/c_re_r_reg[17]'
INFO: [Synth 8-3886] merging instance 'sidecar/weight_r_reg[13]' (FDE) to 'sidecar/c_re_r_reg[17]'
INFO: [Synth 8-3886] merging instance 'sidecar/weight_r_reg[14]' (FDE) to 'sidecar/c_re_r_reg[17]'
INFO: [Synth 8-3886] merging instance 'sidecar/weight_r_reg[15]' (FDE) to 'sidecar/c_re_r_reg[17]'
INFO: [Synth 8-3886] merging instance 'sidecar/weight_r_reg[16]' (FDE) to 'sidecar/c_re_r_reg[17]'
INFO: [Synth 8-3886] merging instance 'sidecar/weight_r_reg[17]' (FDE) to 'sidecar/c_re_r_reg[17]'
INFO: [Synth 8-3886] merging instance 'sidecar/y_im_r_reg[0]' (FDE) to 'sidecar/b_im_r_reg[0]'
INFO: [Synth 8-3886] merging instance 'sidecar/y_im_r_reg[2]' (FDE) to 'sidecar/b_re_r_reg[3]'
INFO: [Synth 8-3886] merging instance 'sidecar/y_im_r_reg[4]' (FDE) to 'sidecar/c_im_r_reg[17]'
INFO: [Synth 8-3886] merging instance 'sidecar/y_im_r_reg[5]' (FDE) to 'sidecar/c_im_r_reg[17]'
INFO: [Synth 8-3886] merging instance 'sidecar/y_im_r_reg[6]' (FDE) to 'sidecar/c_im_r_reg[17]'
INFO: [Synth 8-3886] merging instance 'sidecar/y_im_r_reg[7]' (FDE) to 'sidecar/c_im_r_reg[17]'
INFO: [Synth 8-3886] merging instance 'sidecar/y_im_r_reg[8]' (FDE) to 'sidecar/c_im_r_reg[17]'
INFO: [Synth 8-3886] merging instance 'sidecar/y_im_r_reg[9]' (FDE) to 'sidecar/c_im_r_reg[17]'
INFO: [Synth 8-3886] merging instance 'sidecar/y_im_r_reg[10]' (FDE) to 'sidecar/c_im_r_reg[17]'
INFO: [Synth 8-3886] merging instance 'sidecar/y_im_r_reg[11]' (FDE) to 'sidecar/c_im_r_reg[17]'
INFO: [Synth 8-3886] merging instance 'sidecar/y_im_r_reg[12]' (FDE) to 'sidecar/c_im_r_reg[17]'
INFO: [Synth 8-3886] merging instance 'sidecar/y_im_r_reg[13]' (FDE) to 'sidecar/c_im_r_reg[17]'
INFO: [Synth 8-3886] merging instance 'sidecar/y_im_r_reg[14]' (FDE) to 'sidecar/c_im_r_reg[17]'
INFO: [Synth 8-3886] merging instance 'sidecar/y_im_r_reg[15]' (FDE) to 'sidecar/c_im_r_reg[17]'
INFO: [Synth 8-3886] merging instance 'sidecar/y_im_r_reg[16]' (FDE) to 'sidecar/c_im_r_reg[17]'
INFO: [Synth 8-3886] merging instance 'sidecar/y_im_r_reg[17]' (FDE) to 'sidecar/c_im_r_reg[17]'
INFO: [Synth 8-3886] merging instance 'sidecar/b_im_r_reg[0]' (FDE) to 'sidecar/y_re_r_reg[0]'
INFO: [Synth 8-3886] merging instance 'sidecar/c_im_r_reg[17]' (FDE) to 'sidecar/b_im_r_reg[17]'
INFO: [Synth 8-3886] merging instance 'sidecar/b_im_r_reg[17]' (FDE) to 'sidecar/a_im_r_reg[17]'
INFO: [Synth 8-3886] merging instance 'sidecar/y_re_r_reg[4]' (FDE) to 'sidecar/c_re_r_reg[17]'
INFO: [Synth 8-3886] merging instance 'sidecar/y_re_r_reg[5]' (FDE) to 'sidecar/c_re_r_reg[17]'
INFO: [Synth 8-3886] merging instance 'sidecar/y_re_r_reg[6]' (FDE) to 'sidecar/c_re_r_reg[17]'
INFO: [Synth 8-3886] merging instance 'sidecar/y_re_r_reg[7]' (FDE) to 'sidecar/c_re_r_reg[17]'
INFO: [Synth 8-3886] merging instance 'sidecar/y_re_r_reg[8]' (FDE) to 'sidecar/c_re_r_reg[17]'
INFO: [Synth 8-3886] merging instance 'sidecar/y_re_r_reg[9]' (FDE) to 'sidecar/c_re_r_reg[17]'
INFO: [Synth 8-3886] merging instance 'sidecar/y_re_r_reg[10]' (FDE) to 'sidecar/c_re_r_reg[17]'
INFO: [Synth 8-3886] merging instance 'sidecar/y_re_r_reg[11]' (FDE) to 'sidecar/c_re_r_reg[17]'
INFO: [Synth 8-3886] merging instance 'sidecar/y_re_r_reg[12]' (FDE) to 'sidecar/c_re_r_reg[17]'
INFO: [Synth 8-3886] merging instance 'sidecar/y_re_r_reg[13]' (FDE) to 'sidecar/c_re_r_reg[17]'
INFO: [Synth 8-3886] merging instance 'sidecar/y_re_r_reg[14]' (FDE) to 'sidecar/c_re_r_reg[17]'
INFO: [Synth 8-3886] merging instance 'sidecar/y_re_r_reg[15]' (FDE) to 'sidecar/c_re_r_reg[17]'
INFO: [Synth 8-3886] merging instance 'sidecar/y_re_r_reg[16]' (FDE) to 'sidecar/c_re_r_reg[17]'
INFO: [Synth 8-3886] merging instance 'sidecar/y_re_r_reg[17]' (FDE) to 'sidecar/c_re_r_reg[17]'
INFO: [Synth 8-3333] propagating constant 1 across sequential element (\sidecar/a_im_r_reg[17] )
INFO: [Synth 8-3886] merging instance 'sidecar/a_re_r_reg[0]' (FDE) to 'sidecar/b_re_r_reg[1]'
INFO: [Synth 8-3886] merging instance 'sidecar/a_re_r_reg[1]' (FDE) to 'sidecar/b_re_r_reg[2]'
INFO: [Synth 8-3886] merging instance 'sidecar/b_re_r_reg[0]' (FDE) to 'sidecar/c_re_r_reg[17]'
INFO: [Synth 8-3886] merging instance 'sidecar/a_re_r_reg[2]' (FDE) to 'sidecar/b_re_r_reg[3]'
INFO: [Synth 8-3886] merging instance 'sidecar/a_re_r_reg[17]' (FDE) to 'sidecar/c_re_r_reg[17]'
INFO: [Synth 8-3886] merging instance 'sidecar/c_re_r_reg[17]' (FDE) to 'sidecar/b_re_r_reg[17]'
INFO: [Synth 8-3333] propagating constant 0 across sequential element (\sidecar/b_re_r_reg[17] )
INFO: [Synth 8-3886] merging instance 'sidecar/weight_s2_reg[2]' (FDE) to 'sidecar/y_im_ext_s2_reg[10]'
INFO: [Synth 8-3886] merging instance 'sidecar/weight_s2_reg[6]' (FDE) to 'sidecar/y_im_ext_s2_reg[12]'
INFO: [Synth 8-3886] merging instance 'sidecar/weight_s2_reg[7]' (FDE) to 'sidecar/weight_s2_reg[8]'
INFO: [Synth 8-3886] merging instance 'sidecar/weight_s2_reg[8]' (FDE) to 'sidecar/weight_s2_reg[9]'
INFO: [Synth 8-3886] merging instance 'sidecar/weight_s2_reg[9]' (FDE) to 'sidecar/weight_s2_reg[10]'
INFO: [Synth 8-3886] merging instance 'sidecar/weight_s2_reg[10]' (FDE) to 'sidecar/weight_s2_reg[11]'
INFO: [Synth 8-3886] merging instance 'sidecar/weight_s2_reg[11]' (FDE) to 'sidecar/weight_s2_reg[12]'
INFO: [Synth 8-3886] merging instance 'sidecar/weight_s2_reg[12]' (FDE) to 'sidecar/weight_s2_reg[13]'
INFO: [Synth 8-3886] merging instance 'sidecar/weight_s2_reg[13]' (FDE) to 'sidecar/weight_s2_reg[14]'
INFO: [Synth 8-3886] merging instance 'sidecar/weight_s2_reg[14]' (FDE) to 'sidecar/weight_s2_reg[15]'
INFO: [Synth 8-3886] merging instance 'sidecar/weight_s2_reg[15]' (FDE) to 'sidecar/weight_s2_reg[16]'
INFO: [Synth 8-3886] merging instance 'sidecar/weight_s2_reg[16]' (FDE) to 'sidecar/weight_s2_reg[17]'
INFO: [Synth 8-3886] merging instance 'sidecar/weight_s2_reg[17]' (FDE) to 'sidecar/y_im_ext_s2_reg[0]'
INFO: [Synth 8-3886] merging instance 'sidecar/y_im_ext_s2_reg[0]' (FDE) to 'sidecar/y_im_ext_s2_reg[1]'
INFO: [Synth 8-3886] merging instance 'sidecar/y_im_ext_s2_reg[1]' (FDE) to 'sidecar/y_im_ext_s2_reg[2]'
INFO: [Synth 8-3886] merging instance 'sidecar/y_im_ext_s2_reg[2]' (FDE) to 'sidecar/y_im_ext_s2_reg[3]'
INFO: [Synth 8-3886] merging instance 'sidecar/y_im_ext_s2_reg[3]' (FDE) to 'sidecar/y_im_ext_s2_reg[4]'
INFO: [Synth 8-3886] merging instance 'sidecar/y_im_ext_s2_reg[4]' (FDE) to 'sidecar/y_im_ext_s2_reg[5]'
INFO: [Synth 8-3886] merging instance 'sidecar/y_im_ext_s2_reg[5]' (FDE) to 'sidecar/y_im_ext_s2_reg[6]'
INFO: [Synth 8-3886] merging instance 'sidecar/y_im_ext_s2_reg[6]' (FDE) to 'sidecar/y_im_ext_s2_reg[7]'
INFO: [Synth 8-3886] merging instance 'sidecar/y_im_ext_s2_reg[7]' (FDE) to 'sidecar/y_re_ext_s2_reg[0]'
INFO: [Synth 8-3886] merging instance 'sidecar/y_im_ext_s2_reg[8]' (FDE) to 'sidecar/y_re_ext_s2_reg[8]'
INFO: [Synth 8-3886] merging instance 'sidecar/y_im_ext_s2_reg[12]' (FDE) to 'sidecar/y_im_ext_s2_reg[13]'
INFO: [Synth 8-3886] merging instance 'sidecar/y_im_ext_s2_reg[13]' (FDE) to 'sidecar/y_im_ext_s2_reg[14]'
INFO: [Synth 8-3886] merging instance 'sidecar/y_im_ext_s2_reg[14]' (FDE) to 'sidecar/y_im_ext_s2_reg[15]'
INFO: [Synth 8-3886] merging instance 'sidecar/y_im_ext_s2_reg[15]' (FDE) to 'sidecar/y_im_ext_s2_reg[16]'
INFO: [Synth 8-3886] merging instance 'sidecar/y_im_ext_s2_reg[16]' (FDE) to 'sidecar/y_im_ext_s2_reg[17]'
INFO: [Synth 8-3886] merging instance 'sidecar/y_im_ext_s2_reg[17]' (FDE) to 'sidecar/y_im_ext_s2_reg[18]'
INFO: [Synth 8-3886] merging instance 'sidecar/y_im_ext_s2_reg[18]' (FDE) to 'sidecar/y_im_ext_s2_reg[19]'
INFO: [Synth 8-3886] merging instance 'sidecar/y_im_ext_s2_reg[19]' (FDE) to 'sidecar/y_im_ext_s2_reg[20]'
INFO: [Synth 8-3886] merging instance 'sidecar/y_im_ext_s2_reg[20]' (FDE) to 'sidecar/y_im_ext_s2_reg[21]'
INFO: [Synth 8-3886] merging instance 'sidecar/y_im_ext_s2_reg[21]' (FDE) to 'sidecar/y_im_ext_s2_reg[22]'
INFO: [Synth 8-3886] merging instance 'sidecar/y_im_ext_s2_reg[22]' (FDE) to 'sidecar/y_im_ext_s2_reg[23]'
INFO: [Synth 8-3886] merging instance 'sidecar/y_im_ext_s2_reg[23]' (FDE) to 'sidecar/y_im_ext_s2_reg[24]'
INFO: [Synth 8-3886] merging instance 'sidecar/y_im_ext_s2_reg[24]' (FDE) to 'sidecar/y_im_ext_s2_reg[25]'
INFO: [Synth 8-3886] merging instance 'sidecar/y_im_ext_s2_reg[25]' (FDE) to 'sidecar/y_im_ext_s2_reg[26]'
INFO: [Synth 8-3886] merging instance 'sidecar/alpha_x_im_s2_reg[25]' (FDE) to 'sidecar/alpha_x_im_s2_reg[26]'
INFO: [Synth 8-3886] merging instance 'sidecar/y_im_ext_s2_reg[26]' (FDE) to 'sidecar/y_im_ext_s2_reg[27]'
INFO: [Synth 8-3886] merging instance 'sidecar/alpha_x_im_s2_reg[26]' (FDE) to 'sidecar/alpha_x_im_s2_reg[27]'
INFO: [Synth 8-3886] merging instance 'sidecar/y_im_ext_s2_reg[27]' (FDE) to 'sidecar/y_im_ext_s2_reg[28]'
INFO: [Synth 8-3886] merging instance 'sidecar/alpha_x_im_s2_reg[27]' (FDE) to 'sidecar/alpha_x_im_s2_reg[28]'
INFO: [Synth 8-3886] merging instance 'sidecar/y_im_ext_s2_reg[28]' (FDE) to 'sidecar/y_im_ext_s2_reg[29]'
INFO: [Synth 8-3886] merging instance 'sidecar/alpha_x_im_s2_reg[28]' (FDE) to 'sidecar/alpha_x_im_s2_reg[29]'
INFO: [Synth 8-3886] merging instance 'sidecar/y_im_ext_s2_reg[29]' (FDE) to 'sidecar/y_im_ext_s2_reg[30]'
INFO: [Common 17-14] Message 'Synth 8-3886' appears 100 times and further instances of the messages will be disabled. Use the Tcl command set_msg_config to change the current settings.
INFO: [Synth 8-3333] propagating constant 0 across sequential element (\sidecar/weighted_s3_reg[65] )
INFO: [Synth 8-3333] propagating constant 0 across sequential element (\sidecar/phase_reg[2] )
INFO: [Synth 8-3333] propagating constant 1 across sequential element (\sidecar/y_im_ext_s2_reg[47] )
INFO: [Synth 8-3333] propagating constant 0 across sequential element (\sidecar/y_re_ext_s2_reg[47] )
---------------------------------------------------------------------------------
Finished Cross Boundary and Area Optimization : Time (s): cpu = 00:00:06 ; elapsed = 00:00:10 . Memory (MB): peak = 1940.883 ; gain = 394.113 ; free physical = 5838 ; free virtual = 22566
---------------------------------------------------------------------------------
---------------------------------------------------------------------------------
Start ROM, RAM, DSP and Shift Register Reporting
---------------------------------------------------------------------------------

DSP: Preliminary Mapping  Report (see note below)
+-------------------------------------------+----------------+--------+--------+--------+--------+--------+------+------+------+------+-------+------+------+
|Module Name                                | DSP Mapping    | A Size | B Size | C Size | D Size | P Size | AREG | BREG | CREG | DREG | ADREG | MREG | PREG | 
+-------------------------------------------+----------------+--------+--------+--------+--------+--------+------+------+------+------+-------+------+------+
|qeic_real_integrated_pipelined_sidecar_rtl | A*(B:0xc0)     | 18     | 9      | -      | -      | 27     | 0    | 0    | -    | -    | -     | 0    | 0    | 
|qeic_real_integrated_pipelined_sidecar_rtl | A*B            | 18     | 18     | -      | -      | 36     | 0    | 0    | -    | -    | -     | 0    | 0    | 
|qeic_real_integrated_pipelined_sidecar_rtl | A*(B:0xc0)     | 18     | 9      | -      | -      | 27     | 0    | 0    | -    | -    | -     | 0    | 0    | 
|qeic_real_integrated_pipelined_sidecar_rtl | A*B            | 18     | 18     | -      | -      | 36     | 0    | 0    | -    | -    | -     | 0    | 0    | 
|qeic_real_integrated_pipelined_sidecar_rtl | A*B            | 18     | 18     | -      | -      | 36     | 0    | 0    | -    | -    | -     | 0    | 0    | 
|qeic_real_integrated_pipelined_sidecar_rtl | A*B            | 18     | 18     | -      | -      | 36     | 0    | 0    | -    | -    | -     | 0    | 0    | 
|qeic_real_integrated_pipelined_sidecar_rtl | A*B            | 19     | 18     | -      | -      | 48     | 0    | 0    | -    | -    | -     | 0    | 0    | 
|qeic_real_integrated_pipelined_sidecar_rtl | (PCIN>>17)+A*B | 19     | 18     | -      | -      | 48     | 0    | 0    | -    | -    | -     | 0    | 0    | 
+-------------------------------------------+----------------+--------+--------+--------+--------+--------+------+------+------+------+-------+------+------+

Note: The table above is a preliminary report that shows the DSPs inferred at the current stage of the synthesis flow. Some DSP may be reimplemented as non DSP primitives later in the synthesis flow. Multiple instantiated DSPs are reported only once.
---------------------------------------------------------------------------------
Finished ROM, RAM, DSP and Shift Register Reporting
---------------------------------------------------------------------------------

Report RTL Partitions: 
+-+--------------+------------+----------+
| |RTL Partition |Replication |Instances |
+-+--------------+------------+----------+
+-+--------------+------------+----------+
---------------------------------------------------------------------------------
Start Applying XDC Timing Constraints
---------------------------------------------------------------------------------
---------------------------------------------------------------------------------
Finished Applying XDC Timing Constraints : Time (s): cpu = 00:00:09 ; elapsed = 00:00:13 . Memory (MB): peak = 1940.883 ; gain = 394.113 ; free physical = 5668 ; free virtual = 22396
---------------------------------------------------------------------------------
---------------------------------------------------------------------------------
Start Timing Optimization
---------------------------------------------------------------------------------
---------------------------------------------------------------------------------
Finished Timing Optimization : Time (s): cpu = 00:00:09 ; elapsed = 00:00:13 . Memory (MB): peak = 1940.883 ; gain = 394.113 ; free physical = 5665 ; free virtual = 22393
---------------------------------------------------------------------------------

Report RTL Partitions: 
+-+--------------+------------+----------+
| |RTL Partition |Replication |Instances |
+-+--------------+------------+----------+
+-+--------------+------------+----------+
---------------------------------------------------------------------------------
Start Technology Mapping
---------------------------------------------------------------------------------
INFO: [Synth 8-5844] Detected registers with asynchronous reset at DSP/BRAM block boundary. Consider using synchronous reset for optimal packing [/tmp/dse_real_hybrid_vivado_impl_hybrid_integrated_pipelined_sidecar_v2_47bebc25/qeic_real_integrated_pipelined_sidecar_impl_top.sv:104]
INFO: [Synth 8-5844] Detected registers with asynchronous reset at DSP/BRAM block boundary. Consider using synchronous reset for optimal packing [/tmp/dse_real_hybrid_vivado_impl_hybrid_integrated_pipelined_sidecar_v2_47bebc25/qeic_real_integrated_pipelined_sidecar_impl_top.sv:104]
INFO: [Synth 8-5844] Detected registers with asynchronous reset at DSP/BRAM block boundary. Consider using synchronous reset for optimal packing [/tmp/dse_real_hybrid_vivado_impl_hybrid_integrated_pipelined_sidecar_v2_47bebc25/qeic_real_integrated_pipelined_sidecar_impl_top.sv:104]
INFO: [Synth 8-5844] Detected registers with asynchronous reset at DSP/BRAM block boundary. Consider using synchronous reset for optimal packing [/tmp/dse_real_hybrid_vivado_impl_hybrid_integrated_pipelined_sidecar_v2_47bebc25/qeic_real_integrated_pipelined_sidecar_impl_top.sv:104]
---------------------------------------------------------------------------------
Finished Technology Mapping : Time (s): cpu = 00:00:10 ; elapsed = 00:00:13 . Memory (MB): peak = 1940.883 ; gain = 394.113 ; free physical = 5660 ; free virtual = 22389
---------------------------------------------------------------------------------

Report RTL Partitions: 
+-+--------------+------------+----------+
| |RTL Partition |Replication |Instances |
+-+--------------+------------+----------+
+-+--------------+------------+----------+
---------------------------------------------------------------------------------
Start IO Insertion
---------------------------------------------------------------------------------
---------------------------------------------------------------------------------
Start Flattening Before IO Insertion
---------------------------------------------------------------------------------
---------------------------------------------------------------------------------
Finished Flattening Before IO Insertion
---------------------------------------------------------------------------------
---------------------------------------------------------------------------------
Start Final Netlist Cleanup
---------------------------------------------------------------------------------
---------------------------------------------------------------------------------
Finished Final Netlist Cleanup
---------------------------------------------------------------------------------
---------------------------------------------------------------------------------
Finished IO Insertion : Time (s): cpu = 00:00:10 ; elapsed = 00:00:14 . Memory (MB): peak = 1945.852 ; gain = 399.082 ; free physical = 5660 ; free virtual = 22388
---------------------------------------------------------------------------------

Report Check Netlist: 
+------+------------------+-------+---------+-------+------------------+
|      |Item              |Errors |Warnings |Status |Description       |
+------+------------------+-------+---------+-------+------------------+
|1     |multi_driven_nets |      0|        0|Passed |Multi driven nets |
+------+------------------+-------+---------+-------+------------------+
---------------------------------------------------------------------------------
Start Renaming Generated Instances
---------------------------------------------------------------------------------
---------------------------------------------------------------------------------
Finished Renaming Generated Instances : Time (s): cpu = 00:00:10 ; elapsed = 00:00:14 . Memory (MB): peak = 1945.852 ; gain = 399.082 ; free physical = 5660 ; free virtual = 22388
---------------------------------------------------------------------------------

Report RTL Partitions: 
+-+--------------+------------+----------+
| |RTL Partition |Replication |Instances |
+-+--------------+------------+----------+
+-+--------------+------------+----------+
---------------------------------------------------------------------------------
Start Rebuilding User Hierarchy
---------------------------------------------------------------------------------
---------------------------------------------------------------------------------
Finished Rebuilding User Hierarchy : Time (s): cpu = 00:00:10 ; elapsed = 00:00:14 . Memory (MB): peak = 1945.852 ; gain = 399.082 ; free physical = 5660 ; free virtual = 22388
---------------------------------------------------------------------------------
---------------------------------------------------------------------------------
Start Renaming Generated Ports
---------------------------------------------------------------------------------
---------------------------------------------------------------------------------
Finished Renaming Generated Ports : Time (s): cpu = 00:00:10 ; elapsed = 00:00:14 . Memory (MB): peak = 1945.852 ; gain = 399.082 ; free physical = 5660 ; free virtual = 22388
---------------------------------------------------------------------------------
---------------------------------------------------------------------------------
Start Handling Custom Attributes
---------------------------------------------------------------------------------
---------------------------------------------------------------------------------
Finished Handling Custom Attributes : Time (s): cpu = 00:00:10 ; elapsed = 00:00:14 . Memory (MB): peak = 1945.852 ; gain = 399.082 ; free physical = 5660 ; free virtual = 22388
---------------------------------------------------------------------------------
---------------------------------------------------------------------------------
Start Renaming Generated Nets
---------------------------------------------------------------------------------
---------------------------------------------------------------------------------
Finished Renaming Generated Nets : Time (s): cpu = 00:00:10 ; elapsed = 00:00:14 . Memory (MB): peak = 1945.852 ; gain = 399.082 ; free physical = 5660 ; free virtual = 22388
---------------------------------------------------------------------------------
---------------------------------------------------------------------------------
Start Writing Synthesis Report
---------------------------------------------------------------------------------

Report BlackBoxes: 
+-+--------------+----------+
| |BlackBox name |Instances |
+-+--------------+----------+
+-+--------------+----------+

Report Cell Usage: 
+------+----------+------+
|      |Cell      |Count |
+------+----------+------+
|1     |BUFG      |     1|
|2     |CARRY4    |   166|
|3     |DSP48E1   |     1|
|4     |DSP48E1_1 |     1|
|5     |DSP48E1_2 |     3|
|6     |DSP48E1_3 |     2|
|7     |DSP48E1_4 |     1|
|8     |LUT1      |   143|
|9     |LUT2      |   264|
|10    |LUT3      |   197|
|11    |LUT4      |   136|
|12    |LUT5      |   149|
|13    |LUT6      |    57|
|14    |FDCE      |   297|
|15    |FDRE      |   398|
|16    |IBUF      |     3|
|17    |OBUF      |    49|
+------+----------+------+

Report Instance Areas: 
+------+----------+-------------------------------------------+------+
|      |Instance  |Module                                     |Cells |
+------+----------+-------------------------------------------+------+
|1     |top       |                                           |  1868|
|2     |  sidecar |qeic_real_integrated_pipelined_sidecar_rtl |  1720|
+------+----------+-------------------------------------------+------+
---------------------------------------------------------------------------------
Finished Writing Synthesis Report : Time (s): cpu = 00:00:10 ; elapsed = 00:00:14 . Memory (MB): peak = 1945.852 ; gain = 399.082 ; free physical = 5660 ; free virtual = 22388
---------------------------------------------------------------------------------
Synthesis finished with 0 errors, 0 critical warnings and 0 warnings.
Synthesis Optimization Runtime : Time (s): cpu = 00:00:09 ; elapsed = 00:00:13 . Memory (MB): peak = 1945.852 ; gain = 217.395 ; free physical = 5729 ; free virtual = 22458
Synthesis Optimization Complete : Time (s): cpu = 00:00:10 ; elapsed = 00:00:14 . Memory (MB): peak = 1945.855 ; gain = 399.082 ; free physical = 5729 ; free virtual = 22458
INFO: [Project 1-571] Translating synthesized netlist
INFO: [Netlist 29-17] Analyzing 174 Unisim elements for replacement
INFO: [Netlist 29-28] Unisim Transformation completed in 0 CPU seconds
WARNING: [Netlist 29-101] Netlist 'qeic_real_integrated_pipelined_sidecar_impl_top' is not ideal for floorplanning, since the cellview 'qeic_real_integrated_pipelined_sidecar_rtl' contains a large number of primitives.  Please consider enabling hierarchy in synthesis if you want to do floorplanning.
INFO: [Project 1-570] Preparing netlist for logic optimization
Parsing XDC File [/tmp/dse_real_hybrid_vivado_impl_hybrid_integrated_pipelined_sidecar_v2_47bebc25/vivado_impl.xdc]
Finished Parsing XDC File [/tmp/dse_real_hybrid_vivado_impl_hybrid_integrated_pipelined_sidecar_v2_47bebc25/vivado_impl.xdc]
INFO: [Opt 31-138] Pushed 0 inverter(s) to 0 load pin(s).
Netlist sorting complete. Time (s): cpu = 00:00:00 ; elapsed = 00:00:00 . Memory (MB): peak = 1985.805 ; gain = 0.000 ; free physical = 5666 ; free virtual = 22394
INFO: [Project 1-111] Unisim Transformation Summary:
No Unisim elements were transformed.

INFO: [Common 17-83] Releasing license: Synthesis
127 Infos, 34 Warnings, 0 Critical Warnings and 0 Errors encountered.
synth_design completed successfully
synth_design: Time (s): cpu = 00:00:13 ; elapsed = 00:00:17 . Memory (MB): peak = 1985.805 ; gain = 562.391 ; free physical = 5786 ; free virtual = 22514
# opt_design
Command: opt_design
Attempting to get a license for feature 'Implementation' and/or device 'xc7z020'
INFO: [Common 17-349] Got license for feature 'Implementation' and/or device 'xc7z020'
Running DRC as a precondition to command opt_design

Starting DRC Task
INFO: [DRC 23-27] Running DRC with 8 threads
INFO: [Project 1-461] DRC finished with 0 Errors
INFO: [Project 1-462] Please refer to the DRC report (report_drc) for more information.

Time (s): cpu = 00:00:00.91 ; elapsed = 00:00:02 . Memory (MB): peak = 2094.367 ; gain = 108.562 ; free physical = 5783 ; free virtual = 22511

Starting Cache Timing Information Task
INFO: [Timing 38-35] Done setting XDC timing constraints.
Ending Cache Timing Information Task | Checksum: 10ef5fd18

Time (s): cpu = 00:00:00.84 ; elapsed = 00:00:00.94 . Memory (MB): peak = 2267.320 ; gain = 172.953 ; free physical = 5490 ; free virtual = 22219

Starting Logic Optimization Task

Phase 1 Retarget
INFO: [Opt 31-138] Pushed 0 inverter(s) to 0 load pin(s).
INFO: [Opt 31-49] Retargeted 0 cell(s).
Phase 1 Retarget | Checksum: 10ef5fd18

Time (s): cpu = 00:00:00.05 ; elapsed = 00:00:00.04 . Memory (MB): peak = 2362.289 ; gain = 0.004 ; free physical = 5407 ; free virtual = 22135
INFO: [Opt 31-389] Phase Retarget created 0 cells and removed 0 cells

Phase 2 Constant propagation
INFO: [Opt 31-138] Pushed 0 inverter(s) to 0 load pin(s).
Phase 2 Constant propagation | Checksum: 15f7a64cb

Time (s): cpu = 00:00:00.06 ; elapsed = 00:00:00.05 . Memory (MB): peak = 2362.289 ; gain = 0.004 ; free physical = 5407 ; free virtual = 22135
INFO: [Opt 31-389] Phase Constant propagation created 0 cells and removed 0 cells

Phase 3 Sweep
Phase 3 Sweep | Checksum: 148377c70

Time (s): cpu = 00:00:00.08 ; elapsed = 00:00:00.07 . Memory (MB): peak = 2362.289 ; gain = 0.004 ; free physical = 5407 ; free virtual = 22135
INFO: [Opt 31-389] Phase Sweep created 1 cells and removed 0 cells

Phase 4 BUFG optimization
Phase 4 BUFG optimization | Checksum: 148377c70

Time (s): cpu = 00:00:00.09 ; elapsed = 00:00:00.08 . Memory (MB): peak = 2362.289 ; gain = 0.004 ; free physical = 5407 ; free virtual = 22135
INFO: [Opt 31-662] Phase BUFG optimization created 0 cells of which 0 are BUFGs and removed 0 cells.

Phase 5 Shift Register Optimization
INFO: [Opt 31-1064] SRL Remap converted 0 SRLs to 0 registers and converted 0 registers of register chains to 0 SRLs
Phase 5 Shift Register Optimization | Checksum: 148377c70

Time (s): cpu = 00:00:00.10 ; elapsed = 00:00:00.09 . Memory (MB): peak = 2362.289 ; gain = 0.004 ; free physical = 5407 ; free virtual = 22135
INFO: [Opt 31-389] Phase Shift Register Optimization created 0 cells and removed 0 cells

Phase 6 Post Processing Netlist
Phase 6 Post Processing Netlist | Checksum: 148377c70

Time (s): cpu = 00:00:00.10 ; elapsed = 00:00:00.09 . Memory (MB): peak = 2362.289 ; gain = 0.004 ; free physical = 5407 ; free virtual = 22135
INFO: [Opt 31-389] Phase Post Processing Netlist created 0 cells and removed 0 cells
Opt_design Change Summary
=========================


-------------------------------------------------------------------------------------------------------------------------
|  Phase                        |  #Cells created  |  #Cells Removed  |  #Constrained objects preventing optimizations  |
-------------------------------------------------------------------------------------------------------------------------
|  Retarget                     |               0  |               0  |                                              0  |
|  Constant propagation         |               0  |               0  |                                              0  |
|  Sweep                        |               1  |               0  |                                              0  |
|  BUFG optimization            |               0  |               0  |                                              0  |
|  Shift Register Optimization  |               0  |               0  |                                              0  |
|  Post Processing Netlist      |               0  |               0  |                                              0  |
-------------------------------------------------------------------------------------------------------------------------



Starting Connectivity Check Task

Time (s): cpu = 00:00:00.01 ; elapsed = 00:00:00 . Memory (MB): peak = 2362.289 ; gain = 0.000 ; free physical = 5407 ; free virtual = 22135
Ending Logic Optimization Task | Checksum: fb754029

Time (s): cpu = 00:00:00.21 ; elapsed = 00:00:00.12 . Memory (MB): peak = 2362.289 ; gain = 0.004 ; free physical = 5407 ; free virtual = 22135

Starting Power Optimization Task
INFO: [Pwropt 34-132] Skipping clock gating for clocks with a period < 2.00 ns.
Ending Power Optimization Task | Checksum: fb754029

Time (s): cpu = 00:00:00.01 ; elapsed = 00:00:00.02 . Memory (MB): peak = 2362.289 ; gain = 0.000 ; free physical = 5407 ; free virtual = 22135

Starting Final Cleanup Task
Ending Final Cleanup Task | Checksum: fb754029

Time (s): cpu = 00:00:00 ; elapsed = 00:00:00 . Memory (MB): peak = 2362.289 ; gain = 0.000 ; free physical = 5407 ; free virtual = 22135

Starting Netlist Obfuscation Task
Netlist sorting complete. Time (s): cpu = 00:00:00 ; elapsed = 00:00:00 . Memory (MB): peak = 2362.289 ; gain = 0.000 ; free physical = 5407 ; free virtual = 22135
Ending Netlist Obfuscation Task | Checksum: fb754029

Time (s): cpu = 00:00:00 ; elapsed = 00:00:00 . Memory (MB): peak = 2362.289 ; gain = 0.000 ; free physical = 5407 ; free virtual = 22135
INFO: [Common 17-83] Releasing license: Implementation
17 Infos, 0 Warnings, 0 Critical Warnings and 0 Errors encountered.
opt_design completed successfully
# place_design
Command: place_design
Attempting to get a license for feature 'Implementation' and/or device 'xc7z020'
INFO: [Common 17-349] Got license for feature 'Implementation' and/or device 'xc7z020'
INFO: [DRC 23-27] Running DRC with 8 threads
INFO: [Vivado_Tcl 4-198] DRC finished with 0 Errors
INFO: [Vivado_Tcl 4-199] Please refer to the DRC report (report_drc) for more information.
Running DRC as a precondition to command place_design
INFO: [DRC 23-27] Running DRC with 8 threads
INFO: [Vivado_Tcl 4-198] DRC finished with 0 Errors
INFO: [Vivado_Tcl 4-199] Please refer to the DRC report (report_drc) for more information.

Starting Placer Task
INFO: [Place 30-611] Multithreading enabled for place_design using a maximum of 8 CPUs

Phase 1 Placer Initialization

Phase 1.1 Placer Initialization Netlist Sorting
Netlist sorting complete. Time (s): cpu = 00:00:00 ; elapsed = 00:00:00 . Memory (MB): peak = 2467.945 ; gain = 0.000 ; free physical = 5400 ; free virtual = 22129
Phase 1.1 Placer Initialization Netlist Sorting | Checksum: e28fa60a

Time (s): cpu = 00:00:00 ; elapsed = 00:00:00.01 . Memory (MB): peak = 2467.945 ; gain = 0.000 ; free physical = 5400 ; free virtual = 22129
Netlist sorting complete. Time (s): cpu = 00:00:00 ; elapsed = 00:00:00 . Memory (MB): peak = 2467.945 ; gain = 0.000 ; free physical = 5400 ; free virtual = 22129

Phase 1.2 IO Placement/ Clock Placement/ Build Placer Device
INFO: [Timing 38-35] Done setting XDC timing constraints.
Phase 1.2 IO Placement/ Clock Placement/ Build Placer Device | Checksum: 3d04fcc9

Time (s): cpu = 00:00:00.56 ; elapsed = 00:00:00.20 . Memory (MB): peak = 2467.945 ; gain = 0.000 ; free physical = 5385 ; free virtual = 22113

Phase 1.3 Build Placer Netlist Model
Phase 1.3 Build Placer Netlist Model | Checksum: 12b0a9d67

Time (s): cpu = 00:00:00.94 ; elapsed = 00:00:00.34 . Memory (MB): peak = 2474.969 ; gain = 7.023 ; free physical = 5390 ; free virtual = 22119

Phase 1.4 Constrain Clocks/Macros
Phase 1.4 Constrain Clocks/Macros | Checksum: 12b0a9d67

Time (s): cpu = 00:00:00.94 ; elapsed = 00:00:00.35 . Memory (MB): peak = 2474.969 ; gain = 7.023 ; free physical = 5390 ; free virtual = 22119
Phase 1 Placer Initialization | Checksum: 12b0a9d67

Time (s): cpu = 00:00:00.95 ; elapsed = 00:00:00.35 . Memory (MB): peak = 2474.969 ; gain = 7.023 ; free physical = 5390 ; free virtual = 22119

Phase 2 Global Placement

Phase 2.1 Floorplanning
Phase 2.1 Floorplanning | Checksum: e98e9821

Time (s): cpu = 00:00:01 ; elapsed = 00:00:00.42 . Memory (MB): peak = 2498.980 ; gain = 31.035 ; free physical = 5380 ; free virtual = 22109

Phase 2.2 Global Placement Core

Phase 2.2.1 Physical Synthesis In Placer
INFO: [Physopt 32-65] No nets found for high-fanout optimization.
INFO: [Physopt 32-232] Optimized 0 net. Created 0 new instance.
INFO: [Physopt 32-775] End 1 Pass. Optimized 0 net or cell. Created 0 new cell, deleted 0 existing cell and moved 0 existing cell
INFO: [Physopt 32-670] No setup violation found.  DSP Register Optimization was not performed.
INFO: [Physopt 32-670] No setup violation found.  Shift Register Optimization was not performed.
INFO: [Physopt 32-670] No setup violation found.  BRAM Register Optimization was not performed.
INFO: [Physopt 32-949] No candidate nets found for HD net replication
INFO: [Physopt 32-775] End 1 Pass. Optimized 0 net or cell. Created 0 new cell, deleted 0 existing cell and moved 0 existing cell
Netlist sorting complete. Time (s): cpu = 00:00:00 ; elapsed = 00:00:00 . Memory (MB): peak = 2506.984 ; gain = 0.000 ; free physical = 5359 ; free virtual = 22088

Summary of Physical Synthesis Optimizations
============================================


----------------------------------------------------------------------------------------------------------------------------------------
|  Optimization                  |  Added Cells  |  Removed Cells  |  Optimized Cells/Nets  |  Dont Touch  |  Iterations  |  Elapsed   |
----------------------------------------------------------------------------------------------------------------------------------------
|  Very High Fanout              |            0  |              0  |                     0  |           0  |           1  |  00:00:00  |
|  DSP Register                  |            0  |              0  |                     0  |           0  |           0  |  00:00:00  |
|  Shift Register                |            0  |              0  |                     0  |           0  |           0  |  00:00:00  |
|  BRAM Register                 |            0  |              0  |                     0  |           0  |           0  |  00:00:00  |
|  HD Interface Net Replication  |            0  |              0  |                     0  |           0  |           1  |  00:00:00  |
|  Total                         |            0  |              0  |                     0  |           0  |           2  |  00:00:00  |
----------------------------------------------------------------------------------------------------------------------------------------


Phase 2.2.1 Physical Synthesis In Placer | Checksum: ba1f59b1

Time (s): cpu = 00:00:08 ; elapsed = 00:00:02 . Memory (MB): peak = 2506.984 ; gain = 39.039 ; free physical = 5360 ; free virtual = 22088
Phase 2.2 Global Placement Core | Checksum: 1a30a87f9

Time (s): cpu = 00:00:08 ; elapsed = 00:00:02 . Memory (MB): peak = 2506.984 ; gain = 39.039 ; free physical = 5360 ; free virtual = 22088
Phase 2 Global Placement | Checksum: 1a30a87f9

Time (s): cpu = 00:00:08 ; elapsed = 00:00:02 . Memory (MB): peak = 2506.984 ; gain = 39.039 ; free physical = 5360 ; free virtual = 22088

Phase 3 Detail Placement

Phase 3.1 Commit Multi Column Macros
Phase 3.1 Commit Multi Column Macros | Checksum: 1e0241576

Time (s): cpu = 00:00:08 ; elapsed = 00:00:02 . Memory (MB): peak = 2506.984 ; gain = 39.039 ; free physical = 5360 ; free virtual = 22088

Phase 3.2 Commit Most Macros & LUTRAMs
Phase 3.2 Commit Most Macros & LUTRAMs | Checksum: ddf793aa

Time (s): cpu = 00:00:08 ; elapsed = 00:00:02 . Memory (MB): peak = 2506.984 ; gain = 39.039 ; free physical = 5359 ; free virtual = 22088

Phase 3.3 Area Swap Optimization
Phase 3.3 Area Swap Optimization | Checksum: 5abe8d8f

Time (s): cpu = 00:00:08 ; elapsed = 00:00:02 . Memory (MB): peak = 2506.984 ; gain = 39.039 ; free physical = 5359 ; free virtual = 22088

Phase 3.4 Pipeline Register Optimization
Phase 3.4 Pipeline Register Optimization | Checksum: ebf3be60

Time (s): cpu = 00:00:08 ; elapsed = 00:00:02 . Memory (MB): peak = 2506.984 ; gain = 39.039 ; free physical = 5359 ; free virtual = 22088

Phase 3.5 Small Shape Detail Placement
Phase 3.5 Small Shape Detail Placement | Checksum: 446206bd

Time (s): cpu = 00:00:09 ; elapsed = 00:00:02 . Memory (MB): peak = 2506.984 ; gain = 39.039 ; free physical = 5357 ; free virtual = 22085

Phase 3.6 Re-assign LUT pins
Phase 3.6 Re-assign LUT pins | Checksum: e20c5456

Time (s): cpu = 00:00:09 ; elapsed = 00:00:02 . Memory (MB): peak = 2506.984 ; gain = 39.039 ; free physical = 5357 ; free virtual = 22085

Phase 3.7 Pipeline Register Optimization
Phase 3.7 Pipeline Register Optimization | Checksum: 170c68725

Time (s): cpu = 00:00:09 ; elapsed = 00:00:02 . Memory (MB): peak = 2506.984 ; gain = 39.039 ; free physical = 5357 ; free virtual = 22085
Phase 3 Detail Placement | Checksum: 170c68725

Time (s): cpu = 00:00:09 ; elapsed = 00:00:02 . Memory (MB): peak = 2506.984 ; gain = 39.039 ; free physical = 5357 ; free virtual = 22085

Phase 4 Post Placement Optimization and Clean-Up

Phase 4.1 Post Commit Optimization
INFO: [Timing 38-35] Done setting XDC timing constraints.

Phase 4.1.1 Post Placement Optimization
Post Placement Optimization Initialization | Checksum: 204fdcf89

Phase 4.1.1.1 BUFG Insertion
INFO: [Place 46-56] BUFG insertion identified 0 candidate nets. Inserted BUFG: 0, Replicated BUFG Driver: 0, Skipped due to Placement/Routing Conflicts: 0, Skipped due to Timing Degradation: 0, Skipped due to Illegal Netlist: 0.
Phase 4.1.1.1 BUFG Insertion | Checksum: 204fdcf89

Time (s): cpu = 00:00:09 ; elapsed = 00:00:02 . Memory (MB): peak = 2506.984 ; gain = 39.039 ; free physical = 5357 ; free virtual = 22085
INFO: [Place 30-746] Post Placement Timing Summary WNS=0.878. For the most accurate timing information please run report_timing.
Phase 4.1.1 Post Placement Optimization | Checksum: 20708dc9c

Time (s): cpu = 00:00:09 ; elapsed = 00:00:03 . Memory (MB): peak = 2506.984 ; gain = 39.039 ; free physical = 5357 ; free virtual = 22085
Phase 4.1 Post Commit Optimization | Checksum: 20708dc9c

Time (s): cpu = 00:00:09 ; elapsed = 00:00:03 . Memory (MB): peak = 2506.984 ; gain = 39.039 ; free physical = 5357 ; free virtual = 22085

Phase 4.2 Post Placement Cleanup
Phase 4.2 Post Placement Cleanup | Checksum: 20708dc9c

Time (s): cpu = 00:00:09 ; elapsed = 00:00:03 . Memory (MB): peak = 2506.984 ; gain = 39.039 ; free physical = 5358 ; free virtual = 22086

Phase 4.3 Placer Reporting
Phase 4.3 Placer Reporting | Checksum: 20708dc9c

Time (s): cpu = 00:00:09 ; elapsed = 00:00:03 . Memory (MB): peak = 2506.984 ; gain = 39.039 ; free physical = 5358 ; free virtual = 22086

Phase 4.4 Final Placement Cleanup
Netlist sorting complete. Time (s): cpu = 00:00:00 ; elapsed = 00:00:00 . Memory (MB): peak = 2506.984 ; gain = 0.000 ; free physical = 5360 ; free virtual = 22088
Phase 4.4 Final Placement Cleanup | Checksum: 21f942aec

Time (s): cpu = 00:00:09 ; elapsed = 00:00:03 . Memory (MB): peak = 2506.984 ; gain = 39.039 ; free physical = 5360 ; free virtual = 22088
Phase 4 Post Placement Optimization and Clean-Up | Checksum: 21f942aec

Time (s): cpu = 00:00:09 ; elapsed = 00:00:03 . Memory (MB): peak = 2506.984 ; gain = 39.039 ; free physical = 5360 ; free virtual = 22088
Ending Placer Task | Checksum: 194b5fb43

Time (s): cpu = 00:00:09 ; elapsed = 00:00:03 . Memory (MB): peak = 2506.984 ; gain = 39.039 ; free physical = 5360 ; free virtual = 22088
INFO: [Common 17-83] Releasing license: Implementation
21 Infos, 0 Warnings, 0 Critical Warnings and 0 Errors encountered.
place_design completed successfully
# route_design
Command: route_design
Attempting to get a license for feature 'Implementation' and/or device 'xc7z020'
INFO: [Common 17-349] Got license for feature 'Implementation' and/or device 'xc7z020'
Running DRC as a precondition to command route_design
INFO: [DRC 23-27] Running DRC with 8 threads
INFO: [Vivado_Tcl 4-198] DRC finished with 0 Errors
INFO: [Vivado_Tcl 4-199] Please refer to the DRC report (report_drc) for more information.


Starting Routing Task
INFO: [Route 35-254] Multithreading enabled for route_design using a maximum of 8 CPUs
Checksum: PlaceDB: d6110ed2 ConstDB: 0 ShapeSum: bea4ec71 RouteDB: 0

Phase 1 Build RT Design
Phase 1 Build RT Design | Checksum: f6b265d4

Time (s): cpu = 00:00:08 ; elapsed = 00:00:07 . Memory (MB): peak = 2545.383 ; gain = 0.000 ; free physical = 5240 ; free virtual = 21968
Post Restoration Checksum: NetGraph: de066b1b NumContArr: 18abfab9 Constraints: 0 Timing: 0

Phase 2 Router Initialization

Phase 2.1 Create Timer
Phase 2.1 Create Timer | Checksum: f6b265d4

Time (s): cpu = 00:00:08 ; elapsed = 00:00:07 . Memory (MB): peak = 2545.383 ; gain = 0.000 ; free physical = 5220 ; free virtual = 21949

Phase 2.2 Fix Topology Constraints
Phase 2.2 Fix Topology Constraints | Checksum: f6b265d4

Time (s): cpu = 00:00:08 ; elapsed = 00:00:07 . Memory (MB): peak = 2575.367 ; gain = 29.984 ; free physical = 5186 ; free virtual = 21914

Phase 2.3 Pre Route Cleanup
Phase 2.3 Pre Route Cleanup | Checksum: f6b265d4

Time (s): cpu = 00:00:08 ; elapsed = 00:00:07 . Memory (MB): peak = 2575.367 ; gain = 29.984 ; free physical = 5186 ; free virtual = 21914
 Number of Nodes with overlaps = 0

Phase 2.4 Update Timing
Phase 2.4 Update Timing | Checksum: 135de9cf8

Time (s): cpu = 00:00:09 ; elapsed = 00:00:07 . Memory (MB): peak = 2598.422 ; gain = 53.039 ; free physical = 5179 ; free virtual = 21907
INFO: [Route 35-416] Intermediate Timing Summary | WNS=0.730  | TNS=0.000  | WHS=-0.149 | THS=-6.897 |

Phase 2 Router Initialization | Checksum: 1f1dfa10b

Time (s): cpu = 00:00:09 ; elapsed = 00:00:07 . Memory (MB): peak = 2598.422 ; gain = 53.039 ; free physical = 5177 ; free virtual = 21905

Router Utilization Summary
  Global Vertical Routing Utilization    = 0 %
  Global Horizontal Routing Utilization  = 0 %
  Routable Net Status*
  *Does not include unroutable nets such as driverless and loadless.
  Run report_route_status for detailed report.
  Number of Failed Nets               = 1484
    (Failed Nets is the sum of unrouted and partially routed nets)
  Number of Unrouted Nets             = 1484
  Number of Partially Routed Nets     = 0
  Number of Node Overlaps             = 0


Phase 3 Initial Routing
Phase 3 Initial Routing | Checksum: 121c3e74b

Time (s): cpu = 00:00:09 ; elapsed = 00:00:07 . Memory (MB): peak = 2598.422 ; gain = 53.039 ; free physical = 5180 ; free virtual = 21908

Phase 4 Rip-up And Reroute

Phase 4.1 Global Iteration 0
 Number of Nodes with overlaps = 46
 Number of Nodes with overlaps = 0
INFO: [Route 35-416] Intermediate Timing Summary | WNS=0.775  | TNS=0.000  | WHS=N/A    | THS=N/A    |

Phase 4.1 Global Iteration 0 | Checksum: 1a227d853

Time (s): cpu = 00:00:09 ; elapsed = 00:00:07 . Memory (MB): peak = 2598.422 ; gain = 53.039 ; free physical = 5179 ; free virtual = 21908
Phase 4 Rip-up And Reroute | Checksum: 1a227d853

Time (s): cpu = 00:00:09 ; elapsed = 00:00:07 . Memory (MB): peak = 2598.422 ; gain = 53.039 ; free physical = 5179 ; free virtual = 21908

Phase 5 Delay and Skew Optimization

Phase 5.1 Delay CleanUp
Phase 5.1 Delay CleanUp | Checksum: 1a227d853

Time (s): cpu = 00:00:09 ; elapsed = 00:00:07 . Memory (MB): peak = 2598.422 ; gain = 53.039 ; free physical = 5179 ; free virtual = 21908

Phase 5.2 Clock Skew Optimization
Phase 5.2 Clock Skew Optimization | Checksum: 1a227d853

Time (s): cpu = 00:00:09 ; elapsed = 00:00:07 . Memory (MB): peak = 2598.422 ; gain = 53.039 ; free physical = 5179 ; free virtual = 21908
Phase 5 Delay and Skew Optimization | Checksum: 1a227d853

Time (s): cpu = 00:00:09 ; elapsed = 00:00:07 . Memory (MB): peak = 2598.422 ; gain = 53.039 ; free physical = 5179 ; free virtual = 21908

Phase 6 Post Hold Fix

Phase 6.1 Hold Fix Iter

Phase 6.1.1 Update Timing
Phase 6.1.1 Update Timing | Checksum: 1a6d24de2

Time (s): cpu = 00:00:09 ; elapsed = 00:00:07 . Memory (MB): peak = 2598.422 ; gain = 53.039 ; free physical = 5179 ; free virtual = 21908
INFO: [Route 35-416] Intermediate Timing Summary | WNS=0.944  | TNS=0.000  | WHS=0.080  | THS=0.000  |

Phase 6.1 Hold Fix Iter | Checksum: 15aa4bf80

Time (s): cpu = 00:00:09 ; elapsed = 00:00:07 . Memory (MB): peak = 2598.422 ; gain = 53.039 ; free physical = 5179 ; free virtual = 21908
Phase 6 Post Hold Fix | Checksum: 15aa4bf80

Time (s): cpu = 00:00:09 ; elapsed = 00:00:07 . Memory (MB): peak = 2598.422 ; gain = 53.039 ; free physical = 5179 ; free virtual = 21908

Phase 7 Route finalize

Router Utilization Summary
  Global Vertical Routing Utilization    = 0.256964 %
  Global Horizontal Routing Utilization  = 0.295893 %
  Routable Net Status*
  *Does not include unroutable nets such as driverless and loadless.
  Run report_route_status for detailed report.
  Number of Failed Nets               = 0
    (Failed Nets is the sum of unrouted and partially routed nets)
  Number of Unrouted Nets             = 0
  Number of Partially Routed Nets     = 0
  Number of Node Overlaps             = 0

Phase 7 Route finalize | Checksum: 1dd615b58

Time (s): cpu = 00:00:09 ; elapsed = 00:00:07 . Memory (MB): peak = 2598.422 ; gain = 53.039 ; free physical = 5179 ; free virtual = 21908

Phase 8 Verifying routed nets

 Verification completed successfully
Phase 8 Verifying routed nets | Checksum: 1dd615b58

Time (s): cpu = 00:00:09 ; elapsed = 00:00:07 . Memory (MB): peak = 2598.422 ; gain = 53.039 ; free physical = 5179 ; free virtual = 21907

Phase 9 Depositing Routes
Phase 9 Depositing Routes | Checksum: 1be3a78c5

Time (s): cpu = 00:00:09 ; elapsed = 00:00:07 . Memory (MB): peak = 2598.422 ; gain = 53.039 ; free physical = 5179 ; free virtual = 21907

Phase 10 Post Router Timing
INFO: [Route 35-57] Estimated Timing Summary | WNS=0.944  | TNS=0.000  | WHS=0.080  | THS=0.000  |

INFO: [Route 35-327] The final timing numbers are based on the router estimated timing analysis. For a complete and accurate timing signoff, please run report_timing_summary.
Phase 10 Post Router Timing | Checksum: 1be3a78c5

Time (s): cpu = 00:00:09 ; elapsed = 00:00:07 . Memory (MB): peak = 2598.422 ; gain = 53.039 ; free physical = 5179 ; free virtual = 21907
INFO: [Route 35-16] Router Completed Successfully

Time (s): cpu = 00:00:09 ; elapsed = 00:00:07 . Memory (MB): peak = 2598.422 ; gain = 53.039 ; free physical = 5216 ; free virtual = 21944

Routing Is Done.
INFO: [Common 17-83] Releasing license: Implementation
12 Infos, 0 Warnings, 0 Critical Warnings and 0 Errors encountered.
route_design completed successfully
route_design: Time (s): cpu = 00:00:11 ; elapsed = 00:00:09 . Memory (MB): peak = 2598.422 ; gain = 91.438 ; free physical = 5216 ; free virtual = 21944
# report_utilization -file vivado_utilization.rpt
# report_timing_summary -file vivado_timing_summary.rpt
INFO: [Timing 38-91] UpdateTimingParams: Speed grade: -1, Delay Type: min_max.
INFO: [Timing 38-191] Multithreading enabled for timing update using a maximum of 8 CPUs
# write_checkpoint -force post_route.dcp
Netlist sorting complete. Time (s): cpu = 00:00:00 ; elapsed = 00:00:00 . Memory (MB): peak = 2622.430 ; gain = 0.000 ; free physical = 5215 ; free virtual = 21943
INFO: [Timing 38-480] Writing timing data to binary archive.
Writing placer database...
Writing XDEF routing.
Writing XDEF routing logical nets.
Writing XDEF routing special nets.
Write XDEF Complete: Time (s): cpu = 00:00:00.15 ; elapsed = 00:00:00.05 . Memory (MB): peak = 2622.430 ; gain = 0.000 ; free physical = 5206 ; free virtual = 21937
INFO: [Common 17-1381] The checkpoint '/tmp/dse_real_hybrid_vivado_impl_hybrid_integrated_pipelined_sidecar_v2_47bebc25/post_route.dcp' has been generated.
INFO: [Common 17-206] Exiting Vivado at Mon Jun  8 21:39:02 2026...
