Copyright 1986-2019 Xilinx, Inc. All Rights Reserved.
------------------------------------------------------------------------------------
| Tool Version : Vivado v.2019.1 (lin64) Build 2552052 Fri May 24 14:47:09 MDT 2019
| Date         : Mon Jun  8 21:51:41 2026
| Host         : IC_EDA running 64-bit CentOS Linux release 7.9.2009 (Core)
| Command      : report_timing_summary -file vivado_timing_summary.rpt
| Design       : qeic_real_integrated_streaming_pipeline_sidecar_impl_top
| Device       : 7z020-clg400
| Speed File   : -1  PRODUCTION 1.11 2014-09-11
------------------------------------------------------------------------------------

Timing Summary Report

------------------------------------------------------------------------------------------------
| Timer Settings
| --------------
------------------------------------------------------------------------------------------------

  Enable Multi Corner Analysis               :  Yes
  Enable Pessimism Removal                   :  Yes
  Pessimism Removal Resolution               :  Nearest Common Node
  Enable Input Delay Default Clock           :  No
  Enable Preset / Clear Arcs                 :  No
  Disable Flight Delays                      :  No
  Ignore I/O Paths                           :  No
  Timing Early Launch at Borrowing Latches   :  No
  Borrow Time for Max Delay Exceptions       :  Yes

  Corner  Analyze    Analyze    
  Name    Max Paths  Min Paths  
  ------  ---------  ---------  
  Slow    Yes        Yes        
  Fast    Yes        Yes        



check_timing report

Table of Contents
-----------------
1. checking no_clock
2. checking constant_clock
3. checking pulse_width_clock
4. checking unconstrained_internal_endpoints
5. checking no_input_delay
6. checking no_output_delay
7. checking multiple_clock
8. checking generated_clocks
9. checking loops
10. checking partial_input_delay
11. checking partial_output_delay
12. checking latch_loops

1. checking no_clock
--------------------
 There are 0 register/latch pins with no clock.


2. checking constant_clock
--------------------------
 There are 0 register/latch pins with constant_clock.


3. checking pulse_width_clock
-----------------------------
 There are 0 register/latch pins which need pulse_width check


4. checking unconstrained_internal_endpoints
--------------------------------------------
 There are 0 pins that are not constrained for maximum delay.

 There are 0 pins that are not constrained for maximum delay due to constant clock.


5. checking no_input_delay
--------------------------
 There is 1 input port with no input delay specified. (HIGH)

 There is 1 input port with no input delay but user has a false path constraint. (MEDIUM)


6. checking no_output_delay
---------------------------
 There are 49 ports with no output delay specified. (HIGH)

 There are 0 ports with no output delay but user has a false path constraint

 There are 0 ports with no output delay but with a timing clock defined on it or propagating through it


7. checking multiple_clock
--------------------------
 There are 0 register/latch pins with multiple clocks.


8. checking generated_clocks
----------------------------
 There are 0 generated clocks that are not connected to a clock source.


9. checking loops
-----------------
 There are 0 combinational loops in the design.


10. checking partial_input_delay
--------------------------------
 There are 0 input ports with partial input delay specified.


11. checking partial_output_delay
---------------------------------
 There are 0 ports with partial output delay specified.


12. checking latch_loops
------------------------
 There are 0 combinational latch loops in the design through latch input



------------------------------------------------------------------------------------------------
| Design Timing Summary
| ---------------------
------------------------------------------------------------------------------------------------

    WNS(ns)      TNS(ns)  TNS Failing Endpoints  TNS Total Endpoints      WHS(ns)      THS(ns)  THS Failing Endpoints  THS Total Endpoints     WPWS(ns)     TPWS(ns)  TPWS Failing Endpoints  TPWS Total Endpoints  
    -------      -------  ---------------------  -------------------      -------      -------  ---------------------  -------------------     --------     --------  ----------------------  --------------------  
      0.962        0.000                      0                 1599        0.104        0.000                      0                 1599        5.500        0.000                       0                   741  


All user specified timing constraints are met.


------------------------------------------------------------------------------------------------
| Clock Summary
| -------------
------------------------------------------------------------------------------------------------

Clock  Waveform(ns)       Period(ns)      Frequency(MHz)
-----  ------------       ----------      --------------
clk    {0.000 6.000}      12.000          83.333          


------------------------------------------------------------------------------------------------
| Intra Clock Table
| -----------------
------------------------------------------------------------------------------------------------

Clock             WNS(ns)      TNS(ns)  TNS Failing Endpoints  TNS Total Endpoints      WHS(ns)      THS(ns)  THS Failing Endpoints  THS Total Endpoints     WPWS(ns)     TPWS(ns)  TPWS Failing Endpoints  TPWS Total Endpoints  
-----             -------      -------  ---------------------  -------------------      -------      -------  ---------------------  -------------------     --------     --------  ----------------------  --------------------  
clk                 0.962        0.000                      0                 1599        0.104        0.000                      0                 1599        5.500        0.000                       0                   741  


------------------------------------------------------------------------------------------------
| Inter Clock Table
| -----------------
------------------------------------------------------------------------------------------------

From Clock    To Clock          WNS(ns)      TNS(ns)  TNS Failing Endpoints  TNS Total Endpoints      WHS(ns)      THS(ns)  THS Failing Endpoints  THS Total Endpoints  
----------    --------          -------      -------  ---------------------  -------------------      -------      -------  ---------------------  -------------------  


------------------------------------------------------------------------------------------------
| Other Path Groups Table
| -----------------------
------------------------------------------------------------------------------------------------

Path Group    From Clock    To Clock          WNS(ns)      TNS(ns)  TNS Failing Endpoints  TNS Total Endpoints      WHS(ns)      THS(ns)  THS Failing Endpoints  THS Total Endpoints  
----------    ----------    --------          -------      -------  ---------------------  -------------------      -------      -------  ---------------------  -------------------  


------------------------------------------------------------------------------------------------
| Timing Details
| --------------
------------------------------------------------------------------------------------------------


---------------------------------------------------------------------------------------------------
From Clock:  clk
  To Clock:  clk

Setup :            0  Failing Endpoints,  Worst Slack        0.962ns,  Total Violation        0.000ns
Hold  :            0  Failing Endpoints,  Worst Slack        0.104ns,  Total Violation        0.000ns
PW    :            0  Failing Endpoints,  Worst Slack        5.500ns,  Total Violation        0.000ns
---------------------------------------------------------------------------------------------------


Max Delay Paths
--------------------------------------------------------------------------------------
Slack (MET) :             0.962ns  (required time - arrival time)
  Source:                 sidecar/re_sq_s20/CLK
                            (rising edge-triggered cell DSP48E1 clocked by clk  {rise@0.000ns fall@6.000ns period=12.000ns})
  Destination:            sidecar/weighted_s3_reg[53]/D
                            (rising edge-triggered cell FDRE clocked by clk  {rise@0.000ns fall@6.000ns period=12.000ns})
  Path Group:             clk
  Path Type:              Setup (Max at Slow Process Corner)
  Requirement:            12.000ns  (clk rise@12.000ns - clk rise@0.000ns)
  Data Path Delay:        10.951ns  (logic 8.532ns (77.914%)  route 2.419ns (22.087%))
  Logic Levels:           14  (CARRY4=10 DSP48E1=2 LUT2=2)
  Clock Path Skew:        -0.115ns (DCD - SCD + CPR)
    Destination Clock Delay (DCD):    4.812ns = ( 16.812 - 12.000 ) 
    Source Clock Delay      (SCD):    5.440ns
    Clock Pessimism Removal (CPR):    0.514ns
  Clock Uncertainty:      0.035ns  ((TSJ^2 + TIJ^2)^1/2 + DJ) / 2 + PE
    Total System Jitter     (TSJ):    0.071ns
    Total Input Jitter      (TIJ):    0.000ns
    Discrete Jitter          (DJ):    0.000ns
    Phase Error              (PE):    0.000ns

    Location             Delay type                Incr(ns)  Path(ns)    Netlist Resource(s)
  -------------------------------------------------------------------    -------------------
                         (clock clk rise edge)        0.000     0.000 r  
    U14                                               0.000     0.000 r  clk (IN)
                         net (fo=0)                   0.000     0.000    clk
    U14                  IBUF (Prop_ibuf_I_O)         1.075     1.075 r  clk_IBUF_inst/O
                         net (fo=1, routed)           2.205     3.280    clk_IBUF
    BUFGCTRL_X0Y16       BUFG (Prop_bufg_I_O)         0.101     3.381 r  clk_IBUF_BUFG_inst/O
                         net (fo=741, routed)         2.060     5.440    sidecar/clk_IBUF_BUFG
    DSP48_X3Y45          DSP48E1                                      r  sidecar/re_sq_s20/CLK
  -------------------------------------------------------------------    -------------------
    DSP48_X3Y45          DSP48E1 (Prop_dsp48e1_CLK_P[0])
                                                      0.434     5.874 r  sidecar/re_sq_s20/P[0]
                         net (fo=2, routed)           1.088     6.962    sidecar/re_sq_s2[0]
    SLICE_X94Y105        LUT2 (Prop_lut2_I0_O)        0.124     7.086 r  sidecar/weighted_s31_carry_i_4/O
                         net (fo=1, routed)           0.000     7.086    sidecar/weighted_s31_carry_i_4_n_0
    SLICE_X94Y105        CARRY4 (Prop_carry4_S[0]_CO[3])
                                                      0.513     7.599 r  sidecar/weighted_s31_carry/CO[3]
                         net (fo=1, routed)           0.000     7.599    sidecar/weighted_s31_carry_n_0
    SLICE_X94Y106        CARRY4 (Prop_carry4_CI_CO[3])
                                                      0.117     7.716 r  sidecar/weighted_s31_carry__0/CO[3]
                         net (fo=1, routed)           0.000     7.716    sidecar/weighted_s31_carry__0_n_0
    SLICE_X94Y107        CARRY4 (Prop_carry4_CI_CO[3])
                                                      0.117     7.833 r  sidecar/weighted_s31_carry__1/CO[3]
                         net (fo=1, routed)           0.000     7.833    sidecar/weighted_s31_carry__1_n_0
    SLICE_X94Y108        CARRY4 (Prop_carry4_CI_O[1])
                                                      0.323     8.156 r  sidecar/weighted_s31_carry__2/O[1]
                         net (fo=1, routed)           0.596     8.751    sidecar/weighted_s31[13]
    DSP48_X3Y42          DSP48E1 (Prop_dsp48e1_B[13]_PCOUT[47])
                                                      4.033    12.784 r  sidecar/weighted_s30/PCOUT[47]
                         net (fo=1, routed)           0.002    12.786    sidecar/weighted_s30_n_106
    DSP48_X3Y43          DSP48E1 (Prop_dsp48e1_PCIN[47]_P[17])
                                                      1.518    14.304 r  sidecar/weighted_s30__0/P[17]
                         net (fo=2, routed)           0.733    15.038    sidecar/weighted_s30__0_n_88
    SLICE_X93Y108        LUT2 (Prop_lut2_I0_O)        0.124    15.162 r  sidecar/weighted_s3[36]_i_4/O
                         net (fo=1, routed)           0.000    15.162    sidecar/weighted_s3[36]_i_4_n_0
    SLICE_X93Y108        CARRY4 (Prop_carry4_S[1]_CO[3])
                                                      0.550    15.712 r  sidecar/weighted_s3_reg[36]_i_1/CO[3]
                         net (fo=1, routed)           0.000    15.712    sidecar/weighted_s3_reg[36]_i_1_n_0
    SLICE_X93Y109        CARRY4 (Prop_carry4_CI_CO[3])
                                                      0.114    15.826 r  sidecar/weighted_s3_reg[40]_i_1/CO[3]
                         net (fo=1, routed)           0.000    15.826    sidecar/weighted_s3_reg[40]_i_1_n_0
    SLICE_X93Y110        CARRY4 (Prop_carry4_CI_CO[3])
                                                      0.114    15.940 r  sidecar/weighted_s3_reg[44]_i_1/CO[3]
                         net (fo=1, routed)           0.000    15.940    sidecar/weighted_s3_reg[44]_i_1_n_0
    SLICE_X93Y111        CARRY4 (Prop_carry4_CI_CO[3])
                                                      0.114    16.054 r  sidecar/weighted_s3_reg[48]_i_1/CO[3]
                         net (fo=1, routed)           0.000    16.054    sidecar/weighted_s3_reg[48]_i_1_n_0
    SLICE_X93Y112        CARRY4 (Prop_carry4_CI_CO[3])
                                                      0.114    16.168 r  sidecar/weighted_s3_reg[52]_i_1/CO[3]
                         net (fo=1, routed)           0.000    16.168    sidecar/weighted_s3_reg[52]_i_1_n_0
    SLICE_X93Y113        CARRY4 (Prop_carry4_CI_O[0])
                                                      0.223    16.391 r  sidecar/weighted_s3_reg[53]_i_1/O[0]
                         net (fo=1, routed)           0.000    16.391    sidecar/weighted_s3_reg[53]_i_1_n_7
    SLICE_X93Y113        FDRE                                         r  sidecar/weighted_s3_reg[53]/D
  -------------------------------------------------------------------    -------------------

                         (clock clk rise edge)       12.000    12.000 r  
    U14                                               0.000    12.000 r  clk (IN)
                         net (fo=0)                   0.000    12.000    clk
    U14                  IBUF (Prop_ibuf_I_O)         0.940    12.940 r  clk_IBUF_inst/O
                         net (fo=1, routed)           2.006    14.946    clk_IBUF
    BUFGCTRL_X0Y16       BUFG (Prop_bufg_I_O)         0.091    15.037 r  clk_IBUF_BUFG_inst/O
                         net (fo=741, routed)         1.775    16.812    sidecar/clk_IBUF_BUFG
    SLICE_X93Y113        FDRE                                         r  sidecar/weighted_s3_reg[53]/C
                         clock pessimism              0.514    17.326    
                         clock uncertainty           -0.035    17.290    
    SLICE_X93Y113        FDRE (Setup_fdre_C_D)        0.062    17.352    sidecar/weighted_s3_reg[53]
  -------------------------------------------------------------------
                         required time                         17.352    
                         arrival time                         -16.391    
  -------------------------------------------------------------------
                         slack                                  0.962    





Min Delay Paths
--------------------------------------------------------------------------------------
Slack (MET) :             0.104ns  (arrival time - required time)
  Source:                 sidecar/axpy_re_s3_reg[45]/C
                            (rising edge-triggered cell FDRE clocked by clk  {rise@0.000ns fall@6.000ns period=12.000ns})
  Destination:            sidecar/out_re_reg[45]/D
                            (rising edge-triggered cell FDCE clocked by clk  {rise@0.000ns fall@6.000ns period=12.000ns})
  Path Group:             clk
  Path Type:              Hold (Min at Fast Process Corner)
  Requirement:            0.000ns  (clk rise@0.000ns - clk rise@0.000ns)
  Data Path Delay:        0.238ns  (logic 0.186ns (78.117%)  route 0.052ns (21.883%))
  Logic Levels:           1  (LUT5=1)
  Clock Path Skew:        0.013ns (DCD - SCD - CPR)
    Destination Clock Delay (DCD):    2.209ns
    Source Clock Delay      (SCD):    1.686ns
    Clock Pessimism Removal (CPR):    0.510ns

    Location             Delay type                Incr(ns)  Path(ns)    Netlist Resource(s)
  -------------------------------------------------------------------    -------------------
                         (clock clk rise edge)        0.000     0.000 r  
    U14                                               0.000     0.000 r  clk (IN)
                         net (fo=0)                   0.000     0.000    clk
    U14                  IBUF (Prop_ibuf_I_O)         0.302     0.302 r  clk_IBUF_inst/O
                         net (fo=1, routed)           0.674     0.976    clk_IBUF
    BUFGCTRL_X0Y16       BUFG (Prop_bufg_I_O)         0.026     1.002 r  clk_IBUF_BUFG_inst/O
                         net (fo=741, routed)         0.684     1.686    sidecar/clk_IBUF_BUFG
    SLICE_X105Y117       FDRE                                         r  sidecar/axpy_re_s3_reg[45]/C
  -------------------------------------------------------------------    -------------------
    SLICE_X105Y117       FDRE (Prop_fdre_C_Q)         0.141     1.827 r  sidecar/axpy_re_s3_reg[45]/Q
                         net (fo=1, routed)           0.052     1.880    sidecar/axpy_re_s3[45]
    SLICE_X104Y117       LUT5 (Prop_lut5_I2_O)        0.045     1.925 r  sidecar/out_re[45]_i_1/O
                         net (fo=1, routed)           0.000     1.925    sidecar/out_re[45]_i_1_n_0
    SLICE_X104Y117       FDCE                                         r  sidecar/out_re_reg[45]/D
  -------------------------------------------------------------------    -------------------

                         (clock clk rise edge)        0.000     0.000 r  
    U14                                               0.000     0.000 r  clk (IN)
                         net (fo=0)                   0.000     0.000    clk
    U14                  IBUF (Prop_ibuf_I_O)         0.492     0.492 r  clk_IBUF_inst/O
                         net (fo=1, routed)           0.731     1.223    clk_IBUF
    BUFGCTRL_X0Y16       BUFG (Prop_bufg_I_O)         0.029     1.252 r  clk_IBUF_BUFG_inst/O
                         net (fo=741, routed)         0.957     2.209    sidecar/clk_IBUF_BUFG
    SLICE_X104Y117       FDCE                                         r  sidecar/out_re_reg[45]/C
                         clock pessimism             -0.510     1.699    
    SLICE_X104Y117       FDCE (Hold_fdce_C_D)         0.121     1.820    sidecar/out_re_reg[45]
  -------------------------------------------------------------------
                         required time                         -1.820    
                         arrival time                           1.925    
  -------------------------------------------------------------------
                         slack                                  0.104    





Pulse Width Checks
--------------------------------------------------------------------------------------
Clock Name:         clk
Waveform(ns):       { 0.000 6.000 }
Period(ns):         12.000
Sources:            { clk }

Check Type        Corner  Lib Pin      Reference Pin  Required(ns)  Actual(ns)  Slack(ns)  Location       Pin
Min Period        n/a     DSP48E1/CLK  n/a            3.884         12.000      8.116      DSP48_X3Y45    sidecar/re_sq_s20/CLK
Low Pulse Width   Fast    FDCE/C       n/a            0.500         6.000       5.500      SLICE_X97Y112  active_reg/C
High Pulse Width  Slow    FDCE/C       n/a            0.500         6.000       5.500      SLICE_X97Y112  active_reg/C



