qeic_real_integrated_streaming_pipeline_sidecar_impl_top.sv
qeic_real_integrated_streaming_pipeline_sidecar_rtl.sv
real_hybrid_integrated_streaming_vivado_impl_evidence.json
vivado.stderr.log
vivado.stdout.log
vivado_impl.tcl
vivado_impl.xdc
vivado_timing_summary.rpt
vivado_utilization.rpt

****** Vivado v2019.1 (64-bit)
  **** SW Build 2552052 on Fri May 24 14:47:09 MDT 2019
  **** IP Build 2548770 on Fri May 24 18:01:18 MDT 2019
    ** Copyright 1986-2019 Xilinx, Inc. All Rights Reserved.

source vivado_impl.tcl
# set_msg_config -id {Common 17-55} -new_severity {INFO}
# read_verilog -sv qeic_real_integrated_streaming_pipeline_sidecar_rtl.sv
# read_verilog -sv qeic_real_integrated_streaming_pipeline_sidecar_impl_top.sv
# read_xdc vivado_impl.xdc
# synth_design -top qeic_real_integrated_streaming_pipeline_sidecar_impl_top -part xc7z020clg400-1
Command: synth_design -top qeic_real_integrated_streaming_pipeline_sidecar_impl_top -part xc7z020clg400-1
Starting synth_design
Attempting to get a license for feature 'Synthesis' and/or device 'xc7z020'
INFO: [Common 17-349] Got license for feature 'Synthesis' and/or device 'xc7z020'
INFO: [Device 21-403] Loading part xc7z020clg400-1
INFO: Launching helper process for spawning children vivado processes
INFO: Helper process launched with PID 21546 
---------------------------------------------------------------------------------
Starting RTL Elaboration : Time (s): cpu = 00:00:01 ; elapsed = 00:00:03 . Memory (MB): peak = 1702.480 ; gain = 155.707 ; free physical = 5863 ; free virtual = 22591
---------------------------------------------------------------------------------
INFO: [Synth 8-6157] synthesizing module 'qeic_real_integrated_streaming_pipeline_sidecar_impl_top' [/tmp/dse_real_hybrid_vivado_impl_hybrid_integrated_streaming_pipeline_sidecar_v3_8260e7d2/qeic_real_integrated_streaming_pipeline_sidecar_impl_top.sv:1]
	Parameter HPSI_N bound to: 96 - type: integer 
	Parameter SUM_GRID bound to: 32 - type: integer 
	Parameter SUM_BANDS bound to: 4 - type: integer 
	Parameter SUM_SAMPLES bound to: 128 - type: integer 
	Parameter AXPY_N bound to: 64 - type: integer 
	Parameter TOTAL_SAMPLES bound to: 288 - type: integer 
	Parameter WIDTH bound to: 18 - type: integer 
	Parameter ACC_WIDTH bound to: 48 - type: integer 
	Parameter MODE_HPSI bound to: 2'b00 
	Parameter MODE_SUM_BAND bound to: 2'b01 
	Parameter MODE_AXPY bound to: 2'b10 
INFO: [Synth 8-6157] synthesizing module 'qeic_real_integrated_streaming_pipeline_sidecar_rtl' [/tmp/dse_real_hybrid_vivado_impl_hybrid_integrated_streaming_pipeline_sidecar_v3_8260e7d2/qeic_real_integrated_streaming_pipeline_sidecar_rtl.sv:1]
	Parameter TOTAL_SAMPLES bound to: 288 - type: integer 
	Parameter WIDTH bound to: 18 - type: integer 
	Parameter ACC_WIDTH bound to: 48 - type: integer 
	Parameter ALPHA_RE bound to: 18'sb000000000011000000 
	Parameter ALPHA_IM bound to: 18'sb111111111111100000 
	Parameter MODE_HPSI bound to: 2'b00 
	Parameter MODE_SUM_BAND bound to: 2'b01 
	Parameter MODE_AXPY bound to: 2'b10 
WARNING: [Synth 8-5788] Register mode_s3_reg in module qeic_real_integrated_streaming_pipeline_sidecar_rtl is has both Set and reset with same priority. This may cause simulation mismatches. Consider rewriting code  [/tmp/dse_real_hybrid_vivado_impl_hybrid_integrated_streaming_pipeline_sidecar_v3_8260e7d2/qeic_real_integrated_streaming_pipeline_sidecar_rtl.sv:112]
WARNING: [Synth 8-5788] Register band_first_s3_reg in module qeic_real_integrated_streaming_pipeline_sidecar_rtl is has both Set and reset with same priority. This may cause simulation mismatches. Consider rewriting code  [/tmp/dse_real_hybrid_vivado_impl_hybrid_integrated_streaming_pipeline_sidecar_v3_8260e7d2/qeic_real_integrated_streaming_pipeline_sidecar_rtl.sv:80]
WARNING: [Synth 8-5788] Register band_last_s3_reg in module qeic_real_integrated_streaming_pipeline_sidecar_rtl is has both Set and reset with same priority. This may cause simulation mismatches. Consider rewriting code  [/tmp/dse_real_hybrid_vivado_impl_hybrid_integrated_streaming_pipeline_sidecar_v3_8260e7d2/qeic_real_integrated_streaming_pipeline_sidecar_rtl.sv:124]
WARNING: [Synth 8-5788] Register hpsi_re_s3_reg in module qeic_real_integrated_streaming_pipeline_sidecar_rtl is has both Set and reset with same priority. This may cause simulation mismatches. Consider rewriting code  [/tmp/dse_real_hybrid_vivado_impl_hybrid_integrated_streaming_pipeline_sidecar_v3_8260e7d2/qeic_real_integrated_streaming_pipeline_sidecar_rtl.sv:114]
WARNING: [Synth 8-5788] Register hpsi_im_s3_reg in module qeic_real_integrated_streaming_pipeline_sidecar_rtl is has both Set and reset with same priority. This may cause simulation mismatches. Consider rewriting code  [/tmp/dse_real_hybrid_vivado_impl_hybrid_integrated_streaming_pipeline_sidecar_v3_8260e7d2/qeic_real_integrated_streaming_pipeline_sidecar_rtl.sv:115]
WARNING: [Synth 8-5788] Register weighted_s3_reg in module qeic_real_integrated_streaming_pipeline_sidecar_rtl is has both Set and reset with same priority. This may cause simulation mismatches. Consider rewriting code  [/tmp/dse_real_hybrid_vivado_impl_hybrid_integrated_streaming_pipeline_sidecar_v3_8260e7d2/qeic_real_integrated_streaming_pipeline_sidecar_rtl.sv:79]
WARNING: [Synth 8-5788] Register axpy_re_s3_reg in module qeic_real_integrated_streaming_pipeline_sidecar_rtl is has both Set and reset with same priority. This may cause simulation mismatches. Consider rewriting code  [/tmp/dse_real_hybrid_vivado_impl_hybrid_integrated_streaming_pipeline_sidecar_v3_8260e7d2/qeic_real_integrated_streaming_pipeline_sidecar_rtl.sv:127]
WARNING: [Synth 8-5788] Register axpy_im_s3_reg in module qeic_real_integrated_streaming_pipeline_sidecar_rtl is has both Set and reset with same priority. This may cause simulation mismatches. Consider rewriting code  [/tmp/dse_real_hybrid_vivado_impl_hybrid_integrated_streaming_pipeline_sidecar_v3_8260e7d2/qeic_real_integrated_streaming_pipeline_sidecar_rtl.sv:128]
WARNING: [Synth 8-5788] Register mode_s2_reg in module qeic_real_integrated_streaming_pipeline_sidecar_rtl is has both Set and reset with same priority. This may cause simulation mismatches. Consider rewriting code  [/tmp/dse_real_hybrid_vivado_impl_hybrid_integrated_streaming_pipeline_sidecar_v3_8260e7d2/qeic_real_integrated_streaming_pipeline_sidecar_rtl.sv:147]
WARNING: [Synth 8-5788] Register band_first_s2_reg in module qeic_real_integrated_streaming_pipeline_sidecar_rtl is has both Set and reset with same priority. This may cause simulation mismatches. Consider rewriting code  [/tmp/dse_real_hybrid_vivado_impl_hybrid_integrated_streaming_pipeline_sidecar_v3_8260e7d2/qeic_real_integrated_streaming_pipeline_sidecar_rtl.sv:148]
WARNING: [Synth 8-5788] Register band_last_s2_reg in module qeic_real_integrated_streaming_pipeline_sidecar_rtl is has both Set and reset with same priority. This may cause simulation mismatches. Consider rewriting code  [/tmp/dse_real_hybrid_vivado_impl_hybrid_integrated_streaming_pipeline_sidecar_v3_8260e7d2/qeic_real_integrated_streaming_pipeline_sidecar_rtl.sv:149]
WARNING: [Synth 8-5788] Register lap_re_s2_reg in module qeic_real_integrated_streaming_pipeline_sidecar_rtl is has both Set and reset with same priority. This may cause simulation mismatches. Consider rewriting code  [/tmp/dse_real_hybrid_vivado_impl_hybrid_integrated_streaming_pipeline_sidecar_v3_8260e7d2/qeic_real_integrated_streaming_pipeline_sidecar_rtl.sv:150]
WARNING: [Synth 8-5788] Register lap_im_s2_reg in module qeic_real_integrated_streaming_pipeline_sidecar_rtl is has both Set and reset with same priority. This may cause simulation mismatches. Consider rewriting code  [/tmp/dse_real_hybrid_vivado_impl_hybrid_integrated_streaming_pipeline_sidecar_v3_8260e7d2/qeic_real_integrated_streaming_pipeline_sidecar_rtl.sv:151]
WARNING: [Synth 8-5788] Register vloc_re_s2_reg in module qeic_real_integrated_streaming_pipeline_sidecar_rtl is has both Set and reset with same priority. This may cause simulation mismatches. Consider rewriting code  [/tmp/dse_real_hybrid_vivado_impl_hybrid_integrated_streaming_pipeline_sidecar_v3_8260e7d2/qeic_real_integrated_streaming_pipeline_sidecar_rtl.sv:150]
WARNING: [Synth 8-5788] Register vloc_im_s2_reg in module qeic_real_integrated_streaming_pipeline_sidecar_rtl is has both Set and reset with same priority. This may cause simulation mismatches. Consider rewriting code  [/tmp/dse_real_hybrid_vivado_impl_hybrid_integrated_streaming_pipeline_sidecar_v3_8260e7d2/qeic_real_integrated_streaming_pipeline_sidecar_rtl.sv:151]
WARNING: [Synth 8-5788] Register re_sq_s2_reg in module qeic_real_integrated_streaming_pipeline_sidecar_rtl is has both Set and reset with same priority. This may cause simulation mismatches. Consider rewriting code  [/tmp/dse_real_hybrid_vivado_impl_hybrid_integrated_streaming_pipeline_sidecar_v3_8260e7d2/qeic_real_integrated_streaming_pipeline_sidecar_rtl.sv:152]
WARNING: [Synth 8-5788] Register im_sq_s2_reg in module qeic_real_integrated_streaming_pipeline_sidecar_rtl is has both Set and reset with same priority. This may cause simulation mismatches. Consider rewriting code  [/tmp/dse_real_hybrid_vivado_impl_hybrid_integrated_streaming_pipeline_sidecar_v3_8260e7d2/qeic_real_integrated_streaming_pipeline_sidecar_rtl.sv:152]
WARNING: [Synth 8-5788] Register weight_s2_reg in module qeic_real_integrated_streaming_pipeline_sidecar_rtl is has both Set and reset with same priority. This may cause simulation mismatches. Consider rewriting code  [/tmp/dse_real_hybrid_vivado_impl_hybrid_integrated_streaming_pipeline_sidecar_v3_8260e7d2/qeic_real_integrated_streaming_pipeline_sidecar_rtl.sv:152]
WARNING: [Synth 8-5788] Register alpha_x_re_s2_reg in module qeic_real_integrated_streaming_pipeline_sidecar_rtl is has both Set and reset with same priority. This may cause simulation mismatches. Consider rewriting code  [/tmp/dse_real_hybrid_vivado_impl_hybrid_integrated_streaming_pipeline_sidecar_v3_8260e7d2/qeic_real_integrated_streaming_pipeline_sidecar_rtl.sv:153]
WARNING: [Synth 8-5788] Register alpha_x_im_s2_reg in module qeic_real_integrated_streaming_pipeline_sidecar_rtl is has both Set and reset with same priority. This may cause simulation mismatches. Consider rewriting code  [/tmp/dse_real_hybrid_vivado_impl_hybrid_integrated_streaming_pipeline_sidecar_v3_8260e7d2/qeic_real_integrated_streaming_pipeline_sidecar_rtl.sv:154]
WARNING: [Synth 8-5788] Register y_re_ext_s2_reg in module qeic_real_integrated_streaming_pipeline_sidecar_rtl is has both Set and reset with same priority. This may cause simulation mismatches. Consider rewriting code  [/tmp/dse_real_hybrid_vivado_impl_hybrid_integrated_streaming_pipeline_sidecar_v3_8260e7d2/qeic_real_integrated_streaming_pipeline_sidecar_rtl.sv:153]
WARNING: [Synth 8-5788] Register y_im_ext_s2_reg in module qeic_real_integrated_streaming_pipeline_sidecar_rtl is has both Set and reset with same priority. This may cause simulation mismatches. Consider rewriting code  [/tmp/dse_real_hybrid_vivado_impl_hybrid_integrated_streaming_pipeline_sidecar_v3_8260e7d2/qeic_real_integrated_streaming_pipeline_sidecar_rtl.sv:154]
WARNING: [Synth 8-5788] Register mode_s1_reg in module qeic_real_integrated_streaming_pipeline_sidecar_rtl is has both Set and reset with same priority. This may cause simulation mismatches. Consider rewriting code  [/tmp/dse_real_hybrid_vivado_impl_hybrid_integrated_streaming_pipeline_sidecar_v3_8260e7d2/qeic_real_integrated_streaming_pipeline_sidecar_rtl.sv:157]
WARNING: [Synth 8-5788] Register band_first_s1_reg in module qeic_real_integrated_streaming_pipeline_sidecar_rtl is has both Set and reset with same priority. This may cause simulation mismatches. Consider rewriting code  [/tmp/dse_real_hybrid_vivado_impl_hybrid_integrated_streaming_pipeline_sidecar_v3_8260e7d2/qeic_real_integrated_streaming_pipeline_sidecar_rtl.sv:158]
WARNING: [Synth 8-5788] Register band_last_s1_reg in module qeic_real_integrated_streaming_pipeline_sidecar_rtl is has both Set and reset with same priority. This may cause simulation mismatches. Consider rewriting code  [/tmp/dse_real_hybrid_vivado_impl_hybrid_integrated_streaming_pipeline_sidecar_v3_8260e7d2/qeic_real_integrated_streaming_pipeline_sidecar_rtl.sv:159]
WARNING: [Synth 8-5788] Register a_re_s1_reg in module qeic_real_integrated_streaming_pipeline_sidecar_rtl is has both Set and reset with same priority. This may cause simulation mismatches. Consider rewriting code  [/tmp/dse_real_hybrid_vivado_impl_hybrid_integrated_streaming_pipeline_sidecar_v3_8260e7d2/qeic_real_integrated_streaming_pipeline_sidecar_rtl.sv:160]
WARNING: [Synth 8-5788] Register a_im_s1_reg in module qeic_real_integrated_streaming_pipeline_sidecar_rtl is has both Set and reset with same priority. This may cause simulation mismatches. Consider rewriting code  [/tmp/dse_real_hybrid_vivado_impl_hybrid_integrated_streaming_pipeline_sidecar_v3_8260e7d2/qeic_real_integrated_streaming_pipeline_sidecar_rtl.sv:163]
WARNING: [Synth 8-5788] Register b_re_s1_reg in module qeic_real_integrated_streaming_pipeline_sidecar_rtl is has both Set and reset with same priority. This may cause simulation mismatches. Consider rewriting code  [/tmp/dse_real_hybrid_vivado_impl_hybrid_integrated_streaming_pipeline_sidecar_v3_8260e7d2/qeic_real_integrated_streaming_pipeline_sidecar_rtl.sv:161]
WARNING: [Synth 8-5788] Register b_im_s1_reg in module qeic_real_integrated_streaming_pipeline_sidecar_rtl is has both Set and reset with same priority. This may cause simulation mismatches. Consider rewriting code  [/tmp/dse_real_hybrid_vivado_impl_hybrid_integrated_streaming_pipeline_sidecar_v3_8260e7d2/qeic_real_integrated_streaming_pipeline_sidecar_rtl.sv:164]
WARNING: [Synth 8-5788] Register c_re_s1_reg in module qeic_real_integrated_streaming_pipeline_sidecar_rtl is has both Set and reset with same priority. This may cause simulation mismatches. Consider rewriting code  [/tmp/dse_real_hybrid_vivado_impl_hybrid_integrated_streaming_pipeline_sidecar_v3_8260e7d2/qeic_real_integrated_streaming_pipeline_sidecar_rtl.sv:162]
WARNING: [Synth 8-5788] Register c_im_s1_reg in module qeic_real_integrated_streaming_pipeline_sidecar_rtl is has both Set and reset with same priority. This may cause simulation mismatches. Consider rewriting code  [/tmp/dse_real_hybrid_vivado_impl_hybrid_integrated_streaming_pipeline_sidecar_v3_8260e7d2/qeic_real_integrated_streaming_pipeline_sidecar_rtl.sv:165]
WARNING: [Synth 8-5788] Register weight_s1_reg in module qeic_real_integrated_streaming_pipeline_sidecar_rtl is has both Set and reset with same priority. This may cause simulation mismatches. Consider rewriting code  [/tmp/dse_real_hybrid_vivado_impl_hybrid_integrated_streaming_pipeline_sidecar_v3_8260e7d2/qeic_real_integrated_streaming_pipeline_sidecar_rtl.sv:166]
WARNING: [Synth 8-5788] Register y_re_s1_reg in module qeic_real_integrated_streaming_pipeline_sidecar_rtl is has both Set and reset with same priority. This may cause simulation mismatches. Consider rewriting code  [/tmp/dse_real_hybrid_vivado_impl_hybrid_integrated_streaming_pipeline_sidecar_v3_8260e7d2/qeic_real_integrated_streaming_pipeline_sidecar_rtl.sv:173]
WARNING: [Synth 8-5788] Register y_im_s1_reg in module qeic_real_integrated_streaming_pipeline_sidecar_rtl is has both Set and reset with same priority. This may cause simulation mismatches. Consider rewriting code  [/tmp/dse_real_hybrid_vivado_impl_hybrid_integrated_streaming_pipeline_sidecar_v3_8260e7d2/qeic_real_integrated_streaming_pipeline_sidecar_rtl.sv:174]
INFO: [Synth 8-6155] done synthesizing module 'qeic_real_integrated_streaming_pipeline_sidecar_rtl' (1#1) [/tmp/dse_real_hybrid_vivado_impl_hybrid_integrated_streaming_pipeline_sidecar_v3_8260e7d2/qeic_real_integrated_streaming_pipeline_sidecar_rtl.sv:1]
INFO: [Synth 8-6155] done synthesizing module 'qeic_real_integrated_streaming_pipeline_sidecar_impl_top' (2#1) [/tmp/dse_real_hybrid_vivado_impl_hybrid_integrated_streaming_pipeline_sidecar_v3_8260e7d2/qeic_real_integrated_streaming_pipeline_sidecar_impl_top.sv:1]
---------------------------------------------------------------------------------
Finished RTL Elaboration : Time (s): cpu = 00:00:02 ; elapsed = 00:00:04 . Memory (MB): peak = 1755.234 ; gain = 208.461 ; free physical = 5886 ; free virtual = 22614
---------------------------------------------------------------------------------

Report Check Netlist: 
+------+------------------+-------+---------+-------+------------------+
|      |Item              |Errors |Warnings |Status |Description       |
+------+------------------+-------+---------+-------+------------------+
|1     |multi_driven_nets |      0|        0|Passed |Multi driven nets |
+------+------------------+-------+---------+-------+------------------+
---------------------------------------------------------------------------------
Start Handling Custom Attributes
---------------------------------------------------------------------------------
---------------------------------------------------------------------------------
Finished Handling Custom Attributes : Time (s): cpu = 00:00:02 ; elapsed = 00:00:04 . Memory (MB): peak = 1761.168 ; gain = 214.395 ; free physical = 5885 ; free virtual = 22613
---------------------------------------------------------------------------------
---------------------------------------------------------------------------------
Finished RTL Optimization Phase 1 : Time (s): cpu = 00:00:02 ; elapsed = 00:00:04 . Memory (MB): peak = 1761.168 ; gain = 214.395 ; free physical = 5885 ; free virtual = 22613
---------------------------------------------------------------------------------
INFO: [Project 1-570] Preparing netlist for logic optimization

Processing XDC Constraints
Initializing timing engine
Parsing XDC File [/tmp/dse_real_hybrid_vivado_impl_hybrid_integrated_streaming_pipeline_sidecar_v3_8260e7d2/vivado_impl.xdc]
Finished Parsing XDC File [/tmp/dse_real_hybrid_vivado_impl_hybrid_integrated_streaming_pipeline_sidecar_v3_8260e7d2/vivado_impl.xdc]
Completed Processing XDC Constraints

Netlist sorting complete. Time (s): cpu = 00:00:00 ; elapsed = 00:00:00 . Memory (MB): peak = 1941.855 ; gain = 0.000 ; free physical = 5759 ; free virtual = 22487
INFO: [Project 1-111] Unisim Transformation Summary:
No Unisim elements were transformed.

Constraint Validation Runtime : Time (s): cpu = 00:00:00.01 ; elapsed = 00:00:00.01 . Memory (MB): peak = 1941.855 ; gain = 0.000 ; free physical = 5759 ; free virtual = 22487
---------------------------------------------------------------------------------
Finished Constraint Validation : Time (s): cpu = 00:00:05 ; elapsed = 00:00:08 . Memory (MB): peak = 1941.855 ; gain = 395.082 ; free physical = 5866 ; free virtual = 22594
---------------------------------------------------------------------------------
---------------------------------------------------------------------------------
Start Loading Part and Timing Information
---------------------------------------------------------------------------------
Loading part: xc7z020clg400-1
---------------------------------------------------------------------------------
Finished Loading Part and Timing Information : Time (s): cpu = 00:00:05 ; elapsed = 00:00:08 . Memory (MB): peak = 1941.855 ; gain = 395.082 ; free physical = 5866 ; free virtual = 22594
---------------------------------------------------------------------------------
---------------------------------------------------------------------------------
Start Applying 'set_property' XDC Constraints
---------------------------------------------------------------------------------
---------------------------------------------------------------------------------
Finished applying 'set_property' XDC Constraints : Time (s): cpu = 00:00:05 ; elapsed = 00:00:08 . Memory (MB): peak = 1941.855 ; gain = 395.082 ; free physical = 5866 ; free virtual = 22594
---------------------------------------------------------------------------------
---------------------------------------------------------------------------------
Finished RTL Optimization Phase 2 : Time (s): cpu = 00:00:05 ; elapsed = 00:00:08 . Memory (MB): peak = 1941.855 ; gain = 395.082 ; free physical = 5857 ; free virtual = 22585
---------------------------------------------------------------------------------

Report RTL Partitions: 
+-+--------------+------------+----------+
| |RTL Partition |Replication |Instances |
+-+--------------+------------+----------+
+-+--------------+------------+----------+
---------------------------------------------------------------------------------
Start RTL Component Statistics 
---------------------------------------------------------------------------------
Detailed RTL Component Info : 
+---Adders : 
	   2 Input     48 Bit       Adders := 3     
	   4 Input     48 Bit       Adders := 3     
	   3 Input     48 Bit       Adders := 2     
	   2 Input     36 Bit       Adders := 1     
	   2 Input     18 Bit       Adders := 6     
	   2 Input      5 Bit       Adders := 2     
+---Registers : 
	               66 Bit    Registers := 1     
	               48 Bit    Registers := 15    
	               36 Bit    Registers := 4     
	               18 Bit    Registers := 10    
	                2 Bit    Registers := 3     
	                1 Bit    Registers := 15    
+---Multipliers : 
	                18x36  Multipliers := 1     
+---Muxes : 
	   2 Input     48 Bit        Muxes := 5     
	   4 Input     48 Bit        Muxes := 3     
	   2 Input      2 Bit        Muxes := 1     
	   2 Input      1 Bit        Muxes := 8     
	   4 Input      1 Bit        Muxes := 2     
---------------------------------------------------------------------------------
Finished RTL Component Statistics 
---------------------------------------------------------------------------------
---------------------------------------------------------------------------------
Start RTL Hierarchical Component Statistics 
---------------------------------------------------------------------------------
Hierarchical RTL Component report 
Module qeic_real_integrated_streaming_pipeline_sidecar_impl_top 
Detailed RTL Component Info : 
+---Adders : 
	   4 Input     48 Bit       Adders := 1     
	   2 Input     18 Bit       Adders := 6     
	   2 Input      5 Bit       Adders := 2     
+---Registers : 
	               48 Bit    Registers := 1     
	                1 Bit    Registers := 3     
+---Muxes : 
	   2 Input     48 Bit        Muxes := 1     
	   2 Input      2 Bit        Muxes := 1     
	   2 Input      1 Bit        Muxes := 3     
Module qeic_real_integrated_streaming_pipeline_sidecar_rtl 
Detailed RTL Component Info : 
+---Adders : 
	   2 Input     48 Bit       Adders := 3     
	   4 Input     48 Bit       Adders := 2     
	   3 Input     48 Bit       Adders := 2     
	   2 Input     36 Bit       Adders := 1     
+---Registers : 
	               66 Bit    Registers := 1     
	               48 Bit    Registers := 14    
	               36 Bit    Registers := 4     
	               18 Bit    Registers := 10    
	                2 Bit    Registers := 3     
	                1 Bit    Registers := 12    
+---Multipliers : 
	                18x36  Multipliers := 1     
+---Muxes : 
	   2 Input     48 Bit        Muxes := 4     
	   4 Input     48 Bit        Muxes := 3     
	   2 Input      1 Bit        Muxes := 5     
	   4 Input      1 Bit        Muxes := 2     
---------------------------------------------------------------------------------
Finished RTL Hierarchical Component Statistics
---------------------------------------------------------------------------------
---------------------------------------------------------------------------------
Start Part Resource Summary
---------------------------------------------------------------------------------
Part Resources:
DSPs: 220 (col length:60)
BRAMs: 280 (col length: RAMB18 60 RAMB36 30)
---------------------------------------------------------------------------------
Finished Part Resource Summary
---------------------------------------------------------------------------------
---------------------------------------------------------------------------------
Start Cross Boundary and Area Optimization
---------------------------------------------------------------------------------
Warning: Parallel synthesis criteria is not met 
INFO: [Synth 8-5845] Not enough pipeline registers after wide multiplier. Recommended levels of pipeline registers is 3 [/tmp/dse_real_hybrid_vivado_impl_hybrid_integrated_streaming_pipeline_sidecar_v3_8260e7d2/qeic_real_integrated_streaming_pipeline_sidecar_rtl.sv:152]
DSP Report: Generating DSP alpha_x_re_s21, operation Mode is: A*(B:0xc0).
DSP Report: operator alpha_x_re_s21 is absorbed into DSP alpha_x_re_s21.
DSP Report: Generating DSP vloc_re_s20, operation Mode is: A*B.
DSP Report: operator vloc_re_s20 is absorbed into DSP vloc_re_s20.
DSP Report: Generating DSP alpha_x_im_s21, operation Mode is: A*(B:0xc0).
DSP Report: operator alpha_x_im_s21 is absorbed into DSP alpha_x_im_s21.
DSP Report: Generating DSP vloc_im_s20, operation Mode is: A*B.
DSP Report: operator vloc_im_s20 is absorbed into DSP vloc_im_s20.
DSP Report: Generating DSP im_sq_s20, operation Mode is: A*B.
DSP Report: operator im_sq_s20 is absorbed into DSP im_sq_s20.
DSP Report: Generating DSP re_sq_s20, operation Mode is: A*B.
DSP Report: operator re_sq_s20 is absorbed into DSP re_sq_s20.
DSP Report: Generating DSP weighted_s30, operation Mode is: A*B.
DSP Report: operator weighted_s30 is absorbed into DSP weighted_s30.
DSP Report: operator weighted_s30 is absorbed into DSP weighted_s30.
DSP Report: Generating DSP weighted_s30, operation Mode is: (PCIN>>17)+A*B.
DSP Report: operator weighted_s30 is absorbed into DSP weighted_s30.
DSP Report: operator weighted_s30 is absorbed into DSP weighted_s30.
INFO: [Synth 8-3886] merging instance 'sidecar/weight_s1_reg[0]' (FDE) to 'sidecar/b_re_s1_reg[1]'
INFO: [Synth 8-3886] merging instance 'sidecar/weight_s1_reg[1]' (FDE) to 'sidecar/b_re_s1_reg[2]'
INFO: [Synth 8-3886] merging instance 'sidecar/weight_s1_reg[2]' (FDE) to 'sidecar/y_im_s1_reg[2]'
INFO: [Synth 8-3886] merging instance 'sidecar/weight_s1_reg[3]' (FDE) to 'sidecar/a_re_s1_reg[3]'
INFO: [Synth 8-3886] merging instance 'sidecar/weight_s1_reg[4]' (FDE) to 'sidecar/a_re_s1_reg[4]'
INFO: [Synth 8-3886] merging instance 'sidecar/weight_s1_reg[6]' (FDE) to 'sidecar/c_im_s1_reg[17]'
INFO: [Synth 8-3886] merging instance 'sidecar/weight_s1_reg[7]' (FDE) to 'sidecar/c_re_s1_reg[17]'
INFO: [Synth 8-3886] merging instance 'sidecar/weight_s1_reg[8]' (FDE) to 'sidecar/c_re_s1_reg[17]'
INFO: [Synth 8-3886] merging instance 'sidecar/weight_s1_reg[9]' (FDE) to 'sidecar/c_re_s1_reg[17]'
INFO: [Synth 8-3886] merging instance 'sidecar/weight_s1_reg[10]' (FDE) to 'sidecar/c_re_s1_reg[17]'
INFO: [Synth 8-3886] merging instance 'sidecar/weight_s1_reg[11]' (FDE) to 'sidecar/c_re_s1_reg[17]'
INFO: [Synth 8-3886] merging instance 'sidecar/weight_s1_reg[12]' (FDE) to 'sidecar/c_re_s1_reg[17]'
INFO: [Synth 8-3886] merging instance 'sidecar/weight_s1_reg[13]' (FDE) to 'sidecar/c_re_s1_reg[17]'
INFO: [Synth 8-3886] merging instance 'sidecar/weight_s1_reg[14]' (FDE) to 'sidecar/c_re_s1_reg[17]'
INFO: [Synth 8-3886] merging instance 'sidecar/weight_s1_reg[15]' (FDE) to 'sidecar/c_re_s1_reg[17]'
INFO: [Synth 8-3886] merging instance 'sidecar/weight_s1_reg[16]' (FDE) to 'sidecar/c_re_s1_reg[17]'
INFO: [Synth 8-3886] merging instance 'sidecar/weight_s1_reg[17]' (FDE) to 'sidecar/c_re_s1_reg[17]'
INFO: [Synth 8-3886] merging instance 'sidecar/y_im_s1_reg[0]' (FDE) to 'sidecar/b_im_s1_reg[0]'
INFO: [Synth 8-3886] merging instance 'sidecar/y_im_s1_reg[2]' (FDE) to 'sidecar/b_re_s1_reg[3]'
INFO: [Synth 8-3886] merging instance 'sidecar/y_im_s1_reg[4]' (FDE) to 'sidecar/c_im_s1_reg[17]'
INFO: [Synth 8-3886] merging instance 'sidecar/y_im_s1_reg[5]' (FDE) to 'sidecar/c_im_s1_reg[17]'
INFO: [Synth 8-3886] merging instance 'sidecar/y_im_s1_reg[6]' (FDE) to 'sidecar/c_im_s1_reg[17]'
INFO: [Synth 8-3886] merging instance 'sidecar/y_im_s1_reg[7]' (FDE) to 'sidecar/c_im_s1_reg[17]'
INFO: [Synth 8-3886] merging instance 'sidecar/y_im_s1_reg[8]' (FDE) to 'sidecar/c_im_s1_reg[17]'
INFO: [Synth 8-3886] merging instance 'sidecar/y_im_s1_reg[9]' (FDE) to 'sidecar/c_im_s1_reg[17]'
INFO: [Synth 8-3886] merging instance 'sidecar/y_im_s1_reg[10]' (FDE) to 'sidecar/c_im_s1_reg[17]'
INFO: [Synth 8-3886] merging instance 'sidecar/y_im_s1_reg[11]' (FDE) to 'sidecar/c_im_s1_reg[17]'
INFO: [Synth 8-3886] merging instance 'sidecar/y_im_s1_reg[12]' (FDE) to 'sidecar/c_im_s1_reg[17]'
INFO: [Synth 8-3886] merging instance 'sidecar/y_im_s1_reg[13]' (FDE) to 'sidecar/c_im_s1_reg[17]'
INFO: [Synth 8-3886] merging instance 'sidecar/y_im_s1_reg[14]' (FDE) to 'sidecar/c_im_s1_reg[17]'
INFO: [Synth 8-3886] merging instance 'sidecar/y_im_s1_reg[15]' (FDE) to 'sidecar/c_im_s1_reg[17]'
INFO: [Synth 8-3886] merging instance 'sidecar/y_im_s1_reg[16]' (FDE) to 'sidecar/c_im_s1_reg[17]'
INFO: [Synth 8-3886] merging instance 'sidecar/y_im_s1_reg[17]' (FDE) to 'sidecar/c_im_s1_reg[17]'
INFO: [Synth 8-3886] merging instance 'sidecar/b_im_s1_reg[0]' (FDE) to 'sidecar/y_re_s1_reg[0]'
INFO: [Synth 8-3886] merging instance 'sidecar/c_im_s1_reg[17]' (FDE) to 'sidecar/b_im_s1_reg[17]'
INFO: [Synth 8-3886] merging instance 'sidecar/b_im_s1_reg[17]' (FDE) to 'sidecar/a_im_s1_reg[17]'
INFO: [Synth 8-3886] merging instance 'sidecar/y_re_s1_reg[4]' (FDE) to 'sidecar/c_re_s1_reg[17]'
INFO: [Synth 8-3886] merging instance 'sidecar/y_re_s1_reg[5]' (FDE) to 'sidecar/c_re_s1_reg[17]'
INFO: [Synth 8-3886] merging instance 'sidecar/y_re_s1_reg[6]' (FDE) to 'sidecar/c_re_s1_reg[17]'
INFO: [Synth 8-3886] merging instance 'sidecar/y_re_s1_reg[7]' (FDE) to 'sidecar/c_re_s1_reg[17]'
INFO: [Synth 8-3886] merging instance 'sidecar/y_re_s1_reg[8]' (FDE) to 'sidecar/c_re_s1_reg[17]'
INFO: [Synth 8-3886] merging instance 'sidecar/y_re_s1_reg[9]' (FDE) to 'sidecar/c_re_s1_reg[17]'
INFO: [Synth 8-3886] merging instance 'sidecar/y_re_s1_reg[10]' (FDE) to 'sidecar/c_re_s1_reg[17]'
INFO: [Synth 8-3886] merging instance 'sidecar/y_re_s1_reg[11]' (FDE) to 'sidecar/c_re_s1_reg[17]'
INFO: [Synth 8-3886] merging instance 'sidecar/y_re_s1_reg[12]' (FDE) to 'sidecar/c_re_s1_reg[17]'
INFO: [Synth 8-3886] merging instance 'sidecar/y_re_s1_reg[13]' (FDE) to 'sidecar/c_re_s1_reg[17]'
INFO: [Synth 8-3886] merging instance 'sidecar/y_re_s1_reg[14]' (FDE) to 'sidecar/c_re_s1_reg[17]'
INFO: [Synth 8-3886] merging instance 'sidecar/y_re_s1_reg[15]' (FDE) to 'sidecar/c_re_s1_reg[17]'
INFO: [Synth 8-3886] merging instance 'sidecar/y_re_s1_reg[16]' (FDE) to 'sidecar/c_re_s1_reg[17]'
INFO: [Synth 8-3886] merging instance 'sidecar/y_re_s1_reg[17]' (FDE) to 'sidecar/c_re_s1_reg[17]'
INFO: [Synth 8-3333] propagating constant 1 across sequential element (\sidecar/a_im_s1_reg[17] )
INFO: [Synth 8-3886] merging instance 'sidecar/a_re_s1_reg[0]' (FDE) to 'sidecar/b_re_s1_reg[1]'
INFO: [Synth 8-3886] merging instance 'sidecar/a_re_s1_reg[1]' (FDE) to 'sidecar/b_re_s1_reg[2]'
INFO: [Synth 8-3886] merging instance 'sidecar/b_re_s1_reg[0]' (FDE) to 'sidecar/c_re_s1_reg[17]'
INFO: [Synth 8-3886] merging instance 'sidecar/a_re_s1_reg[2]' (FDE) to 'sidecar/b_re_s1_reg[3]'
INFO: [Synth 8-3886] merging instance 'sidecar/a_re_s1_reg[17]' (FDE) to 'sidecar/c_re_s1_reg[17]'
INFO: [Synth 8-3886] merging instance 'sidecar/c_re_s1_reg[17]' (FDE) to 'sidecar/b_re_s1_reg[17]'
INFO: [Synth 8-3333] propagating constant 0 across sequential element (\sidecar/b_re_s1_reg[17] )
INFO: [Synth 8-3886] merging instance 'sidecar/weight_s2_reg[2]' (FDE) to 'sidecar/y_im_ext_s2_reg[10]'
INFO: [Synth 8-3886] merging instance 'sidecar/weight_s2_reg[6]' (FDE) to 'sidecar/y_im_ext_s2_reg[12]'
INFO: [Synth 8-3886] merging instance 'sidecar/weight_s2_reg[7]' (FDE) to 'sidecar/weighted_s3_reg[54]'
INFO: [Synth 8-3886] merging instance 'sidecar/weight_s2_reg[8]' (FDE) to 'sidecar/weighted_s3_reg[54]'
INFO: [Synth 8-3886] merging instance 'sidecar/weight_s2_reg[9]' (FDE) to 'sidecar/weighted_s3_reg[54]'
INFO: [Synth 8-3886] merging instance 'sidecar/weight_s2_reg[10]' (FDE) to 'sidecar/weighted_s3_reg[54]'
INFO: [Synth 8-3886] merging instance 'sidecar/weight_s2_reg[11]' (FDE) to 'sidecar/weighted_s3_reg[54]'
INFO: [Synth 8-3886] merging instance 'sidecar/weight_s2_reg[12]' (FDE) to 'sidecar/weighted_s3_reg[54]'
INFO: [Synth 8-3886] merging instance 'sidecar/weight_s2_reg[13]' (FDE) to 'sidecar/weighted_s3_reg[54]'
INFO: [Synth 8-3886] merging instance 'sidecar/weight_s2_reg[14]' (FDE) to 'sidecar/weighted_s3_reg[54]'
INFO: [Synth 8-3886] merging instance 'sidecar/weight_s2_reg[15]' (FDE) to 'sidecar/weighted_s3_reg[54]'
INFO: [Synth 8-3886] merging instance 'sidecar/weight_s2_reg[16]' (FDE) to 'sidecar/weighted_s3_reg[54]'
INFO: [Synth 8-3886] merging instance 'sidecar/weight_s2_reg[17]' (FDE) to 'sidecar/weighted_s3_reg[54]'
INFO: [Synth 8-3886] merging instance 'sidecar/y_im_ext_s2_reg[0]' (FDE) to 'sidecar/weighted_s3_reg[54]'
INFO: [Synth 8-3886] merging instance 'sidecar/y_im_ext_s2_reg[1]' (FDE) to 'sidecar/weighted_s3_reg[54]'
INFO: [Synth 8-3886] merging instance 'sidecar/y_im_ext_s2_reg[2]' (FDE) to 'sidecar/weighted_s3_reg[54]'
INFO: [Synth 8-3886] merging instance 'sidecar/y_im_ext_s2_reg[3]' (FDE) to 'sidecar/weighted_s3_reg[54]'
INFO: [Synth 8-3886] merging instance 'sidecar/y_im_ext_s2_reg[4]' (FDE) to 'sidecar/weighted_s3_reg[54]'
INFO: [Synth 8-3886] merging instance 'sidecar/y_im_ext_s2_reg[5]' (FDE) to 'sidecar/weighted_s3_reg[54]'
INFO: [Synth 8-3886] merging instance 'sidecar/y_im_ext_s2_reg[6]' (FDE) to 'sidecar/weighted_s3_reg[54]'
INFO: [Synth 8-3886] merging instance 'sidecar/y_im_ext_s2_reg[7]' (FDE) to 'sidecar/weighted_s3_reg[54]'
INFO: [Synth 8-3886] merging instance 'sidecar/y_im_ext_s2_reg[8]' (FDE) to 'sidecar/y_re_ext_s2_reg[8]'
INFO: [Synth 8-3886] merging instance 'sidecar/y_im_ext_s2_reg[12]' (FDE) to 'sidecar/y_im_ext_s2_reg[13]'
INFO: [Synth 8-3886] merging instance 'sidecar/y_im_ext_s2_reg[13]' (FDE) to 'sidecar/y_im_ext_s2_reg[14]'
INFO: [Synth 8-3886] merging instance 'sidecar/y_im_ext_s2_reg[14]' (FDE) to 'sidecar/y_im_ext_s2_reg[15]'
INFO: [Synth 8-3886] merging instance 'sidecar/y_im_ext_s2_reg[15]' (FDE) to 'sidecar/y_im_ext_s2_reg[16]'
INFO: [Synth 8-3886] merging instance 'sidecar/y_im_ext_s2_reg[16]' (FDE) to 'sidecar/y_im_ext_s2_reg[17]'
INFO: [Synth 8-3886] merging instance 'sidecar/y_im_ext_s2_reg[17]' (FDE) to 'sidecar/y_im_ext_s2_reg[18]'
INFO: [Synth 8-3886] merging instance 'sidecar/y_im_ext_s2_reg[18]' (FDE) to 'sidecar/y_im_ext_s2_reg[19]'
INFO: [Synth 8-3886] merging instance 'sidecar/y_im_ext_s2_reg[19]' (FDE) to 'sidecar/y_im_ext_s2_reg[20]'
INFO: [Synth 8-3886] merging instance 'sidecar/y_im_ext_s2_reg[20]' (FDE) to 'sidecar/y_im_ext_s2_reg[21]'
INFO: [Synth 8-3886] merging instance 'sidecar/y_im_ext_s2_reg[21]' (FDE) to 'sidecar/y_im_ext_s2_reg[22]'
INFO: [Synth 8-3886] merging instance 'sidecar/y_im_ext_s2_reg[22]' (FDE) to 'sidecar/y_im_ext_s2_reg[23]'
INFO: [Synth 8-3886] merging instance 'sidecar/y_im_ext_s2_reg[23]' (FDE) to 'sidecar/y_im_ext_s2_reg[24]'
INFO: [Synth 8-3886] merging instance 'sidecar/y_im_ext_s2_reg[24]' (FDE) to 'sidecar/y_im_ext_s2_reg[25]'
INFO: [Synth 8-3886] merging instance 'sidecar/y_im_ext_s2_reg[25]' (FDE) to 'sidecar/y_im_ext_s2_reg[26]'
INFO: [Synth 8-3886] merging instance 'sidecar/alpha_x_im_s2_reg[25]' (FDE) to 'sidecar/alpha_x_im_s2_reg[26]'
INFO: [Synth 8-3886] merging instance 'sidecar/y_im_ext_s2_reg[26]' (FDE) to 'sidecar/y_im_ext_s2_reg[27]'
INFO: [Synth 8-3886] merging instance 'sidecar/alpha_x_im_s2_reg[26]' (FDE) to 'sidecar/alpha_x_im_s2_reg[27]'
INFO: [Synth 8-3886] merging instance 'sidecar/y_im_ext_s2_reg[27]' (FDE) to 'sidecar/y_im_ext_s2_reg[28]'
INFO: [Synth 8-3886] merging instance 'sidecar/alpha_x_im_s2_reg[27]' (FDE) to 'sidecar/alpha_x_im_s2_reg[28]'
INFO: [Synth 8-3886] merging instance 'sidecar/y_im_ext_s2_reg[28]' (FDE) to 'sidecar/y_im_ext_s2_reg[29]'
INFO: [Synth 8-3886] merging instance 'sidecar/alpha_x_im_s2_reg[28]' (FDE) to 'sidecar/alpha_x_im_s2_reg[29]'
INFO: [Synth 8-3886] merging instance 'sidecar/y_im_ext_s2_reg[29]' (FDE) to 'sidecar/y_im_ext_s2_reg[30]'
INFO: [Common 17-14] Message 'Synth 8-3886' appears 100 times and further instances of the messages will be disabled. Use the Tcl command set_msg_config to change the current settings.
INFO: [Synth 8-3333] propagating constant 0 across sequential element (\sidecar/weighted_s3_reg[65] )
INFO: [Synth 8-3333] propagating constant 1 across sequential element (\sidecar/y_im_ext_s2_reg[47] )
---------------------------------------------------------------------------------
Finished Cross Boundary and Area Optimization : Time (s): cpu = 00:00:06 ; elapsed = 00:00:10 . Memory (MB): peak = 1941.855 ; gain = 395.082 ; free physical = 5834 ; free virtual = 22566
---------------------------------------------------------------------------------
---------------------------------------------------------------------------------
Start ROM, RAM, DSP and Shift Register Reporting
---------------------------------------------------------------------------------

DSP: Preliminary Mapping  Report (see note below)
+----------------------------------------------------+----------------+--------+--------+--------+--------+--------+------+------+------+------+-------+------+------+
|Module Name                                         | DSP Mapping    | A Size | B Size | C Size | D Size | P Size | AREG | BREG | CREG | DREG | ADREG | MREG | PREG | 
+----------------------------------------------------+----------------+--------+--------+--------+--------+--------+------+------+------+------+-------+------+------+
|qeic_real_integrated_streaming_pipeline_sidecar_rtl | A*(B:0xc0)     | 18     | 9      | -      | -      | 27     | 0    | 0    | -    | -    | -     | 0    | 0    | 
|qeic_real_integrated_streaming_pipeline_sidecar_rtl | A*B            | 18     | 18     | -      | -      | 36     | 0    | 0    | -    | -    | -     | 0    | 0    | 
|qeic_real_integrated_streaming_pipeline_sidecar_rtl | A*(B:0xc0)     | 18     | 9      | -      | -      | 27     | 0    | 0    | -    | -    | -     | 0    | 0    | 
|qeic_real_integrated_streaming_pipeline_sidecar_rtl | A*B            | 18     | 18     | -      | -      | 36     | 0    | 0    | -    | -    | -     | 0    | 0    | 
|qeic_real_integrated_streaming_pipeline_sidecar_rtl | A*B            | 18     | 18     | -      | -      | 36     | 0    | 0    | -    | -    | -     | 0    | 0    | 
|qeic_real_integrated_streaming_pipeline_sidecar_rtl | A*B            | 18     | 18     | -      | -      | 36     | 0    | 0    | -    | -    | -     | 0    | 0    | 
|qeic_real_integrated_streaming_pipeline_sidecar_rtl | A*B            | 19     | 18     | -      | -      | 48     | 0    | 0    | -    | -    | -     | 0    | 0    | 
|qeic_real_integrated_streaming_pipeline_sidecar_rtl | (PCIN>>17)+A*B | 19     | 18     | -      | -      | 48     | 0    | 0    | -    | -    | -     | 0    | 0    | 
+----------------------------------------------------+----------------+--------+--------+--------+--------+--------+------+------+------+------+-------+------+------+

Note: The table above is a preliminary report that shows the DSPs inferred at the current stage of the synthesis flow. Some DSP may be reimplemented as non DSP primitives later in the synthesis flow. Multiple instantiated DSPs are reported only once.
---------------------------------------------------------------------------------
Finished ROM, RAM, DSP and Shift Register Reporting
---------------------------------------------------------------------------------

Report RTL Partitions: 
+-+--------------+------------+----------+
| |RTL Partition |Replication |Instances |
+-+--------------+------------+----------+
+-+--------------+------------+----------+
---------------------------------------------------------------------------------
Start Applying XDC Timing Constraints
---------------------------------------------------------------------------------
---------------------------------------------------------------------------------
Finished Applying XDC Timing Constraints : Time (s): cpu = 00:00:09 ; elapsed = 00:00:13 . Memory (MB): peak = 1941.855 ; gain = 395.082 ; free physical = 5665 ; free virtual = 22397
---------------------------------------------------------------------------------
---------------------------------------------------------------------------------
Start Timing Optimization
---------------------------------------------------------------------------------
---------------------------------------------------------------------------------
Finished Timing Optimization : Time (s): cpu = 00:00:09 ; elapsed = 00:00:13 . Memory (MB): peak = 1941.855 ; gain = 395.082 ; free physical = 5661 ; free virtual = 22393
---------------------------------------------------------------------------------

Report RTL Partitions: 
+-+--------------+------------+----------+
| |RTL Partition |Replication |Instances |
+-+--------------+------------+----------+
+-+--------------+------------+----------+
---------------------------------------------------------------------------------
Start Technology Mapping
---------------------------------------------------------------------------------
INFO: [Synth 8-5844] Detected registers with asynchronous reset at DSP/BRAM block boundary. Consider using synchronous reset for optimal packing [/tmp/dse_real_hybrid_vivado_impl_hybrid_integrated_streaming_pipeline_sidecar_v3_8260e7d2/qeic_real_integrated_streaming_pipeline_sidecar_impl_top.sv:104]
INFO: [Synth 8-5844] Detected registers with asynchronous reset at DSP/BRAM block boundary. Consider using synchronous reset for optimal packing [/tmp/dse_real_hybrid_vivado_impl_hybrid_integrated_streaming_pipeline_sidecar_v3_8260e7d2/qeic_real_integrated_streaming_pipeline_sidecar_impl_top.sv:104]
INFO: [Synth 8-5844] Detected registers with asynchronous reset at DSP/BRAM block boundary. Consider using synchronous reset for optimal packing [/tmp/dse_real_hybrid_vivado_impl_hybrid_integrated_streaming_pipeline_sidecar_v3_8260e7d2/qeic_real_integrated_streaming_pipeline_sidecar_impl_top.sv:104]
INFO: [Synth 8-5844] Detected registers with asynchronous reset at DSP/BRAM block boundary. Consider using synchronous reset for optimal packing [/tmp/dse_real_hybrid_vivado_impl_hybrid_integrated_streaming_pipeline_sidecar_v3_8260e7d2/qeic_real_integrated_streaming_pipeline_sidecar_impl_top.sv:104]
---------------------------------------------------------------------------------
Finished Technology Mapping : Time (s): cpu = 00:00:10 ; elapsed = 00:00:13 . Memory (MB): peak = 1943.875 ; gain = 397.102 ; free physical = 5657 ; free virtual = 22389
---------------------------------------------------------------------------------

Report RTL Partitions: 
+-+--------------+------------+----------+
| |RTL Partition |Replication |Instances |
+-+--------------+------------+----------+
+-+--------------+------------+----------+
---------------------------------------------------------------------------------
Start IO Insertion
---------------------------------------------------------------------------------
---------------------------------------------------------------------------------
Start Flattening Before IO Insertion
---------------------------------------------------------------------------------
---------------------------------------------------------------------------------
Finished Flattening Before IO Insertion
---------------------------------------------------------------------------------
---------------------------------------------------------------------------------
Start Final Netlist Cleanup
---------------------------------------------------------------------------------
---------------------------------------------------------------------------------
Finished Final Netlist Cleanup
---------------------------------------------------------------------------------
---------------------------------------------------------------------------------
Finished IO Insertion : Time (s): cpu = 00:00:10 ; elapsed = 00:00:14 . Memory (MB): peak = 1946.848 ; gain = 400.074 ; free physical = 5657 ; free virtual = 22389
---------------------------------------------------------------------------------

Report Check Netlist: 
+------+------------------+-------+---------+-------+------------------+
|      |Item              |Errors |Warnings |Status |Description       |
+------+------------------+-------+---------+-------+------------------+
|1     |multi_driven_nets |      0|        0|Passed |Multi driven nets |
+------+------------------+-------+---------+-------+------------------+
---------------------------------------------------------------------------------
Start Renaming Generated Instances
---------------------------------------------------------------------------------
---------------------------------------------------------------------------------
Finished Renaming Generated Instances : Time (s): cpu = 00:00:10 ; elapsed = 00:00:14 . Memory (MB): peak = 1946.848 ; gain = 400.074 ; free physical = 5657 ; free virtual = 22389
---------------------------------------------------------------------------------

Report RTL Partitions: 
+-+--------------+------------+----------+
| |RTL Partition |Replication |Instances |
+-+--------------+------------+----------+
+-+--------------+------------+----------+
---------------------------------------------------------------------------------
Start Rebuilding User Hierarchy
---------------------------------------------------------------------------------
---------------------------------------------------------------------------------
Finished Rebuilding User Hierarchy : Time (s): cpu = 00:00:10 ; elapsed = 00:00:14 . Memory (MB): peak = 1946.848 ; gain = 400.074 ; free physical = 5657 ; free virtual = 22389
---------------------------------------------------------------------------------
---------------------------------------------------------------------------------
Start Renaming Generated Ports
---------------------------------------------------------------------------------
---------------------------------------------------------------------------------
Finished Renaming Generated Ports : Time (s): cpu = 00:00:10 ; elapsed = 00:00:14 . Memory (MB): peak = 1946.848 ; gain = 400.074 ; free physical = 5657 ; free virtual = 22389
---------------------------------------------------------------------------------
---------------------------------------------------------------------------------
Start Handling Custom Attributes
---------------------------------------------------------------------------------
---------------------------------------------------------------------------------
Finished Handling Custom Attributes : Time (s): cpu = 00:00:10 ; elapsed = 00:00:14 . Memory (MB): peak = 1946.848 ; gain = 400.074 ; free physical = 5657 ; free virtual = 22389
---------------------------------------------------------------------------------
---------------------------------------------------------------------------------
Start Renaming Generated Nets
---------------------------------------------------------------------------------
---------------------------------------------------------------------------------
Finished Renaming Generated Nets : Time (s): cpu = 00:00:10 ; elapsed = 00:00:14 . Memory (MB): peak = 1946.848 ; gain = 400.074 ; free physical = 5657 ; free virtual = 22389
---------------------------------------------------------------------------------
---------------------------------------------------------------------------------
Start Writing Synthesis Report
---------------------------------------------------------------------------------

Report BlackBoxes: 
+-+--------------+----------+
| |BlackBox name |Instances |
+-+--------------+----------+
+-+--------------+----------+

Report Cell Usage: 
+------+----------+------+
|      |Cell      |Count |
+------+----------+------+
|1     |BUFG      |     1|
|2     |CARRY4    |   178|
|3     |DSP48E1   |     1|
|4     |DSP48E1_1 |     1|
|5     |DSP48E1_2 |     3|
|6     |DSP48E1_3 |     2|
|7     |DSP48E1_4 |     1|
|8     |LUT1      |   145|
|9     |LUT2      |   309|
|10    |LUT3      |   199|
|11    |LUT4      |   137|
|12    |LUT5      |   150|
|13    |LUT6      |    54|
|14    |FDCE      |   329|
|15    |FDRE      |   406|
|16    |IBUF      |     3|
|17    |OBUF      |    49|
+------+----------+------+

Report Instance Areas: 
+------+----------+----------------------------------------------------+------+
|      |Instance  |Module                                              |Cells |
+------+----------+----------------------------------------------------+------+
|1     |top       |                                                    |  1968|
|2     |  sidecar |qeic_real_integrated_streaming_pipeline_sidecar_rtl |  1820|
+------+----------+----------------------------------------------------+------+
---------------------------------------------------------------------------------
Finished Writing Synthesis Report : Time (s): cpu = 00:00:10 ; elapsed = 00:00:14 . Memory (MB): peak = 1946.848 ; gain = 400.074 ; free physical = 5657 ; free virtual = 22389
---------------------------------------------------------------------------------
Synthesis finished with 0 errors, 0 critical warnings and 0 warnings.
Synthesis Optimization Runtime : Time (s): cpu = 00:00:09 ; elapsed = 00:00:13 . Memory (MB): peak = 1946.848 ; gain = 219.387 ; free physical = 5727 ; free virtual = 22459
Synthesis Optimization Complete : Time (s): cpu = 00:00:10 ; elapsed = 00:00:14 . Memory (MB): peak = 1946.852 ; gain = 400.074 ; free physical = 5727 ; free virtual = 22459
INFO: [Project 1-571] Translating synthesized netlist
INFO: [Netlist 29-17] Analyzing 186 Unisim elements for replacement
INFO: [Netlist 29-28] Unisim Transformation completed in 0 CPU seconds
WARNING: [Netlist 29-101] Netlist 'qeic_real_integrated_streaming_pipeline_sidecar_impl_top' is not ideal for floorplanning, since the cellview 'qeic_real_integrated_streaming_pipeline_sidecar_rtl' contains a large number of primitives.  Please consider enabling hierarchy in synthesis if you want to do floorplanning.
INFO: [Project 1-570] Preparing netlist for logic optimization
Parsing XDC File [/tmp/dse_real_hybrid_vivado_impl_hybrid_integrated_streaming_pipeline_sidecar_v3_8260e7d2/vivado_impl.xdc]
Finished Parsing XDC File [/tmp/dse_real_hybrid_vivado_impl_hybrid_integrated_streaming_pipeline_sidecar_v3_8260e7d2/vivado_impl.xdc]
INFO: [Opt 31-138] Pushed 0 inverter(s) to 0 load pin(s).
Netlist sorting complete. Time (s): cpu = 00:00:00 ; elapsed = 00:00:00 . Memory (MB): peak = 1985.801 ; gain = 0.000 ; free physical = 5665 ; free virtual = 22397
INFO: [Project 1-111] Unisim Transformation Summary:
No Unisim elements were transformed.

INFO: [Common 17-83] Releasing license: Synthesis
125 Infos, 35 Warnings, 0 Critical Warnings and 0 Errors encountered.
synth_design completed successfully
synth_design: Time (s): cpu = 00:00:13 ; elapsed = 00:00:17 . Memory (MB): peak = 1985.801 ; gain = 562.383 ; free physical = 5785 ; free virtual = 22517
# opt_design
Command: opt_design
Attempting to get a license for feature 'Implementation' and/or device 'xc7z020'
INFO: [Common 17-349] Got license for feature 'Implementation' and/or device 'xc7z020'
Running DRC as a precondition to command opt_design

Starting DRC Task
INFO: [DRC 23-27] Running DRC with 8 threads
INFO: [Project 1-461] DRC finished with 0 Errors
INFO: [Project 1-462] Please refer to the DRC report (report_drc) for more information.

Time (s): cpu = 00:00:00.85 ; elapsed = 00:00:02 . Memory (MB): peak = 2105.270 ; gain = 119.469 ; free physical = 5783 ; free virtual = 22515

Starting Cache Timing Information Task
INFO: [Timing 38-35] Done setting XDC timing constraints.
Ending Cache Timing Information Task | Checksum: 142e22939

Time (s): cpu = 00:00:00.84 ; elapsed = 00:00:00.92 . Memory (MB): peak = 2267.223 ; gain = 161.953 ; free physical = 5490 ; free virtual = 22222

Starting Logic Optimization Task

Phase 1 Retarget
INFO: [Opt 31-138] Pushed 0 inverter(s) to 0 load pin(s).
INFO: [Opt 31-49] Retargeted 0 cell(s).
Phase 1 Retarget | Checksum: 142e22939

Time (s): cpu = 00:00:00.06 ; elapsed = 00:00:00.04 . Memory (MB): peak = 2363.191 ; gain = 0.004 ; free physical = 5402 ; free virtual = 22134
INFO: [Opt 31-389] Phase Retarget created 0 cells and removed 0 cells

Phase 2 Constant propagation
INFO: [Opt 31-138] Pushed 0 inverter(s) to 0 load pin(s).
Phase 2 Constant propagation | Checksum: ef179838

Time (s): cpu = 00:00:00.07 ; elapsed = 00:00:00.05 . Memory (MB): peak = 2363.191 ; gain = 0.004 ; free physical = 5402 ; free virtual = 22134
INFO: [Opt 31-389] Phase Constant propagation created 0 cells and removed 0 cells

Phase 3 Sweep
Phase 3 Sweep | Checksum: 1cff287b7

Time (s): cpu = 00:00:00.09 ; elapsed = 00:00:00.07 . Memory (MB): peak = 2363.191 ; gain = 0.004 ; free physical = 5402 ; free virtual = 22134
INFO: [Opt 31-389] Phase Sweep created 1 cells and removed 0 cells

Phase 4 BUFG optimization
Phase 4 BUFG optimization | Checksum: 1cff287b7

Time (s): cpu = 00:00:00.10 ; elapsed = 00:00:00.08 . Memory (MB): peak = 2363.191 ; gain = 0.004 ; free physical = 5402 ; free virtual = 22134
INFO: [Opt 31-662] Phase BUFG optimization created 0 cells of which 0 are BUFGs and removed 0 cells.

Phase 5 Shift Register Optimization
INFO: [Opt 31-1064] SRL Remap converted 0 SRLs to 0 registers and converted 0 registers of register chains to 0 SRLs
Phase 5 Shift Register Optimization | Checksum: 1cff287b7

Time (s): cpu = 00:00:00.11 ; elapsed = 00:00:00.09 . Memory (MB): peak = 2363.191 ; gain = 0.004 ; free physical = 5402 ; free virtual = 22134
INFO: [Opt 31-389] Phase Shift Register Optimization created 0 cells and removed 0 cells

Phase 6 Post Processing Netlist
Phase 6 Post Processing Netlist | Checksum: 1cff287b7

Time (s): cpu = 00:00:00.11 ; elapsed = 00:00:00.09 . Memory (MB): peak = 2363.191 ; gain = 0.004 ; free physical = 5402 ; free virtual = 22134
INFO: [Opt 31-389] Phase Post Processing Netlist created 0 cells and removed 0 cells
Opt_design Change Summary
=========================


-------------------------------------------------------------------------------------------------------------------------
|  Phase                        |  #Cells created  |  #Cells Removed  |  #Constrained objects preventing optimizations  |
-------------------------------------------------------------------------------------------------------------------------
|  Retarget                     |               0  |               0  |                                              0  |
|  Constant propagation         |               0  |               0  |                                              0  |
|  Sweep                        |               1  |               0  |                                              0  |
|  BUFG optimization            |               0  |               0  |                                              0  |
|  Shift Register Optimization  |               0  |               0  |                                              0  |
|  Post Processing Netlist      |               0  |               0  |                                              0  |
-------------------------------------------------------------------------------------------------------------------------



Starting Connectivity Check Task

Time (s): cpu = 00:00:00 ; elapsed = 00:00:00 . Memory (MB): peak = 2363.191 ; gain = 0.000 ; free physical = 5402 ; free virtual = 22134
Ending Logic Optimization Task | Checksum: 17271dae8

Time (s): cpu = 00:00:00.23 ; elapsed = 00:00:00.13 . Memory (MB): peak = 2363.191 ; gain = 0.004 ; free physical = 5402 ; free virtual = 22134

Starting Power Optimization Task
INFO: [Pwropt 34-132] Skipping clock gating for clocks with a period < 2.00 ns.
Ending Power Optimization Task | Checksum: 17271dae8

Time (s): cpu = 00:00:00.01 ; elapsed = 00:00:00.02 . Memory (MB): peak = 2363.191 ; gain = 0.000 ; free physical = 5402 ; free virtual = 22134

Starting Final Cleanup Task
Ending Final Cleanup Task | Checksum: 17271dae8

Time (s): cpu = 00:00:00 ; elapsed = 00:00:00 . Memory (MB): peak = 2363.191 ; gain = 0.000 ; free physical = 5402 ; free virtual = 22134

Starting Netlist Obfuscation Task
Netlist sorting complete. Time (s): cpu = 00:00:00 ; elapsed = 00:00:00 . Memory (MB): peak = 2363.191 ; gain = 0.000 ; free physical = 5402 ; free virtual = 22134
Ending Netlist Obfuscation Task | Checksum: 17271dae8

Time (s): cpu = 00:00:00 ; elapsed = 00:00:00 . Memory (MB): peak = 2363.191 ; gain = 0.000 ; free physical = 5402 ; free virtual = 22134
INFO: [Common 17-83] Releasing license: Implementation
17 Infos, 0 Warnings, 0 Critical Warnings and 0 Errors encountered.
opt_design completed successfully
# place_design
Command: place_design
Attempting to get a license for feature 'Implementation' and/or device 'xc7z020'
INFO: [Common 17-349] Got license for feature 'Implementation' and/or device 'xc7z020'
INFO: [DRC 23-27] Running DRC with 8 threads
INFO: [Vivado_Tcl 4-198] DRC finished with 0 Errors
INFO: [Vivado_Tcl 4-199] Please refer to the DRC report (report_drc) for more information.
Running DRC as a precondition to command place_design
INFO: [DRC 23-27] Running DRC with 8 threads
INFO: [Vivado_Tcl 4-198] DRC finished with 0 Errors
INFO: [Vivado_Tcl 4-199] Please refer to the DRC report (report_drc) for more information.

Starting Placer Task
INFO: [Place 30-611] Multithreading enabled for place_design using a maximum of 8 CPUs

Phase 1 Placer Initialization

Phase 1.1 Placer Initialization Netlist Sorting
Netlist sorting complete. Time (s): cpu = 00:00:00 ; elapsed = 00:00:00 . Memory (MB): peak = 2471.816 ; gain = 0.000 ; free physical = 5393 ; free virtual = 22125
Phase 1.1 Placer Initialization Netlist Sorting | Checksum: b4d0a774

Time (s): cpu = 00:00:00 ; elapsed = 00:00:00.01 . Memory (MB): peak = 2471.816 ; gain = 0.000 ; free physical = 5393 ; free virtual = 22125
Netlist sorting complete. Time (s): cpu = 00:00:00 ; elapsed = 00:00:00 . Memory (MB): peak = 2471.816 ; gain = 0.000 ; free physical = 5393 ; free virtual = 22125

Phase 1.2 IO Placement/ Clock Placement/ Build Placer Device
INFO: [Timing 38-35] Done setting XDC timing constraints.
Phase 1.2 IO Placement/ Clock Placement/ Build Placer Device | Checksum: 9f855eb4

Time (s): cpu = 00:00:00.56 ; elapsed = 00:00:00.19 . Memory (MB): peak = 2471.816 ; gain = 0.000 ; free physical = 5378 ; free virtual = 22109

Phase 1.3 Build Placer Netlist Model
Phase 1.3 Build Placer Netlist Model | Checksum: 17c5ede70

Time (s): cpu = 00:00:00.98 ; elapsed = 00:00:00.36 . Memory (MB): peak = 2478.840 ; gain = 7.023 ; free physical = 5382 ; free virtual = 22114

Phase 1.4 Constrain Clocks/Macros
Phase 1.4 Constrain Clocks/Macros | Checksum: 17c5ede70

Time (s): cpu = 00:00:00.98 ; elapsed = 00:00:00.36 . Memory (MB): peak = 2478.840 ; gain = 7.023 ; free physical = 5382 ; free virtual = 22114
Phase 1 Placer Initialization | Checksum: 17c5ede70

Time (s): cpu = 00:00:00.99 ; elapsed = 00:00:00.36 . Memory (MB): peak = 2478.840 ; gain = 7.023 ; free physical = 5382 ; free virtual = 22114

Phase 2 Global Placement

Phase 2.1 Floorplanning
Phase 2.1 Floorplanning | Checksum: 13e5b2f5d

Time (s): cpu = 00:00:01 ; elapsed = 00:00:00.43 . Memory (MB): peak = 2494.848 ; gain = 23.031 ; free physical = 5377 ; free virtual = 22109

Phase 2.2 Global Placement Core

Phase 2.2.1 Physical Synthesis In Placer
INFO: [Physopt 32-65] No nets found for high-fanout optimization.
INFO: [Physopt 32-232] Optimized 0 net. Created 0 new instance.
INFO: [Physopt 32-775] End 1 Pass. Optimized 0 net or cell. Created 0 new cell, deleted 0 existing cell and moved 0 existing cell
INFO: [Physopt 32-670] No setup violation found.  DSP Register Optimization was not performed.
INFO: [Physopt 32-670] No setup violation found.  Shift Register Optimization was not performed.
INFO: [Physopt 32-670] No setup violation found.  BRAM Register Optimization was not performed.
INFO: [Physopt 32-949] No candidate nets found for HD net replication
INFO: [Physopt 32-775] End 1 Pass. Optimized 0 net or cell. Created 0 new cell, deleted 0 existing cell and moved 0 existing cell
Netlist sorting complete. Time (s): cpu = 00:00:00 ; elapsed = 00:00:00 . Memory (MB): peak = 2510.855 ; gain = 0.000 ; free physical = 5356 ; free virtual = 22088

Summary of Physical Synthesis Optimizations
============================================


----------------------------------------------------------------------------------------------------------------------------------------
|  Optimization                  |  Added Cells  |  Removed Cells  |  Optimized Cells/Nets  |  Dont Touch  |  Iterations  |  Elapsed   |
----------------------------------------------------------------------------------------------------------------------------------------
|  Very High Fanout              |            0  |              0  |                     0  |           0  |           1  |  00:00:00  |
|  DSP Register                  |            0  |              0  |                     0  |           0  |           0  |  00:00:00  |
|  Shift Register                |            0  |              0  |                     0  |           0  |           0  |  00:00:00  |
|  BRAM Register                 |            0  |              0  |                     0  |           0  |           0  |  00:00:00  |
|  HD Interface Net Replication  |            0  |              0  |                     0  |           0  |           1  |  00:00:00  |
|  Total                         |            0  |              0  |                     0  |           0  |           2  |  00:00:00  |
----------------------------------------------------------------------------------------------------------------------------------------


Phase 2.2.1 Physical Synthesis In Placer | Checksum: 1c6a4e0ec

Time (s): cpu = 00:00:09 ; elapsed = 00:00:02 . Memory (MB): peak = 2510.855 ; gain = 39.039 ; free physical = 5356 ; free virtual = 22088
Phase 2.2 Global Placement Core | Checksum: 1e6c58dbe

Time (s): cpu = 00:00:09 ; elapsed = 00:00:02 . Memory (MB): peak = 2510.855 ; gain = 39.039 ; free physical = 5356 ; free virtual = 22088
Phase 2 Global Placement | Checksum: 1e6c58dbe

Time (s): cpu = 00:00:09 ; elapsed = 00:00:02 . Memory (MB): peak = 2510.855 ; gain = 39.039 ; free physical = 5356 ; free virtual = 22088

Phase 3 Detail Placement

Phase 3.1 Commit Multi Column Macros
Phase 3.1 Commit Multi Column Macros | Checksum: 1a33031b7

Time (s): cpu = 00:00:09 ; elapsed = 00:00:02 . Memory (MB): peak = 2510.855 ; gain = 39.039 ; free physical = 5356 ; free virtual = 22088

Phase 3.2 Commit Most Macros & LUTRAMs
Phase 3.2 Commit Most Macros & LUTRAMs | Checksum: 200bd97b1

Time (s): cpu = 00:00:09 ; elapsed = 00:00:02 . Memory (MB): peak = 2510.855 ; gain = 39.039 ; free physical = 5355 ; free virtual = 22087

Phase 3.3 Area Swap Optimization
Phase 3.3 Area Swap Optimization | Checksum: 1d09d4c87

Time (s): cpu = 00:00:09 ; elapsed = 00:00:02 . Memory (MB): peak = 2510.855 ; gain = 39.039 ; free physical = 5355 ; free virtual = 22087

Phase 3.4 Pipeline Register Optimization
Phase 3.4 Pipeline Register Optimization | Checksum: 2113184ff

Time (s): cpu = 00:00:09 ; elapsed = 00:00:02 . Memory (MB): peak = 2510.855 ; gain = 39.039 ; free physical = 5355 ; free virtual = 22087

Phase 3.5 Small Shape Detail Placement
Phase 3.5 Small Shape Detail Placement | Checksum: 1a2f5b087

Time (s): cpu = 00:00:10 ; elapsed = 00:00:03 . Memory (MB): peak = 2510.855 ; gain = 39.039 ; free physical = 5353 ; free virtual = 22085

Phase 3.6 Re-assign LUT pins
Phase 3.6 Re-assign LUT pins | Checksum: 11644628a

Time (s): cpu = 00:00:10 ; elapsed = 00:00:03 . Memory (MB): peak = 2510.855 ; gain = 39.039 ; free physical = 5353 ; free virtual = 22085

Phase 3.7 Pipeline Register Optimization
Phase 3.7 Pipeline Register Optimization | Checksum: d5700a12

Time (s): cpu = 00:00:10 ; elapsed = 00:00:03 . Memory (MB): peak = 2510.855 ; gain = 39.039 ; free physical = 5353 ; free virtual = 22085
Phase 3 Detail Placement | Checksum: d5700a12

Time (s): cpu = 00:00:10 ; elapsed = 00:00:03 . Memory (MB): peak = 2510.855 ; gain = 39.039 ; free physical = 5353 ; free virtual = 22085

Phase 4 Post Placement Optimization and Clean-Up

Phase 4.1 Post Commit Optimization
INFO: [Timing 38-35] Done setting XDC timing constraints.

Phase 4.1.1 Post Placement Optimization
Post Placement Optimization Initialization | Checksum: 123e2b174

Phase 4.1.1.1 BUFG Insertion
INFO: [Place 46-56] BUFG insertion identified 0 candidate nets. Inserted BUFG: 0, Replicated BUFG Driver: 0, Skipped due to Placement/Routing Conflicts: 0, Skipped due to Timing Degradation: 0, Skipped due to Illegal Netlist: 0.
Phase 4.1.1.1 BUFG Insertion | Checksum: 123e2b174

Time (s): cpu = 00:00:10 ; elapsed = 00:00:03 . Memory (MB): peak = 2510.855 ; gain = 39.039 ; free physical = 5355 ; free virtual = 22087
INFO: [Place 30-746] Post Placement Timing Summary WNS=0.765. For the most accurate timing information please run report_timing.
Phase 4.1.1 Post Placement Optimization | Checksum: 1bb3915d7

Time (s): cpu = 00:00:10 ; elapsed = 00:00:03 . Memory (MB): peak = 2510.855 ; gain = 39.039 ; free physical = 5355 ; free virtual = 22087
Phase 4.1 Post Commit Optimization | Checksum: 1bb3915d7

Time (s): cpu = 00:00:10 ; elapsed = 00:00:03 . Memory (MB): peak = 2510.855 ; gain = 39.039 ; free physical = 5355 ; free virtual = 22087

Phase 4.2 Post Placement Cleanup
Phase 4.2 Post Placement Cleanup | Checksum: 1bb3915d7

Time (s): cpu = 00:00:10 ; elapsed = 00:00:03 . Memory (MB): peak = 2510.855 ; gain = 39.039 ; free physical = 5357 ; free virtual = 22089

Phase 4.3 Placer Reporting
Phase 4.3 Placer Reporting | Checksum: 1bb3915d7

Time (s): cpu = 00:00:10 ; elapsed = 00:00:03 . Memory (MB): peak = 2510.855 ; gain = 39.039 ; free physical = 5357 ; free virtual = 22089

Phase 4.4 Final Placement Cleanup
Netlist sorting complete. Time (s): cpu = 00:00:00 ; elapsed = 00:00:00 . Memory (MB): peak = 2510.855 ; gain = 0.000 ; free physical = 5357 ; free virtual = 22089
Phase 4.4 Final Placement Cleanup | Checksum: 18163b317

Time (s): cpu = 00:00:10 ; elapsed = 00:00:03 . Memory (MB): peak = 2510.855 ; gain = 39.039 ; free physical = 5357 ; free virtual = 22089
Phase 4 Post Placement Optimization and Clean-Up | Checksum: 18163b317

Time (s): cpu = 00:00:10 ; elapsed = 00:00:03 . Memory (MB): peak = 2510.855 ; gain = 39.039 ; free physical = 5357 ; free virtual = 22089
Ending Placer Task | Checksum: b7ef4dca

Time (s): cpu = 00:00:10 ; elapsed = 00:00:03 . Memory (MB): peak = 2510.855 ; gain = 39.039 ; free physical = 5357 ; free virtual = 22089
INFO: [Common 17-83] Releasing license: Implementation
21 Infos, 0 Warnings, 0 Critical Warnings and 0 Errors encountered.
place_design completed successfully
# route_design
Command: route_design
Attempting to get a license for feature 'Implementation' and/or device 'xc7z020'
INFO: [Common 17-349] Got license for feature 'Implementation' and/or device 'xc7z020'
Running DRC as a precondition to command route_design
INFO: [DRC 23-27] Running DRC with 8 threads
INFO: [Vivado_Tcl 4-198] DRC finished with 0 Errors
INFO: [Vivado_Tcl 4-199] Please refer to the DRC report (report_drc) for more information.


Starting Routing Task
INFO: [Route 35-254] Multithreading enabled for route_design using a maximum of 8 CPUs
Checksum: PlaceDB: 5ed58e67 ConstDB: 0 ShapeSum: 5919bf63 RouteDB: 0

Phase 1 Build RT Design
Phase 1 Build RT Design | Checksum: 10f657bea

Time (s): cpu = 00:00:08 ; elapsed = 00:00:07 . Memory (MB): peak = 2546.285 ; gain = 0.000 ; free physical = 5236 ; free virtual = 21968
Post Restoration Checksum: NetGraph: 7e31e6e9 NumContArr: 91339501 Constraints: 0 Timing: 0

Phase 2 Router Initialization

Phase 2.1 Create Timer
Phase 2.1 Create Timer | Checksum: 10f657bea

Time (s): cpu = 00:00:08 ; elapsed = 00:00:07 . Memory (MB): peak = 2546.285 ; gain = 0.000 ; free physical = 5217 ; free virtual = 21949

Phase 2.2 Fix Topology Constraints
Phase 2.2 Fix Topology Constraints | Checksum: 10f657bea

Time (s): cpu = 00:00:08 ; elapsed = 00:00:07 . Memory (MB): peak = 2575.270 ; gain = 28.984 ; free physical = 5182 ; free virtual = 21914

Phase 2.3 Pre Route Cleanup
Phase 2.3 Pre Route Cleanup | Checksum: 10f657bea

Time (s): cpu = 00:00:08 ; elapsed = 00:00:07 . Memory (MB): peak = 2575.270 ; gain = 28.984 ; free physical = 5182 ; free virtual = 21914
 Number of Nodes with overlaps = 0

Phase 2.4 Update Timing
Phase 2.4 Update Timing | Checksum: f48862f6

Time (s): cpu = 00:00:08 ; elapsed = 00:00:07 . Memory (MB): peak = 2596.324 ; gain = 50.039 ; free physical = 5175 ; free virtual = 21907
INFO: [Route 35-416] Intermediate Timing Summary | WNS=0.617  | TNS=0.000  | WHS=-0.145 | THS=-5.677 |

Phase 2 Router Initialization | Checksum: 1679b8b42

Time (s): cpu = 00:00:09 ; elapsed = 00:00:07 . Memory (MB): peak = 2596.324 ; gain = 50.039 ; free physical = 5175 ; free virtual = 21907

Router Utilization Summary
  Global Vertical Routing Utilization    = 0 %
  Global Horizontal Routing Utilization  = 0 %
  Routable Net Status*
  *Does not include unroutable nets such as driverless and loadless.
  Run report_route_status for detailed report.
  Number of Failed Nets               = 1533
    (Failed Nets is the sum of unrouted and partially routed nets)
  Number of Unrouted Nets             = 1533
  Number of Partially Routed Nets     = 0
  Number of Node Overlaps             = 0


Phase 3 Initial Routing
Phase 3 Initial Routing | Checksum: 21755d42b

Time (s): cpu = 00:00:09 ; elapsed = 00:00:07 . Memory (MB): peak = 2596.324 ; gain = 50.039 ; free physical = 5176 ; free virtual = 21908

Phase 4 Rip-up And Reroute

Phase 4.1 Global Iteration 0
 Number of Nodes with overlaps = 46
 Number of Nodes with overlaps = 1
 Number of Nodes with overlaps = 0
INFO: [Route 35-416] Intermediate Timing Summary | WNS=0.790  | TNS=0.000  | WHS=N/A    | THS=N/A    |

Phase 4.1 Global Iteration 0 | Checksum: 1623fc3b8

Time (s): cpu = 00:00:09 ; elapsed = 00:00:07 . Memory (MB): peak = 2596.324 ; gain = 50.039 ; free physical = 5177 ; free virtual = 21909
Phase 4 Rip-up And Reroute | Checksum: 1623fc3b8

Time (s): cpu = 00:00:09 ; elapsed = 00:00:07 . Memory (MB): peak = 2596.324 ; gain = 50.039 ; free physical = 5177 ; free virtual = 21909

Phase 5 Delay and Skew Optimization

Phase 5.1 Delay CleanUp

Phase 5.1.1 Update Timing
Phase 5.1.1 Update Timing | Checksum: 14b1ea90c

Time (s): cpu = 00:00:09 ; elapsed = 00:00:07 . Memory (MB): peak = 2596.324 ; gain = 50.039 ; free physical = 5177 ; free virtual = 21909
INFO: [Route 35-416] Intermediate Timing Summary | WNS=0.959  | TNS=0.000  | WHS=N/A    | THS=N/A    |

Phase 5.1 Delay CleanUp | Checksum: 14b1ea90c

Time (s): cpu = 00:00:09 ; elapsed = 00:00:07 . Memory (MB): peak = 2596.324 ; gain = 50.039 ; free physical = 5177 ; free virtual = 21909

Phase 5.2 Clock Skew Optimization
Phase 5.2 Clock Skew Optimization | Checksum: 14b1ea90c

Time (s): cpu = 00:00:09 ; elapsed = 00:00:07 . Memory (MB): peak = 2596.324 ; gain = 50.039 ; free physical = 5177 ; free virtual = 21909
Phase 5 Delay and Skew Optimization | Checksum: 14b1ea90c

Time (s): cpu = 00:00:09 ; elapsed = 00:00:07 . Memory (MB): peak = 2596.324 ; gain = 50.039 ; free physical = 5177 ; free virtual = 21909

Phase 6 Post Hold Fix

Phase 6.1 Hold Fix Iter

Phase 6.1.1 Update Timing
Phase 6.1.1 Update Timing | Checksum: 15a7d5be0

Time (s): cpu = 00:00:09 ; elapsed = 00:00:07 . Memory (MB): peak = 2596.324 ; gain = 50.039 ; free physical = 5177 ; free virtual = 21909
INFO: [Route 35-416] Intermediate Timing Summary | WNS=0.959  | TNS=0.000  | WHS=0.101  | THS=0.000  |

Phase 6.1 Hold Fix Iter | Checksum: 1796f9fa4

Time (s): cpu = 00:00:09 ; elapsed = 00:00:07 . Memory (MB): peak = 2596.324 ; gain = 50.039 ; free physical = 5177 ; free virtual = 21909
Phase 6 Post Hold Fix | Checksum: 1796f9fa4

Time (s): cpu = 00:00:09 ; elapsed = 00:00:07 . Memory (MB): peak = 2596.324 ; gain = 50.039 ; free physical = 5177 ; free virtual = 21909

Phase 7 Route finalize

Router Utilization Summary
  Global Vertical Routing Utilization    = 0.243347 %
  Global Horizontal Routing Utilization  = 0.322093 %
  Routable Net Status*
  *Does not include unroutable nets such as driverless and loadless.
  Run report_route_status for detailed report.
  Number of Failed Nets               = 0
    (Failed Nets is the sum of unrouted and partially routed nets)
  Number of Unrouted Nets             = 0
  Number of Partially Routed Nets     = 0
  Number of Node Overlaps             = 0

Phase 7 Route finalize | Checksum: 1e9b6500e

Time (s): cpu = 00:00:09 ; elapsed = 00:00:07 . Memory (MB): peak = 2596.324 ; gain = 50.039 ; free physical = 5177 ; free virtual = 21909

Phase 8 Verifying routed nets

 Verification completed successfully
Phase 8 Verifying routed nets | Checksum: 1e9b6500e

Time (s): cpu = 00:00:09 ; elapsed = 00:00:07 . Memory (MB): peak = 2596.324 ; gain = 50.039 ; free physical = 5175 ; free virtual = 21907

Phase 9 Depositing Routes
Phase 9 Depositing Routes | Checksum: 1e6384622

Time (s): cpu = 00:00:09 ; elapsed = 00:00:07 . Memory (MB): peak = 2596.324 ; gain = 50.039 ; free physical = 5175 ; free virtual = 21907

Phase 10 Post Router Timing
INFO: [Route 35-57] Estimated Timing Summary | WNS=0.959  | TNS=0.000  | WHS=0.101  | THS=0.000  |

INFO: [Route 35-327] The final timing numbers are based on the router estimated timing analysis. For a complete and accurate timing signoff, please run report_timing_summary.
Phase 10 Post Router Timing | Checksum: 1e6384622

Time (s): cpu = 00:00:09 ; elapsed = 00:00:07 . Memory (MB): peak = 2596.324 ; gain = 50.039 ; free physical = 5176 ; free virtual = 21908
INFO: [Route 35-16] Router Completed Successfully

Time (s): cpu = 00:00:09 ; elapsed = 00:00:07 . Memory (MB): peak = 2596.324 ; gain = 50.039 ; free physical = 5212 ; free virtual = 21944

Routing Is Done.
INFO: [Common 17-83] Releasing license: Implementation
13 Infos, 0 Warnings, 0 Critical Warnings and 0 Errors encountered.
route_design completed successfully
route_design: Time (s): cpu = 00:00:10 ; elapsed = 00:00:09 . Memory (MB): peak = 2596.324 ; gain = 85.469 ; free physical = 5212 ; free virtual = 21944
# report_utilization -file vivado_utilization.rpt
# report_timing_summary -file vivado_timing_summary.rpt
INFO: [Timing 38-91] UpdateTimingParams: Speed grade: -1, Delay Type: min_max.
INFO: [Timing 38-191] Multithreading enabled for timing update using a maximum of 8 CPUs
# write_checkpoint -force post_route.dcp
Netlist sorting complete. Time (s): cpu = 00:00:00 ; elapsed = 00:00:00 . Memory (MB): peak = 2620.332 ; gain = 0.000 ; free physical = 5209 ; free virtual = 21941
INFO: [Timing 38-480] Writing timing data to binary archive.
Writing placer database...
Writing XDEF routing.
Writing XDEF routing logical nets.
Writing XDEF routing special nets.
Write XDEF Complete: Time (s): cpu = 00:00:00.16 ; elapsed = 00:00:00.04 . Memory (MB): peak = 2620.332 ; gain = 0.000 ; free physical = 5202 ; free virtual = 21937
INFO: [Common 17-1381] The checkpoint '/tmp/dse_real_hybrid_vivado_impl_hybrid_integrated_streaming_pipeline_sidecar_v3_8260e7d2/post_route.dcp' has been generated.
INFO: [Common 17-206] Exiting Vivado at Mon Jun  8 21:51:41 2026...
