

================================================================
== Vivado HLS Report for 'qeic_real_fft_twiddle_stream'
================================================================
* Date:           Mon Jun  8 19:07:51 2026

* Version:        2019.1 (Build 2552052 on Fri May 24 15:28:33 MDT 2019)
* Project:        real_hybrid_hls
* Solution:       sol1
* Product family: zynq
* Target device:  xc7z020-clg400-1


================================================================
== Performance Estimates
================================================================
+ Timing (ns): 
    * Summary: 
    +--------+-------+----------+------------+
    |  Clock | Target| Estimated| Uncertainty|
    +--------+-------+----------+------------+
    |ap_clk  |  10.00|     8.750|        1.25|
    +--------+-------+----------+------------+

+ Latency (clock cycles): 
    * Summary: 
    +-----+-----+-----+-----+---------+
    |  Latency  |  Interval | Pipeline|
    | min | max | min | max |   Type  |
    +-----+-----+-----+-----+---------+
    |    ?|    ?|    ?|    ?|   none  |
    +-----+-----+-----+-----+---------+

    + Detail: 
        * Instance: 
        +--------------------------------+---------------------+-----+-----+-----+-----+----------+
        |                                |                     |  Latency  |  Interval | Pipeline |
        |            Instance            |        Module       | min | max | min | max |   Type   |
        +--------------------------------+---------------------+-----+-----+-----+-----+----------+
        |grp_sin_or_cos_double_s_fu_205  |sin_or_cos_double_s  |   26|   26|    1|    1| function |
        |grp_sin_or_cos_double_s_fu_224  |sin_or_cos_double_s  |   26|   26|    1|    1| function |
        +--------------------------------+---------------------+-----+-----+-----+-----+----------+

        * Loop: 
        +----------+-----+-----+----------+-----------+-----------+------+----------+
        |          |  Latency  | Iteration|  Initiation Interval  | Trip |          |
        | Loop Name| min | max |  Latency |  achieved |   target  | Count| Pipelined|
        +----------+-----+-----+----------+-----------+-----------+------+----------+
        |- Loop 1  |    ?|    ?|        56|          1|          1|     ?|    yes   |
        +----------+-----+-----+----------+-----------+-----------+------+----------+



================================================================
== Utilization Estimates
================================================================
* Summary: 
+-----------------+---------+-------+--------+-------+-----+
|       Name      | BRAM_18K| DSP48E|   FF   |  LUT  | URAM|
+-----------------+---------+-------+--------+-------+-----+
|DSP              |        -|      -|       -|      -|    -|
|Expression       |        -|      -|       0|    264|    -|
|FIFO             |        -|      -|       -|      -|    -|
|Instance         |       48|    237|   17055|  22791|    -|
|Memory           |        -|      -|       -|      -|    -|
|Multiplexer      |        -|      -|       -|    167|    -|
|Register         |        0|      -|    1332|    128|    -|
+-----------------+---------+-------+--------+-------+-----+
|Total            |       48|    237|   18387|  23350|    0|
+-----------------+---------+-------+--------+-------+-----+
|Available        |      280|    220|  106400|  53200|    0|
+-----------------+---------+-------+--------+-------+-----+
|Utilization (%)  |       17|    107|      17|     43|    0|
+-----------------+---------+-------+--------+-------+-----+

+ Detail: 
    * Instance: 
    +-----------------------------------------------------------------+-------------------------------------------------------------+---------+-------+------+------+-----+
    |                             Instance                            |                            Module                           | BRAM_18K| DSP48E|  FF  |  LUT | URAM|
    +-----------------------------------------------------------------+-------------------------------------------------------------+---------+-------+------+------+-----+
    |qeic_real_fft_twiddle_stream_control_s_axi_U                     |qeic_real_fft_twiddle_stream_control_s_axi                   |        0|      0|   226|   360|    0|
    |qeic_real_fft_twiddle_stream_dadd_64ns_64ns_64_5_full_dsp_1_U30  |qeic_real_fft_twiddle_stream_dadd_64ns_64ns_64_5_full_dsp_1  |        0|      3|   445|  1149|    0|
    |qeic_real_fft_twiddle_stream_dmul_64ns_64ns_64_6_max_dsp_1_U31   |qeic_real_fft_twiddle_stream_dmul_64ns_64ns_64_6_max_dsp_1   |        0|     11|   317|   578|    0|
    |qeic_real_fft_twiddle_stream_dmul_64ns_64ns_64_6_max_dsp_1_U32   |qeic_real_fft_twiddle_stream_dmul_64ns_64ns_64_6_max_dsp_1   |        0|     11|   317|   578|    0|
    |qeic_real_fft_twiddle_stream_dmul_64ns_64ns_64_6_max_dsp_1_U33   |qeic_real_fft_twiddle_stream_dmul_64ns_64ns_64_6_max_dsp_1   |        0|     11|   317|   578|    0|
    |qeic_real_fft_twiddle_stream_dmul_64ns_64ns_64_6_max_dsp_1_U34   |qeic_real_fft_twiddle_stream_dmul_64ns_64ns_64_6_max_dsp_1   |        0|     11|   317|   578|    0|
    |qeic_real_fft_twiddle_stream_dmul_64ns_64ns_64_6_max_dsp_1_U35   |qeic_real_fft_twiddle_stream_dmul_64ns_64ns_64_6_max_dsp_1   |        0|     11|   317|   578|    0|
    |qeic_real_fft_twiddle_stream_dsub_64ns_64ns_64_5_full_dsp_1_U29  |qeic_real_fft_twiddle_stream_dsub_64ns_64ns_64_5_full_dsp_1  |        0|      3|   445|  1149|    0|
    |qeic_real_fft_twiddle_stream_gmem0_m_axi_U                       |qeic_real_fft_twiddle_stream_gmem0_m_axi                     |        4|      0|   566|   766|    0|
    |qeic_real_fft_twiddle_stream_gmem1_m_axi_U                       |qeic_real_fft_twiddle_stream_gmem1_m_axi                     |        4|      0|   566|   766|    0|
    |qeic_real_fft_twiddle_stream_gmem2_m_axi_U                       |qeic_real_fft_twiddle_stream_gmem2_m_axi                     |        4|      0|   566|   766|    0|
    |qeic_real_fft_twiddle_stream_gmem3_m_axi_U                       |qeic_real_fft_twiddle_stream_gmem3_m_axi                     |        4|      0|   566|   766|    0|
    |qeic_real_fft_twiddle_stream_sitodp_32ns_64_6_1_U36              |qeic_real_fft_twiddle_stream_sitodp_32ns_64_6_1              |        0|      0|   412|   645|    0|
    |grp_sin_or_cos_double_s_fu_205                                   |sin_or_cos_double_s                                          |       16|     88|  5839|  6767|    0|
    |grp_sin_or_cos_double_s_fu_224                                   |sin_or_cos_double_s                                          |       16|     88|  5839|  6767|    0|
    +-----------------------------------------------------------------+-------------------------------------------------------------+---------+-------+------+------+-----+
    |Total                                                            |                                                             |       48|    237| 17055| 22791|    0|
    +-----------------------------------------------------------------+-------------------------------------------------------------+---------+-------+------+------+-----+

    * DSP48E: 
    N/A

    * Memory: 
    N/A

    * FIFO: 
    N/A

    * Expression: 
    +------------------------------------+----------+-------+---+----+------------+------------+
    |            Variable Name           | Operation| DSP48E| FF| LUT| Bitwidth P0| Bitwidth P1|
    +------------------------------------+----------+-------+---+----+------------+------------+
    |add_ln15_1_fu_374_p2                |     +    |      0|  0|  39|          32|          32|
    |add_ln15_fu_341_p2                  |     +    |      0|  0|  39|          32|           2|
    |add_ln19_fu_388_p2                  |     +    |      0|  0|  40|          33|          33|
    |add_ln20_fu_393_p2                  |     +    |      0|  0|  40|          33|          33|
    |i_fu_356_p2                         |     +    |      0|  0|  38|          31|           1|
    |dst_fu_380_p2                       |    and   |      0|  0|  32|          32|          32|
    |icmp_ln13_fu_351_p2                 |   icmp   |      0|  0|  18|          32|          32|
    |ap_block_pp0_stage0_01001           |    or    |      0|  0|   2|           1|           1|
    |ap_block_pp0_stage0_11001           |    or    |      0|  0|   2|           1|           1|
    |ap_block_state2_io                  |    or    |      0|  0|   2|           1|           1|
    |ap_block_state47_pp0_stage0_iter38  |    or    |      0|  0|   2|           1|           1|
    |ap_block_state58_io                 |    or    |      0|  0|   2|           1|           1|
    |ap_block_state59_io                 |    or    |      0|  0|   2|           1|           1|
    |ap_block_state64_pp0_stage0_iter55  |    or    |      0|  0|   2|           1|           1|
    |ap_enable_pp0                       |    xor   |      0|  0|   2|           1|           2|
    |ap_enable_reg_pp0_iter1             |    xor   |      0|  0|   2|           2|           1|
    +------------------------------------+----------+-------+---+----+------------+------------+
    |Total                               |          |      0|  0| 264|         235|         175|
    +------------------------------------+----------+-------+---+----+------------+------------+

    * Multiplexer: 
    +--------------------------+----+-----------+-----+-----------+
    |           Name           | LUT| Input Size| Bits| Total Bits|
    +--------------------------+----+-----------+-----+-----------+
    |ap_NS_fsm                 |  50|         11|    1|         11|
    |ap_enable_reg_pp0_iter1   |   9|          2|    1|          2|
    |ap_enable_reg_pp0_iter55  |   9|          2|    1|          2|
    |gmem0_blk_n_AR            |   9|          2|    1|          2|
    |gmem0_blk_n_R             |   9|          2|    1|          2|
    |gmem1_blk_n_AR            |   9|          2|    1|          2|
    |gmem1_blk_n_R             |   9|          2|    1|          2|
    |gmem2_blk_n_AW            |   9|          2|    1|          2|
    |gmem2_blk_n_B             |   9|          2|    1|          2|
    |gmem2_blk_n_W             |   9|          2|    1|          2|
    |gmem3_blk_n_AW            |   9|          2|    1|          2|
    |gmem3_blk_n_B             |   9|          2|    1|          2|
    |gmem3_blk_n_W             |   9|          2|    1|          2|
    |i_0_reg_194               |   9|          2|   31|         62|
    +--------------------------+----+-----------+-----+-----------+
    |Total                     | 167|         37|   44|         97|
    +--------------------------+----+-----------+-----+-----------+

    * Register: 
    +---------------------------------------------+----+----+-----+-----------+
    |                     Name                    | FF | LUT| Bits| Const Bits|
    +---------------------------------------------+----+----+-----+-----------+
    |add_ln15_reg_468                             |  32|   0|   32|          0|
    |add_ln19_reg_547                             |  33|   0|   33|          0|
    |add_ln20_reg_552                             |  33|   0|   33|          0|
    |angle_reg_497                                |  64|   0|   64|          0|
    |ap_CS_fsm                                    |  10|   0|   10|          0|
    |ap_enable_reg_pp0_iter0                      |   1|   0|    1|          0|
    |ap_enable_reg_pp0_iter1                      |   1|   0|    1|          0|
    |ap_enable_reg_pp0_iter10                     |   1|   0|    1|          0|
    |ap_enable_reg_pp0_iter11                     |   1|   0|    1|          0|
    |ap_enable_reg_pp0_iter12                     |   1|   0|    1|          0|
    |ap_enable_reg_pp0_iter13                     |   1|   0|    1|          0|
    |ap_enable_reg_pp0_iter14                     |   1|   0|    1|          0|
    |ap_enable_reg_pp0_iter15                     |   1|   0|    1|          0|
    |ap_enable_reg_pp0_iter16                     |   1|   0|    1|          0|
    |ap_enable_reg_pp0_iter17                     |   1|   0|    1|          0|
    |ap_enable_reg_pp0_iter18                     |   1|   0|    1|          0|
    |ap_enable_reg_pp0_iter19                     |   1|   0|    1|          0|
    |ap_enable_reg_pp0_iter2                      |   1|   0|    1|          0|
    |ap_enable_reg_pp0_iter20                     |   1|   0|    1|          0|
    |ap_enable_reg_pp0_iter21                     |   1|   0|    1|          0|
    |ap_enable_reg_pp0_iter22                     |   1|   0|    1|          0|
    |ap_enable_reg_pp0_iter23                     |   1|   0|    1|          0|
    |ap_enable_reg_pp0_iter24                     |   1|   0|    1|          0|
    |ap_enable_reg_pp0_iter25                     |   1|   0|    1|          0|
    |ap_enable_reg_pp0_iter26                     |   1|   0|    1|          0|
    |ap_enable_reg_pp0_iter27                     |   1|   0|    1|          0|
    |ap_enable_reg_pp0_iter28                     |   1|   0|    1|          0|
    |ap_enable_reg_pp0_iter29                     |   1|   0|    1|          0|
    |ap_enable_reg_pp0_iter3                      |   1|   0|    1|          0|
    |ap_enable_reg_pp0_iter30                     |   1|   0|    1|          0|
    |ap_enable_reg_pp0_iter31                     |   1|   0|    1|          0|
    |ap_enable_reg_pp0_iter32                     |   1|   0|    1|          0|
    |ap_enable_reg_pp0_iter33                     |   1|   0|    1|          0|
    |ap_enable_reg_pp0_iter34                     |   1|   0|    1|          0|
    |ap_enable_reg_pp0_iter35                     |   1|   0|    1|          0|
    |ap_enable_reg_pp0_iter36                     |   1|   0|    1|          0|
    |ap_enable_reg_pp0_iter37                     |   1|   0|    1|          0|
    |ap_enable_reg_pp0_iter38                     |   1|   0|    1|          0|
    |ap_enable_reg_pp0_iter39                     |   1|   0|    1|          0|
    |ap_enable_reg_pp0_iter4                      |   1|   0|    1|          0|
    |ap_enable_reg_pp0_iter40                     |   1|   0|    1|          0|
    |ap_enable_reg_pp0_iter41                     |   1|   0|    1|          0|
    |ap_enable_reg_pp0_iter42                     |   1|   0|    1|          0|
    |ap_enable_reg_pp0_iter43                     |   1|   0|    1|          0|
    |ap_enable_reg_pp0_iter44                     |   1|   0|    1|          0|
    |ap_enable_reg_pp0_iter45                     |   1|   0|    1|          0|
    |ap_enable_reg_pp0_iter46                     |   1|   0|    1|          0|
    |ap_enable_reg_pp0_iter47                     |   1|   0|    1|          0|
    |ap_enable_reg_pp0_iter48                     |   1|   0|    1|          0|
    |ap_enable_reg_pp0_iter49                     |   1|   0|    1|          0|
    |ap_enable_reg_pp0_iter5                      |   1|   0|    1|          0|
    |ap_enable_reg_pp0_iter50                     |   1|   0|    1|          0|
    |ap_enable_reg_pp0_iter51                     |   1|   0|    1|          0|
    |ap_enable_reg_pp0_iter52                     |   1|   0|    1|          0|
    |ap_enable_reg_pp0_iter53                     |   1|   0|    1|          0|
    |ap_enable_reg_pp0_iter54                     |   1|   0|    1|          0|
    |ap_enable_reg_pp0_iter55                     |   1|   0|    1|          0|
    |ap_enable_reg_pp0_iter6                      |   1|   0|    1|          0|
    |ap_enable_reg_pp0_iter7                      |   1|   0|    1|          0|
    |ap_enable_reg_pp0_iter8                      |   1|   0|    1|          0|
    |ap_enable_reg_pp0_iter9                      |   1|   0|    1|          0|
    |c_reg_503                                    |  64|   0|   64|          0|
    |dst_reg_487                                  |  32|   0|   32|          0|
    |gmem0_addr_read_reg_515                      |  64|   0|   64|          0|
    |gmem1_addr_read_reg_521                      |  64|   0|   64|          0|
    |grp_sin_or_cos_double_s_fu_205_ap_start_reg  |   1|   0|    1|          0|
    |grp_sin_or_cos_double_s_fu_224_ap_start_reg  |   1|   0|    1|          0|
    |i_0_reg_194                                  |  31|   0|   31|          0|
    |icmp_ln13_reg_478                            |   1|   0|    1|          0|
    |n_read_reg_418                               |  32|   0|   32|          0|
    |p_cast10_reg_463                             |  29|   0|   33|          4|
    |p_cast11_reg_458                             |  29|   0|   33|          4|
    |s_reg_509                                    |  64|   0|   64|          0|
    |tmp_12_reg_426                               |  29|   0|   29|          0|
    |tmp_13_reg_431                               |  29|   0|   29|          0|
    |tmp_14_reg_436                               |  29|   0|   29|          0|
    |tmp_15_reg_441                               |  29|   0|   29|          0|
    |tmp_2_reg_527                                |  64|   0|   64|          0|
    |tmp_3_reg_532                                |  64|   0|   64|          0|
    |tmp_4_reg_557                                |  64|   0|   64|          0|
    |tmp_5_reg_537                                |  64|   0|   64|          0|
    |tmp_6_reg_542                                |  64|   0|   64|          0|
    |tmp_7_reg_568                                |  64|   0|   64|          0|
    |tmp_reg_492                                  |  64|   0|   64|          0|
    |dst_reg_487                                  |  64|  64|   32|          0|
    |icmp_ln13_reg_478                            |  64|  64|    1|          0|
    +---------------------------------------------+----+----+-----+-----------+
    |Total                                        |1332| 128| 1245|          8|
    +---------------------------------------------+----+----+-----+-----------+



================================================================
== Interface
================================================================
* Summary: 
+-----------------------+-----+-----+------------+------------------------------+--------------+
|       RTL Ports       | Dir | Bits|  Protocol  |         Source Object        |    C Type    |
+-----------------------+-----+-----+------------+------------------------------+--------------+
|s_axi_control_AWVALID  |  in |    1|    s_axi   |            control           |    scalar    |
|s_axi_control_AWREADY  | out |    1|    s_axi   |            control           |    scalar    |
|s_axi_control_AWADDR   |  in |    6|    s_axi   |            control           |    scalar    |
|s_axi_control_WVALID   |  in |    1|    s_axi   |            control           |    scalar    |
|s_axi_control_WREADY   | out |    1|    s_axi   |            control           |    scalar    |
|s_axi_control_WDATA    |  in |   32|    s_axi   |            control           |    scalar    |
|s_axi_control_WSTRB    |  in |    4|    s_axi   |            control           |    scalar    |
|s_axi_control_ARVALID  |  in |    1|    s_axi   |            control           |    scalar    |
|s_axi_control_ARREADY  | out |    1|    s_axi   |            control           |    scalar    |
|s_axi_control_ARADDR   |  in |    6|    s_axi   |            control           |    scalar    |
|s_axi_control_RVALID   | out |    1|    s_axi   |            control           |    scalar    |
|s_axi_control_RREADY   |  in |    1|    s_axi   |            control           |    scalar    |
|s_axi_control_RDATA    | out |   32|    s_axi   |            control           |    scalar    |
|s_axi_control_RRESP    | out |    2|    s_axi   |            control           |    scalar    |
|s_axi_control_BVALID   | out |    1|    s_axi   |            control           |    scalar    |
|s_axi_control_BREADY   |  in |    1|    s_axi   |            control           |    scalar    |
|s_axi_control_BRESP    | out |    2|    s_axi   |            control           |    scalar    |
|ap_clk                 |  in |    1| ap_ctrl_hs | qeic_real_fft_twiddle_stream | return value |
|ap_rst_n               |  in |    1| ap_ctrl_hs | qeic_real_fft_twiddle_stream | return value |
|interrupt              | out |    1| ap_ctrl_hs | qeic_real_fft_twiddle_stream | return value |
|m_axi_gmem0_AWVALID    | out |    1|    m_axi   |             gmem0            |    pointer   |
|m_axi_gmem0_AWREADY    |  in |    1|    m_axi   |             gmem0            |    pointer   |
|m_axi_gmem0_AWADDR     | out |   32|    m_axi   |             gmem0            |    pointer   |
|m_axi_gmem0_AWID       | out |    1|    m_axi   |             gmem0            |    pointer   |
|m_axi_gmem0_AWLEN      | out |    8|    m_axi   |             gmem0            |    pointer   |
|m_axi_gmem0_AWSIZE     | out |    3|    m_axi   |             gmem0            |    pointer   |
|m_axi_gmem0_AWBURST    | out |    2|    m_axi   |             gmem0            |    pointer   |
|m_axi_gmem0_AWLOCK     | out |    2|    m_axi   |             gmem0            |    pointer   |
|m_axi_gmem0_AWCACHE    | out |    4|    m_axi   |             gmem0            |    pointer   |
|m_axi_gmem0_AWPROT     | out |    3|    m_axi   |             gmem0            |    pointer   |
|m_axi_gmem0_AWQOS      | out |    4|    m_axi   |             gmem0            |    pointer   |
|m_axi_gmem0_AWREGION   | out |    4|    m_axi   |             gmem0            |    pointer   |
|m_axi_gmem0_AWUSER     | out |    1|    m_axi   |             gmem0            |    pointer   |
|m_axi_gmem0_WVALID     | out |    1|    m_axi   |             gmem0            |    pointer   |
|m_axi_gmem0_WREADY     |  in |    1|    m_axi   |             gmem0            |    pointer   |
|m_axi_gmem0_WDATA      | out |   64|    m_axi   |             gmem0            |    pointer   |
|m_axi_gmem0_WSTRB      | out |    8|    m_axi   |             gmem0            |    pointer   |
|m_axi_gmem0_WLAST      | out |    1|    m_axi   |             gmem0            |    pointer   |
|m_axi_gmem0_WID        | out |    1|    m_axi   |             gmem0            |    pointer   |
|m_axi_gmem0_WUSER      | out |    1|    m_axi   |             gmem0            |    pointer   |
|m_axi_gmem0_ARVALID    | out |    1|    m_axi   |             gmem0            |    pointer   |
|m_axi_gmem0_ARREADY    |  in |    1|    m_axi   |             gmem0            |    pointer   |
|m_axi_gmem0_ARADDR     | out |   32|    m_axi   |             gmem0            |    pointer   |
|m_axi_gmem0_ARID       | out |    1|    m_axi   |             gmem0            |    pointer   |
|m_axi_gmem0_ARLEN      | out |    8|    m_axi   |             gmem0            |    pointer   |
|m_axi_gmem0_ARSIZE     | out |    3|    m_axi   |             gmem0            |    pointer   |
|m_axi_gmem0_ARBURST    | out |    2|    m_axi   |             gmem0            |    pointer   |
|m_axi_gmem0_ARLOCK     | out |    2|    m_axi   |             gmem0            |    pointer   |
|m_axi_gmem0_ARCACHE    | out |    4|    m_axi   |             gmem0            |    pointer   |
|m_axi_gmem0_ARPROT     | out |    3|    m_axi   |             gmem0            |    pointer   |
|m_axi_gmem0_ARQOS      | out |    4|    m_axi   |             gmem0            |    pointer   |
|m_axi_gmem0_ARREGION   | out |    4|    m_axi   |             gmem0            |    pointer   |
|m_axi_gmem0_ARUSER     | out |    1|    m_axi   |             gmem0            |    pointer   |
|m_axi_gmem0_RVALID     |  in |    1|    m_axi   |             gmem0            |    pointer   |
|m_axi_gmem0_RREADY     | out |    1|    m_axi   |             gmem0            |    pointer   |
|m_axi_gmem0_RDATA      |  in |   64|    m_axi   |             gmem0            |    pointer   |
|m_axi_gmem0_RLAST      |  in |    1|    m_axi   |             gmem0            |    pointer   |
|m_axi_gmem0_RID        |  in |    1|    m_axi   |             gmem0            |    pointer   |
|m_axi_gmem0_RUSER      |  in |    1|    m_axi   |             gmem0            |    pointer   |
|m_axi_gmem0_RRESP      |  in |    2|    m_axi   |             gmem0            |    pointer   |
|m_axi_gmem0_BVALID     |  in |    1|    m_axi   |             gmem0            |    pointer   |
|m_axi_gmem0_BREADY     | out |    1|    m_axi   |             gmem0            |    pointer   |
|m_axi_gmem0_BRESP      |  in |    2|    m_axi   |             gmem0            |    pointer   |
|m_axi_gmem0_BID        |  in |    1|    m_axi   |             gmem0            |    pointer   |
|m_axi_gmem0_BUSER      |  in |    1|    m_axi   |             gmem0            |    pointer   |
|m_axi_gmem1_AWVALID    | out |    1|    m_axi   |             gmem1            |    pointer   |
|m_axi_gmem1_AWREADY    |  in |    1|    m_axi   |             gmem1            |    pointer   |
|m_axi_gmem1_AWADDR     | out |   32|    m_axi   |             gmem1            |    pointer   |
|m_axi_gmem1_AWID       | out |    1|    m_axi   |             gmem1            |    pointer   |
|m_axi_gmem1_AWLEN      | out |    8|    m_axi   |             gmem1            |    pointer   |
|m_axi_gmem1_AWSIZE     | out |    3|    m_axi   |             gmem1            |    pointer   |
|m_axi_gmem1_AWBURST    | out |    2|    m_axi   |             gmem1            |    pointer   |
|m_axi_gmem1_AWLOCK     | out |    2|    m_axi   |             gmem1            |    pointer   |
|m_axi_gmem1_AWCACHE    | out |    4|    m_axi   |             gmem1            |    pointer   |
|m_axi_gmem1_AWPROT     | out |    3|    m_axi   |             gmem1            |    pointer   |
|m_axi_gmem1_AWQOS      | out |    4|    m_axi   |             gmem1            |    pointer   |
|m_axi_gmem1_AWREGION   | out |    4|    m_axi   |             gmem1            |    pointer   |
|m_axi_gmem1_AWUSER     | out |    1|    m_axi   |             gmem1            |    pointer   |
|m_axi_gmem1_WVALID     | out |    1|    m_axi   |             gmem1            |    pointer   |
|m_axi_gmem1_WREADY     |  in |    1|    m_axi   |             gmem1            |    pointer   |
|m_axi_gmem1_WDATA      | out |   64|    m_axi   |             gmem1            |    pointer   |
|m_axi_gmem1_WSTRB      | out |    8|    m_axi   |             gmem1            |    pointer   |
|m_axi_gmem1_WLAST      | out |    1|    m_axi   |             gmem1            |    pointer   |
|m_axi_gmem1_WID        | out |    1|    m_axi   |             gmem1            |    pointer   |
|m_axi_gmem1_WUSER      | out |    1|    m_axi   |             gmem1            |    pointer   |
|m_axi_gmem1_ARVALID    | out |    1|    m_axi   |             gmem1            |    pointer   |
|m_axi_gmem1_ARREADY    |  in |    1|    m_axi   |             gmem1            |    pointer   |
|m_axi_gmem1_ARADDR     | out |   32|    m_axi   |             gmem1            |    pointer   |
|m_axi_gmem1_ARID       | out |    1|    m_axi   |             gmem1            |    pointer   |
|m_axi_gmem1_ARLEN      | out |    8|    m_axi   |             gmem1            |    pointer   |
|m_axi_gmem1_ARSIZE     | out |    3|    m_axi   |             gmem1            |    pointer   |
|m_axi_gmem1_ARBURST    | out |    2|    m_axi   |             gmem1            |    pointer   |
|m_axi_gmem1_ARLOCK     | out |    2|    m_axi   |             gmem1            |    pointer   |
|m_axi_gmem1_ARCACHE    | out |    4|    m_axi   |             gmem1            |    pointer   |
|m_axi_gmem1_ARPROT     | out |    3|    m_axi   |             gmem1            |    pointer   |
|m_axi_gmem1_ARQOS      | out |    4|    m_axi   |             gmem1            |    pointer   |
|m_axi_gmem1_ARREGION   | out |    4|    m_axi   |             gmem1            |    pointer   |
|m_axi_gmem1_ARUSER     | out |    1|    m_axi   |             gmem1            |    pointer   |
|m_axi_gmem1_RVALID     |  in |    1|    m_axi   |             gmem1            |    pointer   |
|m_axi_gmem1_RREADY     | out |    1|    m_axi   |             gmem1            |    pointer   |
|m_axi_gmem1_RDATA      |  in |   64|    m_axi   |             gmem1            |    pointer   |
|m_axi_gmem1_RLAST      |  in |    1|    m_axi   |             gmem1            |    pointer   |
|m_axi_gmem1_RID        |  in |    1|    m_axi   |             gmem1            |    pointer   |
|m_axi_gmem1_RUSER      |  in |    1|    m_axi   |             gmem1            |    pointer   |
|m_axi_gmem1_RRESP      |  in |    2|    m_axi   |             gmem1            |    pointer   |
|m_axi_gmem1_BVALID     |  in |    1|    m_axi   |             gmem1            |    pointer   |
|m_axi_gmem1_BREADY     | out |    1|    m_axi   |             gmem1            |    pointer   |
|m_axi_gmem1_BRESP      |  in |    2|    m_axi   |             gmem1            |    pointer   |
|m_axi_gmem1_BID        |  in |    1|    m_axi   |             gmem1            |    pointer   |
|m_axi_gmem1_BUSER      |  in |    1|    m_axi   |             gmem1            |    pointer   |
|m_axi_gmem2_AWVALID    | out |    1|    m_axi   |             gmem2            |    pointer   |
|m_axi_gmem2_AWREADY    |  in |    1|    m_axi   |             gmem2            |    pointer   |
|m_axi_gmem2_AWADDR     | out |   32|    m_axi   |             gmem2            |    pointer   |
|m_axi_gmem2_AWID       | out |    1|    m_axi   |             gmem2            |    pointer   |
|m_axi_gmem2_AWLEN      | out |    8|    m_axi   |             gmem2            |    pointer   |
|m_axi_gmem2_AWSIZE     | out |    3|    m_axi   |             gmem2            |    pointer   |
|m_axi_gmem2_AWBURST    | out |    2|    m_axi   |             gmem2            |    pointer   |
|m_axi_gmem2_AWLOCK     | out |    2|    m_axi   |             gmem2            |    pointer   |
|m_axi_gmem2_AWCACHE    | out |    4|    m_axi   |             gmem2            |    pointer   |
|m_axi_gmem2_AWPROT     | out |    3|    m_axi   |             gmem2            |    pointer   |
|m_axi_gmem2_AWQOS      | out |    4|    m_axi   |             gmem2            |    pointer   |
|m_axi_gmem2_AWREGION   | out |    4|    m_axi   |             gmem2            |    pointer   |
|m_axi_gmem2_AWUSER     | out |    1|    m_axi   |             gmem2            |    pointer   |
|m_axi_gmem2_WVALID     | out |    1|    m_axi   |             gmem2            |    pointer   |
|m_axi_gmem2_WREADY     |  in |    1|    m_axi   |             gmem2            |    pointer   |
|m_axi_gmem2_WDATA      | out |   64|    m_axi   |             gmem2            |    pointer   |
|m_axi_gmem2_WSTRB      | out |    8|    m_axi   |             gmem2            |    pointer   |
|m_axi_gmem2_WLAST      | out |    1|    m_axi   |             gmem2            |    pointer   |
|m_axi_gmem2_WID        | out |    1|    m_axi   |             gmem2            |    pointer   |
|m_axi_gmem2_WUSER      | out |    1|    m_axi   |             gmem2            |    pointer   |
|m_axi_gmem2_ARVALID    | out |    1|    m_axi   |             gmem2            |    pointer   |
|m_axi_gmem2_ARREADY    |  in |    1|    m_axi   |             gmem2            |    pointer   |
|m_axi_gmem2_ARADDR     | out |   32|    m_axi   |             gmem2            |    pointer   |
|m_axi_gmem2_ARID       | out |    1|    m_axi   |             gmem2            |    pointer   |
|m_axi_gmem2_ARLEN      | out |    8|    m_axi   |             gmem2            |    pointer   |
|m_axi_gmem2_ARSIZE     | out |    3|    m_axi   |             gmem2            |    pointer   |
|m_axi_gmem2_ARBURST    | out |    2|    m_axi   |             gmem2            |    pointer   |
|m_axi_gmem2_ARLOCK     | out |    2|    m_axi   |             gmem2            |    pointer   |
|m_axi_gmem2_ARCACHE    | out |    4|    m_axi   |             gmem2            |    pointer   |
|m_axi_gmem2_ARPROT     | out |    3|    m_axi   |             gmem2            |    pointer   |
|m_axi_gmem2_ARQOS      | out |    4|    m_axi   |             gmem2            |    pointer   |
|m_axi_gmem2_ARREGION   | out |    4|    m_axi   |             gmem2            |    pointer   |
|m_axi_gmem2_ARUSER     | out |    1|    m_axi   |             gmem2            |    pointer   |
|m_axi_gmem2_RVALID     |  in |    1|    m_axi   |             gmem2            |    pointer   |
|m_axi_gmem2_RREADY     | out |    1|    m_axi   |             gmem2            |    pointer   |
|m_axi_gmem2_RDATA      |  in |   64|    m_axi   |             gmem2            |    pointer   |
|m_axi_gmem2_RLAST      |  in |    1|    m_axi   |             gmem2            |    pointer   |
|m_axi_gmem2_RID        |  in |    1|    m_axi   |             gmem2            |    pointer   |
|m_axi_gmem2_RUSER      |  in |    1|    m_axi   |             gmem2            |    pointer   |
|m_axi_gmem2_RRESP      |  in |    2|    m_axi   |             gmem2            |    pointer   |
|m_axi_gmem2_BVALID     |  in |    1|    m_axi   |             gmem2            |    pointer   |
|m_axi_gmem2_BREADY     | out |    1|    m_axi   |             gmem2            |    pointer   |
|m_axi_gmem2_BRESP      |  in |    2|    m_axi   |             gmem2            |    pointer   |
|m_axi_gmem2_BID        |  in |    1|    m_axi   |             gmem2            |    pointer   |
|m_axi_gmem2_BUSER      |  in |    1|    m_axi   |             gmem2            |    pointer   |
|m_axi_gmem3_AWVALID    | out |    1|    m_axi   |             gmem3            |    pointer   |
|m_axi_gmem3_AWREADY    |  in |    1|    m_axi   |             gmem3            |    pointer   |
|m_axi_gmem3_AWADDR     | out |   32|    m_axi   |             gmem3            |    pointer   |
|m_axi_gmem3_AWID       | out |    1|    m_axi   |             gmem3            |    pointer   |
|m_axi_gmem3_AWLEN      | out |    8|    m_axi   |             gmem3            |    pointer   |
|m_axi_gmem3_AWSIZE     | out |    3|    m_axi   |             gmem3            |    pointer   |
|m_axi_gmem3_AWBURST    | out |    2|    m_axi   |             gmem3            |    pointer   |
|m_axi_gmem3_AWLOCK     | out |    2|    m_axi   |             gmem3            |    pointer   |
|m_axi_gmem3_AWCACHE    | out |    4|    m_axi   |             gmem3            |    pointer   |
|m_axi_gmem3_AWPROT     | out |    3|    m_axi   |             gmem3            |    pointer   |
|m_axi_gmem3_AWQOS      | out |    4|    m_axi   |             gmem3            |    pointer   |
|m_axi_gmem3_AWREGION   | out |    4|    m_axi   |             gmem3            |    pointer   |
|m_axi_gmem3_AWUSER     | out |    1|    m_axi   |             gmem3            |    pointer   |
|m_axi_gmem3_WVALID     | out |    1|    m_axi   |             gmem3            |    pointer   |
|m_axi_gmem3_WREADY     |  in |    1|    m_axi   |             gmem3            |    pointer   |
|m_axi_gmem3_WDATA      | out |   64|    m_axi   |             gmem3            |    pointer   |
|m_axi_gmem3_WSTRB      | out |    8|    m_axi   |             gmem3            |    pointer   |
|m_axi_gmem3_WLAST      | out |    1|    m_axi   |             gmem3            |    pointer   |
|m_axi_gmem3_WID        | out |    1|    m_axi   |             gmem3            |    pointer   |
|m_axi_gmem3_WUSER      | out |    1|    m_axi   |             gmem3            |    pointer   |
|m_axi_gmem3_ARVALID    | out |    1|    m_axi   |             gmem3            |    pointer   |
|m_axi_gmem3_ARREADY    |  in |    1|    m_axi   |             gmem3            |    pointer   |
|m_axi_gmem3_ARADDR     | out |   32|    m_axi   |             gmem3            |    pointer   |
|m_axi_gmem3_ARID       | out |    1|    m_axi   |             gmem3            |    pointer   |
|m_axi_gmem3_ARLEN      | out |    8|    m_axi   |             gmem3            |    pointer   |
|m_axi_gmem3_ARSIZE     | out |    3|    m_axi   |             gmem3            |    pointer   |
|m_axi_gmem3_ARBURST    | out |    2|    m_axi   |             gmem3            |    pointer   |
|m_axi_gmem3_ARLOCK     | out |    2|    m_axi   |             gmem3            |    pointer   |
|m_axi_gmem3_ARCACHE    | out |    4|    m_axi   |             gmem3            |    pointer   |
|m_axi_gmem3_ARPROT     | out |    3|    m_axi   |             gmem3            |    pointer   |
|m_axi_gmem3_ARQOS      | out |    4|    m_axi   |             gmem3            |    pointer   |
|m_axi_gmem3_ARREGION   | out |    4|    m_axi   |             gmem3            |    pointer   |
|m_axi_gmem3_ARUSER     | out |    1|    m_axi   |             gmem3            |    pointer   |
|m_axi_gmem3_RVALID     |  in |    1|    m_axi   |             gmem3            |    pointer   |
|m_axi_gmem3_RREADY     | out |    1|    m_axi   |             gmem3            |    pointer   |
|m_axi_gmem3_RDATA      |  in |   64|    m_axi   |             gmem3            |    pointer   |
|m_axi_gmem3_RLAST      |  in |    1|    m_axi   |             gmem3            |    pointer   |
|m_axi_gmem3_RID        |  in |    1|    m_axi   |             gmem3            |    pointer   |
|m_axi_gmem3_RUSER      |  in |    1|    m_axi   |             gmem3            |    pointer   |
|m_axi_gmem3_RRESP      |  in |    2|    m_axi   |             gmem3            |    pointer   |
|m_axi_gmem3_BVALID     |  in |    1|    m_axi   |             gmem3            |    pointer   |
|m_axi_gmem3_BREADY     | out |    1|    m_axi   |             gmem3            |    pointer   |
|m_axi_gmem3_BRESP      |  in |    2|    m_axi   |             gmem3            |    pointer   |
|m_axi_gmem3_BID        |  in |    1|    m_axi   |             gmem3            |    pointer   |
|m_axi_gmem3_BUSER      |  in |    1|    m_axi   |             gmem3            |    pointer   |
+-----------------------+-----+-----+------------+------------------------------+--------------+

