

================================================================
== Vivado HLS Report for 'qeic_real_hpsi_local_potential'
================================================================
* Date:           Mon Jun  8 19:09:01 2026

* Version:        2019.1 (Build 2552052 on Fri May 24 15:28:33 MDT 2019)
* Project:        real_hybrid_hls
* Solution:       sol1
* Product family: zynq
* Target device:  xc7z020-clg400-1


================================================================
== Performance Estimates
================================================================
+ Timing (ns): 
    * Summary: 
    +--------+-------+----------+------------+
    |  Clock | Target| Estimated| Uncertainty|
    +--------+-------+----------+------------+
    |ap_clk  |  10.00|     8.750|        1.25|
    +--------+-------+----------+------------+

+ Latency (clock cycles): 
    * Summary: 
    +-----+-----+-----+-----+---------+
    |  Latency  |  Interval | Pipeline|
    | min | max | min | max |   Type  |
    +-----+-----+-----+-----+---------+
    |    ?|    ?|    ?|    ?|   none  |
    +-----+-----+-----+-----+---------+

    + Detail: 
        * Instance: 
        N/A

        * Loop: 
        +----------+-----+-----+----------+-----------+-----------+------+----------+
        |          |  Latency  | Iteration|  Initiation Interval  | Trip |          |
        | Loop Name| min | max |  Latency |  achieved |   target  | Count| Pipelined|
        +----------+-----+-----+----------+-----------+-----------+------+----------+
        |- Loop 1  |    ?|    ?|        41|          3|          1|     ?|    yes   |
        +----------+-----+-----+----------+-----------+-----------+------+----------+



================================================================
== Utilization Estimates
================================================================
* Summary: 
+-----------------+---------+-------+--------+-------+-----+
|       Name      | BRAM_18K| DSP48E|   FF   |  LUT  | URAM|
+-----------------+---------+-------+--------+-------+-----+
|DSP              |        -|      -|       -|      -|    -|
|Expression       |        -|      -|       0|    555|    -|
|FIFO             |        -|      -|       -|      -|    -|
|Instance         |       20|     28|    4618|   7708|    -|
|Memory           |        -|      -|       -|      -|    -|
|Multiplexer      |        -|      -|       -|    460|    -|
|Register         |       14|      -|    1943|     39|    -|
+-----------------+---------+-------+--------+-------+-----+
|Total            |       34|     28|    6561|   8762|    0|
+-----------------+---------+-------+--------+-------+-----+
|Available        |      280|    220|  106400|  53200|    0|
+-----------------+---------+-------+--------+-------+-----+
|Utilization (%)  |       12|     12|       6|     16|    0|
+-----------------+---------+-------+--------+-------+-----+

+ Detail: 
    * Instance: 
    +----------------------------------------------------------------------+-------------------------------------------------------------------+---------+-------+-----+------+-----+
    |                               Instance                               |                               Module                              | BRAM_18K| DSP48E|  FF |  LUT | URAM|
    +----------------------------------------------------------------------+-------------------------------------------------------------------+---------+-------+-----+------+-----+
    |qeic_real_hpsi_local_potential_control_s_axi_U                        |qeic_real_hpsi_local_potential_control_s_axi                       |        0|      0|  264|   424|    0|
    |qeic_real_hpsi_local_potential_dadddsub_64ns_64ns_64_5_full_dsp_1_U1  |qeic_real_hpsi_local_potential_dadddsub_64ns_64ns_64_5_full_dsp_1  |        0|      3|  445|  1149|    0|
    |qeic_real_hpsi_local_potential_dadddsub_64ns_64ns_64_5_full_dsp_1_U2  |qeic_real_hpsi_local_potential_dadddsub_64ns_64ns_64_5_full_dsp_1  |        0|      3|  445|  1149|    0|
    |qeic_real_hpsi_local_potential_dmul_64ns_64ns_64_6_max_dsp_1_U3       |qeic_real_hpsi_local_potential_dmul_64ns_64ns_64_6_max_dsp_1       |        0|     11|  317|   578|    0|
    |qeic_real_hpsi_local_potential_dmul_64ns_64ns_64_6_max_dsp_1_U4       |qeic_real_hpsi_local_potential_dmul_64ns_64ns_64_6_max_dsp_1       |        0|     11|  317|   578|    0|
    |qeic_real_hpsi_local_potential_gmem0_m_axi_U                          |qeic_real_hpsi_local_potential_gmem0_m_axi                         |        4|      0|  566|   766|    0|
    |qeic_real_hpsi_local_potential_gmem1_m_axi_U                          |qeic_real_hpsi_local_potential_gmem1_m_axi                         |        4|      0|  566|   766|    0|
    |qeic_real_hpsi_local_potential_gmem2_m_axi_U                          |qeic_real_hpsi_local_potential_gmem2_m_axi                         |        4|      0|  566|   766|    0|
    |qeic_real_hpsi_local_potential_gmem3_m_axi_U                          |qeic_real_hpsi_local_potential_gmem3_m_axi                         |        4|      0|  566|   766|    0|
    |qeic_real_hpsi_local_potential_gmem4_m_axi_U                          |qeic_real_hpsi_local_potential_gmem4_m_axi                         |        4|      0|  566|   766|    0|
    +----------------------------------------------------------------------+-------------------------------------------------------------------+---------+-------+-----+------+-----+
    |Total                                                                 |                                                                   |       20|     28| 4618|  7708|    0|
    +----------------------------------------------------------------------+-------------------------------------------------------------------+---------+-------+-----+------+-----+

    * DSP48E: 
    N/A

    * Memory: 
    N/A

    * FIFO: 
    N/A

    * Expression: 
    +-----------------------------------+----------+-------+---+----+------------+------------+
    |           Variable Name           | Operation| DSP48E| FF| LUT| Bitwidth P0| Bitwidth P1|
    +-----------------------------------+----------+-------+---+----+------------+------------+
    |add_ln15_fu_373_p2                 |     +    |      0|  0|  38|           2|          31|
    |add_ln17_fu_399_p2                 |     +    |      0|  0|  38|          31|           2|
    |add_ln18_fu_368_p2                 |     +    |      0|  0|  39|           2|          32|
    |add_ln19_1_fu_442_p2               |     +    |      0|  0|  39|          32|          32|
    |add_ln19_2_fu_479_p2               |     +    |      0|  0|  39|          32|          32|
    |add_ln19_fu_422_p2                 |     +    |      0|  0|  39|          32|          32|
    |add_ln20_1_fu_456_p2               |     +    |      0|  0|  39|          32|          32|
    |add_ln20_2_fu_494_p2               |     +    |      0|  0|  39|          32|          32|
    |add_ln20_fu_427_p2                 |     +    |      0|  0|  39|          32|          32|
    |g_fu_387_p2                        |     +    |      0|  0|  38|          31|           1|
    |ap_block_pp0_stage0_00001          |    and   |      0|  0|   2|           1|           1|
    |ap_block_pp0_stage2_00001          |    and   |      0|  0|   2|           1|           1|
    |ap_block_state10_pp0_stage1_iter0  |    and   |      0|  0|   2|           1|           1|
    |ap_condition_1143                  |    and   |      0|  0|   2|           1|           1|
    |ap_condition_1166                  |    and   |      0|  0|   2|           1|           1|
    |ap_condition_1168                  |    and   |      0|  0|   2|           1|           1|
    |icmp_ln15_fu_382_p2                |   icmp   |      0|  0|  18|          32|          32|
    |icmp_ln17_fu_393_p2                |   icmp   |      0|  0|  18|          31|           1|
    |icmp_ln18_fu_405_p2                |   icmp   |      0|  0|  18|          32|          32|
    |icmp_ln22_fu_519_p2                |   icmp   |      0|  0|  18|          32|           1|
    |ap_block_pp0_stage0_11001          |    or    |      0|  0|   2|           1|           1|
    |ap_block_pp0_stage1_00001          |    or    |      0|  0|   2|           1|           1|
    |ap_block_pp0_stage1_11001          |    or    |      0|  0|   2|           1|           1|
    |ap_block_pp0_stage2_11001          |    or    |      0|  0|   2|           1|           1|
    |ap_block_state10_io                |    or    |      0|  0|   2|           1|           1|
    |ap_block_state17_pp0_stage2_iter2  |    or    |      0|  0|   2|           1|           1|
    |ap_block_state19_pp0_stage1_iter3  |    or    |      0|  0|   2|           1|           1|
    |ap_block_state49_io                |    or    |      0|  0|   2|           1|           1|
    |ap_block_state54                   |    or    |      0|  0|   2|           1|           1|
    |ap_block_state8_io                 |    or    |      0|  0|   2|           1|           1|
    |select_ln17_fu_410_p3              |  select  |      0|  0|  31|           1|           1|
    |select_ln18_fu_470_p3              |  select  |      0|  0|  31|           1|          31|
    |ap_enable_pp0                      |    xor   |      0|  0|   2|           1|           2|
    +-----------------------------------+----------+-------+---+----+------------+------------+
    |Total                              |          |      0|  0| 555|         404|         374|
    +-----------------------------------+----------+-------+---+----+------------+------------+

    * Multiplexer: 
    +------------------------------+----+-----------+-----+-----------+
    |             Name             | LUT| Input Size| Bits| Total Bits|
    +------------------------------+----+-----------+-----+-----------+
    |ap_NS_fsm                     |  85|         17|    1|         17|
    |ap_enable_reg_pp0_iter13      |   9|          2|    1|          2|
    |ap_phi_mux_g_0_phi_fu_251_p4  |   9|          2|   31|         62|
    |g_0_reg_247                   |   9|          2|   31|         62|
    |gmem0_ARADDR                  |  21|          4|   32|        128|
    |gmem0_blk_n_AR                |   9|          2|    1|          2|
    |gmem0_blk_n_R                 |   9|          2|    1|          2|
    |gmem1_ARADDR                  |  21|          4|   32|        128|
    |gmem1_blk_n_AR                |   9|          2|    1|          2|
    |gmem1_blk_n_R                 |   9|          2|    1|          2|
    |gmem2_blk_n_AR                |   9|          2|    1|          2|
    |gmem2_blk_n_R                 |   9|          2|    1|          2|
    |gmem3_blk_n_AW                |   9|          2|    1|          2|
    |gmem3_blk_n_B                 |   9|          2|    1|          2|
    |gmem3_blk_n_W                 |   9|          2|    1|          2|
    |gmem4_blk_n_AW                |   9|          2|    1|          2|
    |gmem4_blk_n_B                 |   9|          2|    1|          2|
    |gmem4_blk_n_W                 |   9|          2|    1|          2|
    |grp_fu_258_opcode             |  15|          3|    2|          6|
    |grp_fu_258_p0                 |  21|          4|   64|        256|
    |grp_fu_258_p1                 |  21|          4|   64|        256|
    |grp_fu_262_opcode             |  15|          3|    2|          6|
    |grp_fu_262_p0                 |  21|          4|   64|        256|
    |grp_fu_262_p1                 |  21|          4|   64|        256|
    |grp_fu_266_p0                 |  21|          4|   64|        256|
    |grp_fu_266_p1                 |  21|          4|   64|        256|
    |grp_fu_271_p0                 |  21|          4|   64|        256|
    |grp_fu_271_p1                 |  21|          4|   64|        256|
    +------------------------------+----+-----------+-----+-----------+
    |Total                         | 460|         93|  656|       2483|
    +------------------------------+----+-----------+-----+-----------+

    * Register: 
    +---------------------------+----+----+-----+-----------+
    |            Name           | FF | LUT| Bits| Const Bits|
    +---------------------------+----+----+-----+-----------+
    |add_ln15_reg_601           |  31|   0|   31|          0|
    |add_ln18_reg_596           |  32|   0|   32|          0|
    |add_ln19_1_reg_643         |  32|   0|   32|          0|
    |add_ln19_2_reg_671         |  32|   0|   32|          0|
    |add_ln19_reg_627           |  32|   0|   32|          0|
    |add_ln20_1_reg_654         |  32|   0|   32|          0|
    |add_ln20_2_reg_682         |  32|   0|   32|          0|
    |add_ln20_reg_632           |  32|   0|   32|          0|
    |ap_CS_fsm                  |  16|   0|   16|          0|
    |ap_enable_reg_pp0_iter0    |   1|   0|    1|          0|
    |ap_enable_reg_pp0_iter1    |   1|   0|    1|          0|
    |ap_enable_reg_pp0_iter10   |   1|   0|    1|          0|
    |ap_enable_reg_pp0_iter11   |   1|   0|    1|          0|
    |ap_enable_reg_pp0_iter12   |   1|   0|    1|          0|
    |ap_enable_reg_pp0_iter13   |   1|   0|    1|          0|
    |ap_enable_reg_pp0_iter2    |   1|   0|    1|          0|
    |ap_enable_reg_pp0_iter3    |   1|   0|    1|          0|
    |ap_enable_reg_pp0_iter4    |   1|   0|    1|          0|
    |ap_enable_reg_pp0_iter5    |   1|   0|    1|          0|
    |ap_enable_reg_pp0_iter6    |   1|   0|    1|          0|
    |ap_enable_reg_pp0_iter7    |   1|   0|    1|          0|
    |ap_enable_reg_pp0_iter8    |   1|   0|    1|          0|
    |ap_enable_reg_pp0_iter9    |   1|   0|    1|          0|
    |g_0_reg_247                |  31|   0|   31|          0|
    |g_reg_616                  |  31|   0|   31|          0|
    |gmem0_addr_1_read_reg_709  |  64|   0|   64|          0|
    |gmem0_addr_2_read_reg_721  |  64|   0|   64|          0|
    |gmem0_addr_read_reg_699    |  64|   0|   64|          0|
    |gmem1_addr_1_read_reg_715  |  64|   0|   64|          0|
    |gmem1_addr_2_read_reg_726  |  64|   0|   64|          0|
    |gmem1_addr_read_reg_704    |  64|   0|   64|          0|
    |gmem2_addr_read_reg_659    |  64|   0|   64|          0|
    |icmp_ln15_reg_612          |   1|   0|    1|          0|
    |icmp_ln18_reg_622          |   1|   0|    1|          0|
    |icmp_ln22_reg_791          |   1|   0|    1|          0|
    |lap_im_reg_766             |  64|   0|   64|          0|
    |lap_re_reg_761             |  64|   0|   64|          0|
    |ngrid_read_reg_524         |  32|   0|   32|          0|
    |out_im9_reg_534            |  29|   0|   29|          0|
    |out_re7_reg_539            |  29|   0|   29|          0|
    |p_cast15_reg_582           |  29|   0|   32|          3|
    |p_cast_reg_589             |  29|   0|   32|          3|
    |tmp_10_reg_549             |  29|   0|   29|          0|
    |tmp_11_reg_554             |  29|   0|   29|          0|
    |tmp_1_reg_751              |  64|   0|   64|          0|
    |tmp_2_reg_736              |  64|   0|   64|          0|
    |tmp_3_reg_756              |  64|   0|   64|          0|
    |tmp_4_reg_771              |  64|   0|   64|          0|
    |tmp_5_reg_741              |  64|   0|   64|          0|
    |tmp_6_reg_781              |  64|   0|   64|          0|
    |tmp_7_reg_776              |  64|   0|   64|          0|
    |tmp_8_reg_746              |  64|   0|   64|          0|
    |tmp_9_reg_786              |  64|   0|   64|          0|
    |tmp_reg_731                |  64|   0|   64|          0|
    |trunc_ln18_reg_559         |  31|   0|   31|          0|
    |vloc5_reg_544              |  29|   0|   29|          0|
    |zext_ln15_reg_606          |  31|   0|   32|          1|
    |gmem0_addr_2_read_reg_721  |   2|   1|   64|          0|
    |gmem0_addr_read_reg_699    |   2|   1|   64|          0|
    |gmem1_addr_2_read_reg_726  |   2|   1|   64|          0|
    |gmem1_addr_read_reg_704    |   2|   1|   64|          0|
    |gmem2_addr_read_reg_659    |   2|   1|   64|          0|
    |icmp_ln15_reg_612          |  64|  32|    1|          0|
    |tmp_5_reg_741              |   3|   1|   64|          0|
    |tmp_8_reg_746              |   3|   1|   64|          0|
    +---------------------------+----+----+-----+-----------+
    |Total                      |1943|  39| 2319|          7|
    +---------------------------+----+----+-----+-----------+



================================================================
== Interface
================================================================
* Summary: 
+-----------------------+-----+-----+------------+--------------------------------+--------------+
|       RTL Ports       | Dir | Bits|  Protocol  |          Source Object         |    C Type    |
+-----------------------+-----+-----+------------+--------------------------------+--------------+
|s_axi_control_AWVALID  |  in |    1|    s_axi   |             control            |    scalar    |
|s_axi_control_AWREADY  | out |    1|    s_axi   |             control            |    scalar    |
|s_axi_control_AWADDR   |  in |    6|    s_axi   |             control            |    scalar    |
|s_axi_control_WVALID   |  in |    1|    s_axi   |             control            |    scalar    |
|s_axi_control_WREADY   | out |    1|    s_axi   |             control            |    scalar    |
|s_axi_control_WDATA    |  in |   32|    s_axi   |             control            |    scalar    |
|s_axi_control_WSTRB    |  in |    4|    s_axi   |             control            |    scalar    |
|s_axi_control_ARVALID  |  in |    1|    s_axi   |             control            |    scalar    |
|s_axi_control_ARREADY  | out |    1|    s_axi   |             control            |    scalar    |
|s_axi_control_ARADDR   |  in |    6|    s_axi   |             control            |    scalar    |
|s_axi_control_RVALID   | out |    1|    s_axi   |             control            |    scalar    |
|s_axi_control_RREADY   |  in |    1|    s_axi   |             control            |    scalar    |
|s_axi_control_RDATA    | out |   32|    s_axi   |             control            |    scalar    |
|s_axi_control_RRESP    | out |    2|    s_axi   |             control            |    scalar    |
|s_axi_control_BVALID   | out |    1|    s_axi   |             control            |    scalar    |
|s_axi_control_BREADY   |  in |    1|    s_axi   |             control            |    scalar    |
|s_axi_control_BRESP    | out |    2|    s_axi   |             control            |    scalar    |
|ap_clk                 |  in |    1| ap_ctrl_hs | qeic_real_hpsi_local_potential | return value |
|ap_rst_n               |  in |    1| ap_ctrl_hs | qeic_real_hpsi_local_potential | return value |
|interrupt              | out |    1| ap_ctrl_hs | qeic_real_hpsi_local_potential | return value |
|m_axi_gmem0_AWVALID    | out |    1|    m_axi   |              gmem0             |    pointer   |
|m_axi_gmem0_AWREADY    |  in |    1|    m_axi   |              gmem0             |    pointer   |
|m_axi_gmem0_AWADDR     | out |   32|    m_axi   |              gmem0             |    pointer   |
|m_axi_gmem0_AWID       | out |    1|    m_axi   |              gmem0             |    pointer   |
|m_axi_gmem0_AWLEN      | out |    8|    m_axi   |              gmem0             |    pointer   |
|m_axi_gmem0_AWSIZE     | out |    3|    m_axi   |              gmem0             |    pointer   |
|m_axi_gmem0_AWBURST    | out |    2|    m_axi   |              gmem0             |    pointer   |
|m_axi_gmem0_AWLOCK     | out |    2|    m_axi   |              gmem0             |    pointer   |
|m_axi_gmem0_AWCACHE    | out |    4|    m_axi   |              gmem0             |    pointer   |
|m_axi_gmem0_AWPROT     | out |    3|    m_axi   |              gmem0             |    pointer   |
|m_axi_gmem0_AWQOS      | out |    4|    m_axi   |              gmem0             |    pointer   |
|m_axi_gmem0_AWREGION   | out |    4|    m_axi   |              gmem0             |    pointer   |
|m_axi_gmem0_AWUSER     | out |    1|    m_axi   |              gmem0             |    pointer   |
|m_axi_gmem0_WVALID     | out |    1|    m_axi   |              gmem0             |    pointer   |
|m_axi_gmem0_WREADY     |  in |    1|    m_axi   |              gmem0             |    pointer   |
|m_axi_gmem0_WDATA      | out |   64|    m_axi   |              gmem0             |    pointer   |
|m_axi_gmem0_WSTRB      | out |    8|    m_axi   |              gmem0             |    pointer   |
|m_axi_gmem0_WLAST      | out |    1|    m_axi   |              gmem0             |    pointer   |
|m_axi_gmem0_WID        | out |    1|    m_axi   |              gmem0             |    pointer   |
|m_axi_gmem0_WUSER      | out |    1|    m_axi   |              gmem0             |    pointer   |
|m_axi_gmem0_ARVALID    | out |    1|    m_axi   |              gmem0             |    pointer   |
|m_axi_gmem0_ARREADY    |  in |    1|    m_axi   |              gmem0             |    pointer   |
|m_axi_gmem0_ARADDR     | out |   32|    m_axi   |              gmem0             |    pointer   |
|m_axi_gmem0_ARID       | out |    1|    m_axi   |              gmem0             |    pointer   |
|m_axi_gmem0_ARLEN      | out |    8|    m_axi   |              gmem0             |    pointer   |
|m_axi_gmem0_ARSIZE     | out |    3|    m_axi   |              gmem0             |    pointer   |
|m_axi_gmem0_ARBURST    | out |    2|    m_axi   |              gmem0             |    pointer   |
|m_axi_gmem0_ARLOCK     | out |    2|    m_axi   |              gmem0             |    pointer   |
|m_axi_gmem0_ARCACHE    | out |    4|    m_axi   |              gmem0             |    pointer   |
|m_axi_gmem0_ARPROT     | out |    3|    m_axi   |              gmem0             |    pointer   |
|m_axi_gmem0_ARQOS      | out |    4|    m_axi   |              gmem0             |    pointer   |
|m_axi_gmem0_ARREGION   | out |    4|    m_axi   |              gmem0             |    pointer   |
|m_axi_gmem0_ARUSER     | out |    1|    m_axi   |              gmem0             |    pointer   |
|m_axi_gmem0_RVALID     |  in |    1|    m_axi   |              gmem0             |    pointer   |
|m_axi_gmem0_RREADY     | out |    1|    m_axi   |              gmem0             |    pointer   |
|m_axi_gmem0_RDATA      |  in |   64|    m_axi   |              gmem0             |    pointer   |
|m_axi_gmem0_RLAST      |  in |    1|    m_axi   |              gmem0             |    pointer   |
|m_axi_gmem0_RID        |  in |    1|    m_axi   |              gmem0             |    pointer   |
|m_axi_gmem0_RUSER      |  in |    1|    m_axi   |              gmem0             |    pointer   |
|m_axi_gmem0_RRESP      |  in |    2|    m_axi   |              gmem0             |    pointer   |
|m_axi_gmem0_BVALID     |  in |    1|    m_axi   |              gmem0             |    pointer   |
|m_axi_gmem0_BREADY     | out |    1|    m_axi   |              gmem0             |    pointer   |
|m_axi_gmem0_BRESP      |  in |    2|    m_axi   |              gmem0             |    pointer   |
|m_axi_gmem0_BID        |  in |    1|    m_axi   |              gmem0             |    pointer   |
|m_axi_gmem0_BUSER      |  in |    1|    m_axi   |              gmem0             |    pointer   |
|m_axi_gmem1_AWVALID    | out |    1|    m_axi   |              gmem1             |    pointer   |
|m_axi_gmem1_AWREADY    |  in |    1|    m_axi   |              gmem1             |    pointer   |
|m_axi_gmem1_AWADDR     | out |   32|    m_axi   |              gmem1             |    pointer   |
|m_axi_gmem1_AWID       | out |    1|    m_axi   |              gmem1             |    pointer   |
|m_axi_gmem1_AWLEN      | out |    8|    m_axi   |              gmem1             |    pointer   |
|m_axi_gmem1_AWSIZE     | out |    3|    m_axi   |              gmem1             |    pointer   |
|m_axi_gmem1_AWBURST    | out |    2|    m_axi   |              gmem1             |    pointer   |
|m_axi_gmem1_AWLOCK     | out |    2|    m_axi   |              gmem1             |    pointer   |
|m_axi_gmem1_AWCACHE    | out |    4|    m_axi   |              gmem1             |    pointer   |
|m_axi_gmem1_AWPROT     | out |    3|    m_axi   |              gmem1             |    pointer   |
|m_axi_gmem1_AWQOS      | out |    4|    m_axi   |              gmem1             |    pointer   |
|m_axi_gmem1_AWREGION   | out |    4|    m_axi   |              gmem1             |    pointer   |
|m_axi_gmem1_AWUSER     | out |    1|    m_axi   |              gmem1             |    pointer   |
|m_axi_gmem1_WVALID     | out |    1|    m_axi   |              gmem1             |    pointer   |
|m_axi_gmem1_WREADY     |  in |    1|    m_axi   |              gmem1             |    pointer   |
|m_axi_gmem1_WDATA      | out |   64|    m_axi   |              gmem1             |    pointer   |
|m_axi_gmem1_WSTRB      | out |    8|    m_axi   |              gmem1             |    pointer   |
|m_axi_gmem1_WLAST      | out |    1|    m_axi   |              gmem1             |    pointer   |
|m_axi_gmem1_WID        | out |    1|    m_axi   |              gmem1             |    pointer   |
|m_axi_gmem1_WUSER      | out |    1|    m_axi   |              gmem1             |    pointer   |
|m_axi_gmem1_ARVALID    | out |    1|    m_axi   |              gmem1             |    pointer   |
|m_axi_gmem1_ARREADY    |  in |    1|    m_axi   |              gmem1             |    pointer   |
|m_axi_gmem1_ARADDR     | out |   32|    m_axi   |              gmem1             |    pointer   |
|m_axi_gmem1_ARID       | out |    1|    m_axi   |              gmem1             |    pointer   |
|m_axi_gmem1_ARLEN      | out |    8|    m_axi   |              gmem1             |    pointer   |
|m_axi_gmem1_ARSIZE     | out |    3|    m_axi   |              gmem1             |    pointer   |
|m_axi_gmem1_ARBURST    | out |    2|    m_axi   |              gmem1             |    pointer   |
|m_axi_gmem1_ARLOCK     | out |    2|    m_axi   |              gmem1             |    pointer   |
|m_axi_gmem1_ARCACHE    | out |    4|    m_axi   |              gmem1             |    pointer   |
|m_axi_gmem1_ARPROT     | out |    3|    m_axi   |              gmem1             |    pointer   |
|m_axi_gmem1_ARQOS      | out |    4|    m_axi   |              gmem1             |    pointer   |
|m_axi_gmem1_ARREGION   | out |    4|    m_axi   |              gmem1             |    pointer   |
|m_axi_gmem1_ARUSER     | out |    1|    m_axi   |              gmem1             |    pointer   |
|m_axi_gmem1_RVALID     |  in |    1|    m_axi   |              gmem1             |    pointer   |
|m_axi_gmem1_RREADY     | out |    1|    m_axi   |              gmem1             |    pointer   |
|m_axi_gmem1_RDATA      |  in |   64|    m_axi   |              gmem1             |    pointer   |
|m_axi_gmem1_RLAST      |  in |    1|    m_axi   |              gmem1             |    pointer   |
|m_axi_gmem1_RID        |  in |    1|    m_axi   |              gmem1             |    pointer   |
|m_axi_gmem1_RUSER      |  in |    1|    m_axi   |              gmem1             |    pointer   |
|m_axi_gmem1_RRESP      |  in |    2|    m_axi   |              gmem1             |    pointer   |
|m_axi_gmem1_BVALID     |  in |    1|    m_axi   |              gmem1             |    pointer   |
|m_axi_gmem1_BREADY     | out |    1|    m_axi   |              gmem1             |    pointer   |
|m_axi_gmem1_BRESP      |  in |    2|    m_axi   |              gmem1             |    pointer   |
|m_axi_gmem1_BID        |  in |    1|    m_axi   |              gmem1             |    pointer   |
|m_axi_gmem1_BUSER      |  in |    1|    m_axi   |              gmem1             |    pointer   |
|m_axi_gmem2_AWVALID    | out |    1|    m_axi   |              gmem2             |    pointer   |
|m_axi_gmem2_AWREADY    |  in |    1|    m_axi   |              gmem2             |    pointer   |
|m_axi_gmem2_AWADDR     | out |   32|    m_axi   |              gmem2             |    pointer   |
|m_axi_gmem2_AWID       | out |    1|    m_axi   |              gmem2             |    pointer   |
|m_axi_gmem2_AWLEN      | out |    8|    m_axi   |              gmem2             |    pointer   |
|m_axi_gmem2_AWSIZE     | out |    3|    m_axi   |              gmem2             |    pointer   |
|m_axi_gmem2_AWBURST    | out |    2|    m_axi   |              gmem2             |    pointer   |
|m_axi_gmem2_AWLOCK     | out |    2|    m_axi   |              gmem2             |    pointer   |
|m_axi_gmem2_AWCACHE    | out |    4|    m_axi   |              gmem2             |    pointer   |
|m_axi_gmem2_AWPROT     | out |    3|    m_axi   |              gmem2             |    pointer   |
|m_axi_gmem2_AWQOS      | out |    4|    m_axi   |              gmem2             |    pointer   |
|m_axi_gmem2_AWREGION   | out |    4|    m_axi   |              gmem2             |    pointer   |
|m_axi_gmem2_AWUSER     | out |    1|    m_axi   |              gmem2             |    pointer   |
|m_axi_gmem2_WVALID     | out |    1|    m_axi   |              gmem2             |    pointer   |
|m_axi_gmem2_WREADY     |  in |    1|    m_axi   |              gmem2             |    pointer   |
|m_axi_gmem2_WDATA      | out |   64|    m_axi   |              gmem2             |    pointer   |
|m_axi_gmem2_WSTRB      | out |    8|    m_axi   |              gmem2             |    pointer   |
|m_axi_gmem2_WLAST      | out |    1|    m_axi   |              gmem2             |    pointer   |
|m_axi_gmem2_WID        | out |    1|    m_axi   |              gmem2             |    pointer   |
|m_axi_gmem2_WUSER      | out |    1|    m_axi   |              gmem2             |    pointer   |
|m_axi_gmem2_ARVALID    | out |    1|    m_axi   |              gmem2             |    pointer   |
|m_axi_gmem2_ARREADY    |  in |    1|    m_axi   |              gmem2             |    pointer   |
|m_axi_gmem2_ARADDR     | out |   32|    m_axi   |              gmem2             |    pointer   |
|m_axi_gmem2_ARID       | out |    1|    m_axi   |              gmem2             |    pointer   |
|m_axi_gmem2_ARLEN      | out |    8|    m_axi   |              gmem2             |    pointer   |
|m_axi_gmem2_ARSIZE     | out |    3|    m_axi   |              gmem2             |    pointer   |
|m_axi_gmem2_ARBURST    | out |    2|    m_axi   |              gmem2             |    pointer   |
|m_axi_gmem2_ARLOCK     | out |    2|    m_axi   |              gmem2             |    pointer   |
|m_axi_gmem2_ARCACHE    | out |    4|    m_axi   |              gmem2             |    pointer   |
|m_axi_gmem2_ARPROT     | out |    3|    m_axi   |              gmem2             |    pointer   |
|m_axi_gmem2_ARQOS      | out |    4|    m_axi   |              gmem2             |    pointer   |
|m_axi_gmem2_ARREGION   | out |    4|    m_axi   |              gmem2             |    pointer   |
|m_axi_gmem2_ARUSER     | out |    1|    m_axi   |              gmem2             |    pointer   |
|m_axi_gmem2_RVALID     |  in |    1|    m_axi   |              gmem2             |    pointer   |
|m_axi_gmem2_RREADY     | out |    1|    m_axi   |              gmem2             |    pointer   |
|m_axi_gmem2_RDATA      |  in |   64|    m_axi   |              gmem2             |    pointer   |
|m_axi_gmem2_RLAST      |  in |    1|    m_axi   |              gmem2             |    pointer   |
|m_axi_gmem2_RID        |  in |    1|    m_axi   |              gmem2             |    pointer   |
|m_axi_gmem2_RUSER      |  in |    1|    m_axi   |              gmem2             |    pointer   |
|m_axi_gmem2_RRESP      |  in |    2|    m_axi   |              gmem2             |    pointer   |
|m_axi_gmem2_BVALID     |  in |    1|    m_axi   |              gmem2             |    pointer   |
|m_axi_gmem2_BREADY     | out |    1|    m_axi   |              gmem2             |    pointer   |
|m_axi_gmem2_BRESP      |  in |    2|    m_axi   |              gmem2             |    pointer   |
|m_axi_gmem2_BID        |  in |    1|    m_axi   |              gmem2             |    pointer   |
|m_axi_gmem2_BUSER      |  in |    1|    m_axi   |              gmem2             |    pointer   |
|m_axi_gmem3_AWVALID    | out |    1|    m_axi   |              gmem3             |    pointer   |
|m_axi_gmem3_AWREADY    |  in |    1|    m_axi   |              gmem3             |    pointer   |
|m_axi_gmem3_AWADDR     | out |   32|    m_axi   |              gmem3             |    pointer   |
|m_axi_gmem3_AWID       | out |    1|    m_axi   |              gmem3             |    pointer   |
|m_axi_gmem3_AWLEN      | out |    8|    m_axi   |              gmem3             |    pointer   |
|m_axi_gmem3_AWSIZE     | out |    3|    m_axi   |              gmem3             |    pointer   |
|m_axi_gmem3_AWBURST    | out |    2|    m_axi   |              gmem3             |    pointer   |
|m_axi_gmem3_AWLOCK     | out |    2|    m_axi   |              gmem3             |    pointer   |
|m_axi_gmem3_AWCACHE    | out |    4|    m_axi   |              gmem3             |    pointer   |
|m_axi_gmem3_AWPROT     | out |    3|    m_axi   |              gmem3             |    pointer   |
|m_axi_gmem3_AWQOS      | out |    4|    m_axi   |              gmem3             |    pointer   |
|m_axi_gmem3_AWREGION   | out |    4|    m_axi   |              gmem3             |    pointer   |
|m_axi_gmem3_AWUSER     | out |    1|    m_axi   |              gmem3             |    pointer   |
|m_axi_gmem3_WVALID     | out |    1|    m_axi   |              gmem3             |    pointer   |
|m_axi_gmem3_WREADY     |  in |    1|    m_axi   |              gmem3             |    pointer   |
|m_axi_gmem3_WDATA      | out |   64|    m_axi   |              gmem3             |    pointer   |
|m_axi_gmem3_WSTRB      | out |    8|    m_axi   |              gmem3             |    pointer   |
|m_axi_gmem3_WLAST      | out |    1|    m_axi   |              gmem3             |    pointer   |
|m_axi_gmem3_WID        | out |    1|    m_axi   |              gmem3             |    pointer   |
|m_axi_gmem3_WUSER      | out |    1|    m_axi   |              gmem3             |    pointer   |
|m_axi_gmem3_ARVALID    | out |    1|    m_axi   |              gmem3             |    pointer   |
|m_axi_gmem3_ARREADY    |  in |    1|    m_axi   |              gmem3             |    pointer   |
|m_axi_gmem3_ARADDR     | out |   32|    m_axi   |              gmem3             |    pointer   |
|m_axi_gmem3_ARID       | out |    1|    m_axi   |              gmem3             |    pointer   |
|m_axi_gmem3_ARLEN      | out |    8|    m_axi   |              gmem3             |    pointer   |
|m_axi_gmem3_ARSIZE     | out |    3|    m_axi   |              gmem3             |    pointer   |
|m_axi_gmem3_ARBURST    | out |    2|    m_axi   |              gmem3             |    pointer   |
|m_axi_gmem3_ARLOCK     | out |    2|    m_axi   |              gmem3             |    pointer   |
|m_axi_gmem3_ARCACHE    | out |    4|    m_axi   |              gmem3             |    pointer   |
|m_axi_gmem3_ARPROT     | out |    3|    m_axi   |              gmem3             |    pointer   |
|m_axi_gmem3_ARQOS      | out |    4|    m_axi   |              gmem3             |    pointer   |
|m_axi_gmem3_ARREGION   | out |    4|    m_axi   |              gmem3             |    pointer   |
|m_axi_gmem3_ARUSER     | out |    1|    m_axi   |              gmem3             |    pointer   |
|m_axi_gmem3_RVALID     |  in |    1|    m_axi   |              gmem3             |    pointer   |
|m_axi_gmem3_RREADY     | out |    1|    m_axi   |              gmem3             |    pointer   |
|m_axi_gmem3_RDATA      |  in |   64|    m_axi   |              gmem3             |    pointer   |
|m_axi_gmem3_RLAST      |  in |    1|    m_axi   |              gmem3             |    pointer   |
|m_axi_gmem3_RID        |  in |    1|    m_axi   |              gmem3             |    pointer   |
|m_axi_gmem3_RUSER      |  in |    1|    m_axi   |              gmem3             |    pointer   |
|m_axi_gmem3_RRESP      |  in |    2|    m_axi   |              gmem3             |    pointer   |
|m_axi_gmem3_BVALID     |  in |    1|    m_axi   |              gmem3             |    pointer   |
|m_axi_gmem3_BREADY     | out |    1|    m_axi   |              gmem3             |    pointer   |
|m_axi_gmem3_BRESP      |  in |    2|    m_axi   |              gmem3             |    pointer   |
|m_axi_gmem3_BID        |  in |    1|    m_axi   |              gmem3             |    pointer   |
|m_axi_gmem3_BUSER      |  in |    1|    m_axi   |              gmem3             |    pointer   |
|m_axi_gmem4_AWVALID    | out |    1|    m_axi   |              gmem4             |    pointer   |
|m_axi_gmem4_AWREADY    |  in |    1|    m_axi   |              gmem4             |    pointer   |
|m_axi_gmem4_AWADDR     | out |   32|    m_axi   |              gmem4             |    pointer   |
|m_axi_gmem4_AWID       | out |    1|    m_axi   |              gmem4             |    pointer   |
|m_axi_gmem4_AWLEN      | out |    8|    m_axi   |              gmem4             |    pointer   |
|m_axi_gmem4_AWSIZE     | out |    3|    m_axi   |              gmem4             |    pointer   |
|m_axi_gmem4_AWBURST    | out |    2|    m_axi   |              gmem4             |    pointer   |
|m_axi_gmem4_AWLOCK     | out |    2|    m_axi   |              gmem4             |    pointer   |
|m_axi_gmem4_AWCACHE    | out |    4|    m_axi   |              gmem4             |    pointer   |
|m_axi_gmem4_AWPROT     | out |    3|    m_axi   |              gmem4             |    pointer   |
|m_axi_gmem4_AWQOS      | out |    4|    m_axi   |              gmem4             |    pointer   |
|m_axi_gmem4_AWREGION   | out |    4|    m_axi   |              gmem4             |    pointer   |
|m_axi_gmem4_AWUSER     | out |    1|    m_axi   |              gmem4             |    pointer   |
|m_axi_gmem4_WVALID     | out |    1|    m_axi   |              gmem4             |    pointer   |
|m_axi_gmem4_WREADY     |  in |    1|    m_axi   |              gmem4             |    pointer   |
|m_axi_gmem4_WDATA      | out |   64|    m_axi   |              gmem4             |    pointer   |
|m_axi_gmem4_WSTRB      | out |    8|    m_axi   |              gmem4             |    pointer   |
|m_axi_gmem4_WLAST      | out |    1|    m_axi   |              gmem4             |    pointer   |
|m_axi_gmem4_WID        | out |    1|    m_axi   |              gmem4             |    pointer   |
|m_axi_gmem4_WUSER      | out |    1|    m_axi   |              gmem4             |    pointer   |
|m_axi_gmem4_ARVALID    | out |    1|    m_axi   |              gmem4             |    pointer   |
|m_axi_gmem4_ARREADY    |  in |    1|    m_axi   |              gmem4             |    pointer   |
|m_axi_gmem4_ARADDR     | out |   32|    m_axi   |              gmem4             |    pointer   |
|m_axi_gmem4_ARID       | out |    1|    m_axi   |              gmem4             |    pointer   |
|m_axi_gmem4_ARLEN      | out |    8|    m_axi   |              gmem4             |    pointer   |
|m_axi_gmem4_ARSIZE     | out |    3|    m_axi   |              gmem4             |    pointer   |
|m_axi_gmem4_ARBURST    | out |    2|    m_axi   |              gmem4             |    pointer   |
|m_axi_gmem4_ARLOCK     | out |    2|    m_axi   |              gmem4             |    pointer   |
|m_axi_gmem4_ARCACHE    | out |    4|    m_axi   |              gmem4             |    pointer   |
|m_axi_gmem4_ARPROT     | out |    3|    m_axi   |              gmem4             |    pointer   |
|m_axi_gmem4_ARQOS      | out |    4|    m_axi   |              gmem4             |    pointer   |
|m_axi_gmem4_ARREGION   | out |    4|    m_axi   |              gmem4             |    pointer   |
|m_axi_gmem4_ARUSER     | out |    1|    m_axi   |              gmem4             |    pointer   |
|m_axi_gmem4_RVALID     |  in |    1|    m_axi   |              gmem4             |    pointer   |
|m_axi_gmem4_RREADY     | out |    1|    m_axi   |              gmem4             |    pointer   |
|m_axi_gmem4_RDATA      |  in |   64|    m_axi   |              gmem4             |    pointer   |
|m_axi_gmem4_RLAST      |  in |    1|    m_axi   |              gmem4             |    pointer   |
|m_axi_gmem4_RID        |  in |    1|    m_axi   |              gmem4             |    pointer   |
|m_axi_gmem4_RUSER      |  in |    1|    m_axi   |              gmem4             |    pointer   |
|m_axi_gmem4_RRESP      |  in |    2|    m_axi   |              gmem4             |    pointer   |
|m_axi_gmem4_BVALID     |  in |    1|    m_axi   |              gmem4             |    pointer   |
|m_axi_gmem4_BREADY     | out |    1|    m_axi   |              gmem4             |    pointer   |
|m_axi_gmem4_BRESP      |  in |    2|    m_axi   |              gmem4             |    pointer   |
|m_axi_gmem4_BID        |  in |    1|    m_axi   |              gmem4             |    pointer   |
|m_axi_gmem4_BUSER      |  in |    1|    m_axi   |              gmem4             |    pointer   |
+-----------------------+-----+-----+------------+--------------------------------+--------------+

