Copyright 1986-2019 Xilinx, Inc. All Rights Reserved.
------------------------------------------------------------------------------------
| Tool Version : Vivado v.2019.1 (lin64) Build 2552052 Fri May 24 14:47:09 MDT 2019
| Date         : Mon Jun  8 21:17:45 2026
| Host         : IC_EDA running 64-bit CentOS Linux release 7.9.2009 (Core)
| Command      : report_timing_summary -file vivado_timing_summary.rpt
| Design       : qeic_real_integrated_combined_sidecar_impl_top
| Device       : 7z020-clg400
| Speed File   : -1  PRODUCTION 1.11 2014-09-11
------------------------------------------------------------------------------------

Timing Summary Report

------------------------------------------------------------------------------------------------
| Timer Settings
| --------------
------------------------------------------------------------------------------------------------

  Enable Multi Corner Analysis               :  Yes
  Enable Pessimism Removal                   :  Yes
  Pessimism Removal Resolution               :  Nearest Common Node
  Enable Input Delay Default Clock           :  No
  Enable Preset / Clear Arcs                 :  No
  Disable Flight Delays                      :  No
  Ignore I/O Paths                           :  No
  Timing Early Launch at Borrowing Latches   :  No
  Borrow Time for Max Delay Exceptions       :  Yes

  Corner  Analyze    Analyze    
  Name    Max Paths  Min Paths  
  ------  ---------  ---------  
  Slow    Yes        Yes        
  Fast    Yes        Yes        



check_timing report

Table of Contents
-----------------
1. checking no_clock
2. checking constant_clock
3. checking pulse_width_clock
4. checking unconstrained_internal_endpoints
5. checking no_input_delay
6. checking no_output_delay
7. checking multiple_clock
8. checking generated_clocks
9. checking loops
10. checking partial_input_delay
11. checking partial_output_delay
12. checking latch_loops

1. checking no_clock
--------------------
 There are 0 register/latch pins with no clock.


2. checking constant_clock
--------------------------
 There are 0 register/latch pins with constant_clock.


3. checking pulse_width_clock
-----------------------------
 There are 0 register/latch pins which need pulse_width check


4. checking unconstrained_internal_endpoints
--------------------------------------------
 There are 0 pins that are not constrained for maximum delay.

 There are 0 pins that are not constrained for maximum delay due to constant clock.


5. checking no_input_delay
--------------------------
 There is 1 input port with no input delay specified. (HIGH)

 There is 1 input port with no input delay but user has a false path constraint. (MEDIUM)


6. checking no_output_delay
---------------------------
 There are 49 ports with no output delay specified. (HIGH)

 There are 0 ports with no output delay but user has a false path constraint

 There are 0 ports with no output delay but with a timing clock defined on it or propagating through it


7. checking multiple_clock
--------------------------
 There are 0 register/latch pins with multiple clocks.


8. checking generated_clocks
----------------------------
 There are 0 generated clocks that are not connected to a clock source.


9. checking loops
-----------------
 There are 0 combinational loops in the design.


10. checking partial_input_delay
--------------------------------
 There are 0 input ports with partial input delay specified.


11. checking partial_output_delay
---------------------------------
 There are 0 ports with partial output delay specified.


12. checking latch_loops
------------------------
 There are 0 combinational latch loops in the design through latch input



------------------------------------------------------------------------------------------------
| Design Timing Summary
| ---------------------
------------------------------------------------------------------------------------------------

    WNS(ns)      TNS(ns)  TNS Failing Endpoints  TNS Total Endpoints      WHS(ns)      THS(ns)  THS Failing Endpoints  THS Total Endpoints     WPWS(ns)     TPWS(ns)  TPWS Failing Endpoints  TPWS Total Endpoints  
    -------      -------  ---------------------  -------------------      -------      -------  ---------------------  -------------------     --------     --------  ----------------------  --------------------  
      1.183        0.000                      0                  584        0.265        0.000                      0                  584        9.500        0.000                       0                   296  


All user specified timing constraints are met.


------------------------------------------------------------------------------------------------
| Clock Summary
| -------------
------------------------------------------------------------------------------------------------

Clock  Waveform(ns)       Period(ns)      Frequency(MHz)
-----  ------------       ----------      --------------
clk    {0.000 10.000}     20.000          50.000          


------------------------------------------------------------------------------------------------
| Intra Clock Table
| -----------------
------------------------------------------------------------------------------------------------

Clock             WNS(ns)      TNS(ns)  TNS Failing Endpoints  TNS Total Endpoints      WHS(ns)      THS(ns)  THS Failing Endpoints  THS Total Endpoints     WPWS(ns)     TPWS(ns)  TPWS Failing Endpoints  TPWS Total Endpoints  
-----             -------      -------  ---------------------  -------------------      -------      -------  ---------------------  -------------------     --------     --------  ----------------------  --------------------  
clk                 1.183        0.000                      0                  584        0.265        0.000                      0                  584        9.500        0.000                       0                   296  


------------------------------------------------------------------------------------------------
| Inter Clock Table
| -----------------
------------------------------------------------------------------------------------------------

From Clock    To Clock          WNS(ns)      TNS(ns)  TNS Failing Endpoints  TNS Total Endpoints      WHS(ns)      THS(ns)  THS Failing Endpoints  THS Total Endpoints  
----------    --------          -------      -------  ---------------------  -------------------      -------      -------  ---------------------  -------------------  


------------------------------------------------------------------------------------------------
| Other Path Groups Table
| -----------------------
------------------------------------------------------------------------------------------------

Path Group    From Clock    To Clock          WNS(ns)      TNS(ns)  TNS Failing Endpoints  TNS Total Endpoints      WHS(ns)      THS(ns)  THS Failing Endpoints  THS Total Endpoints  
----------    ----------    --------          -------      -------  ---------------------  -------------------      -------      -------  ---------------------  -------------------  


------------------------------------------------------------------------------------------------
| Timing Details
| --------------
------------------------------------------------------------------------------------------------


---------------------------------------------------------------------------------------------------
From Clock:  clk
  To Clock:  clk

Setup :            0  Failing Endpoints,  Worst Slack        1.183ns,  Total Violation        0.000ns
Hold  :            0  Failing Endpoints,  Worst Slack        0.265ns,  Total Violation        0.000ns
PW    :            0  Failing Endpoints,  Worst Slack        9.500ns,  Total Violation        0.000ns
---------------------------------------------------------------------------------------------------


Max Delay Paths
--------------------------------------------------------------------------------------
Slack (MET) :             1.183ns  (required time - arrival time)
  Source:                 sample_index_reg[4]/C
                            (rising edge-triggered cell FDCE clocked by clk  {rise@0.000ns fall@10.000ns period=20.000ns})
  Destination:            sidecar/rho_out_reg[45]/D
                            (rising edge-triggered cell FDCE clocked by clk  {rise@0.000ns fall@10.000ns period=20.000ns})
  Path Group:             clk
  Path Type:              Setup (Max at Slow Process Corner)
  Requirement:            20.000ns  (clk rise@20.000ns - clk rise@0.000ns)
  Data Path Delay:        18.797ns  (logic 15.378ns (81.811%)  route 3.419ns (18.189%))
  Logic Levels:           22  (CARRY4=15 DSP48E1=4 LUT1=1 LUT3=2)
  Clock Path Skew:        -0.064ns (DCD - SCD + CPR)
    Destination Clock Delay (DCD):    4.806ns = ( 24.806 - 20.000 ) 
    Source Clock Delay      (SCD):    5.346ns
    Clock Pessimism Removal (CPR):    0.476ns
  Clock Uncertainty:      0.035ns  ((TSJ^2 + TIJ^2)^1/2 + DJ) / 2 + PE
    Total System Jitter     (TSJ):    0.071ns
    Total Input Jitter      (TIJ):    0.000ns
    Discrete Jitter          (DJ):    0.000ns
    Phase Error              (PE):    0.000ns

    Location             Delay type                Incr(ns)  Path(ns)    Netlist Resource(s)
  -------------------------------------------------------------------    -------------------
                         (clock clk rise edge)        0.000     0.000 r  
    U14                                               0.000     0.000 r  clk (IN)
                         net (fo=0)                   0.000     0.000    clk
    U14                  IBUF (Prop_ibuf_I_O)         1.075     1.075 r  clk_IBUF_inst/O
                         net (fo=1, routed)           2.205     3.280    clk_IBUF
    BUFGCTRL_X0Y16       BUFG (Prop_bufg_I_O)         0.101     3.381 r  clk_IBUF_BUFG_inst/O
                         net (fo=295, routed)         1.965     5.346    clk_IBUF_BUFG
    SLICE_X100Y119       FDCE                                         r  sample_index_reg[4]/C
  -------------------------------------------------------------------    -------------------
    SLICE_X100Y119       FDCE (Prop_fdce_C_Q)         0.518     5.864 f  sample_index_reg[4]/Q
                         net (fo=19, routed)          0.622     6.485    sidecar/sample_index_reg[4]
    SLICE_X99Y116        LUT1 (Prop_lut1_I0_O)        0.124     6.609 r  sidecar/vloc_re_i_5/O
                         net (fo=1, routed)           0.000     6.609    sidecar/vloc_re_i_5_n_0
    SLICE_X99Y116        CARRY4 (Prop_carry4_S[1]_CO[3])
                                                      0.550     7.159 r  sidecar/vloc_re_i_4/CO[3]
                         net (fo=1, routed)           0.000     7.159    sidecar/vloc_re_i_4_n_0
    SLICE_X99Y117        CARRY4 (Prop_carry4_CI_CO[3])
                                                      0.114     7.273 r  sidecar/vloc_re_i_3/CO[3]
                         net (fo=1, routed)           0.000     7.273    sidecar/vloc_re_i_3_n_0
    SLICE_X99Y118        CARRY4 (Prop_carry4_CI_O[1])
                                                      0.334     7.607 r  sidecar/vloc_re_i_2/O[1]
                         net (fo=6, routed)           0.631     8.239    sidecar/b_re[13]
    DSP48_X4Y47          DSP48E1 (Prop_dsp48e1_A[13]_PCOUT[47])
                                                      4.215    12.454 r  sidecar/sb_re_sq/PCOUT[47]
                         net (fo=1, routed)           0.002    12.456    sidecar/sb_re_sq_n_106
    DSP48_X4Y48          DSP48E1 (Prop_dsp48e1_PCIN[47]_P[13])
                                                      1.518    13.974 r  sidecar/sb_abs_sq0/P[13]
                         net (fo=1, routed)           1.086    15.060    sidecar/sb_abs_sq0_n_92
    DSP48_X4Y44          DSP48E1 (Prop_dsp48e1_A[13]_PCOUT[47])
                                                      4.036    19.096 r  sidecar/sb_weighted/PCOUT[47]
                         net (fo=1, routed)           0.002    19.098    sidecar/sb_weighted_n_106
    DSP48_X4Y45          DSP48E1 (Prop_dsp48e1_PCIN[47]_P[2])
                                                      1.518    20.616 r  sidecar/sb_weighted__0/P[2]
                         net (fo=4, routed)           0.614    21.231    sidecar/sb_weighted__1[19]
    SLICE_X103Y110       LUT3 (Prop_lut3_I2_O)        0.124    21.355 r  sidecar/rho_acc_next0_carry_i_3/O
                         net (fo=1, routed)           0.000    21.355    sidecar/rho_acc_next0_carry_i_3_n_0
    SLICE_X103Y110       CARRY4 (Prop_carry4_S[1]_CO[3])
                                                      0.550    21.905 r  sidecar/rho_acc_next0_carry/CO[3]
                         net (fo=1, routed)           0.000    21.905    sidecar/rho_acc_next0_carry_n_0
    SLICE_X103Y111       CARRY4 (Prop_carry4_CI_CO[3])
                                                      0.114    22.019 r  sidecar/rho_acc_next0_carry__0/CO[3]
                         net (fo=1, routed)           0.000    22.019    sidecar/rho_acc_next0_carry__0_n_0
    SLICE_X103Y112       CARRY4 (Prop_carry4_CI_CO[3])
                                                      0.114    22.133 r  sidecar/rho_acc_next0_carry__1/CO[3]
                         net (fo=1, routed)           0.000    22.133    sidecar/rho_acc_next0_carry__1_n_0
    SLICE_X103Y113       CARRY4 (Prop_carry4_CI_CO[3])
                                                      0.114    22.247 r  sidecar/rho_acc_next0_carry__2/CO[3]
                         net (fo=1, routed)           0.000    22.247    sidecar/rho_acc_next0_carry__2_n_0
    SLICE_X103Y114       CARRY4 (Prop_carry4_CI_CO[3])
                                                      0.114    22.361 r  sidecar/rho_acc_next0_carry__3/CO[3]
                         net (fo=1, routed)           0.000    22.361    sidecar/rho_acc_next0_carry__3_n_0
    SLICE_X103Y115       CARRY4 (Prop_carry4_CI_CO[3])
                                                      0.114    22.475 r  sidecar/rho_acc_next0_carry__4/CO[3]
                         net (fo=1, routed)           0.000    22.475    sidecar/rho_acc_next0_carry__4_n_0
    SLICE_X103Y116       CARRY4 (Prop_carry4_CI_CO[3])
                                                      0.114    22.589 r  sidecar/rho_acc_next0_carry__5/CO[3]
                         net (fo=1, routed)           0.000    22.589    sidecar/rho_acc_next0_carry__5_n_0
    SLICE_X103Y117       CARRY4 (Prop_carry4_CI_CO[3])
                                                      0.114    22.703 r  sidecar/rho_acc_next0_carry__6/CO[3]
                         net (fo=1, routed)           0.000    22.703    sidecar/rho_acc_next0_carry__6_n_0
    SLICE_X103Y118       CARRY4 (Prop_carry4_CI_CO[3])
                                                      0.114    22.817 r  sidecar/rho_acc_next0_carry__7/CO[3]
                         net (fo=1, routed)           0.000    22.817    sidecar/rho_acc_next0_carry__7_n_0
    SLICE_X103Y119       CARRY4 (Prop_carry4_CI_CO[3])
                                                      0.114    22.931 r  sidecar/rho_acc_next0_carry__8/CO[3]
                         net (fo=1, routed)           0.000    22.931    sidecar/rho_acc_next0_carry__8_n_0
    SLICE_X103Y120       CARRY4 (Prop_carry4_CI_CO[3])
                                                      0.114    23.045 r  sidecar/rho_acc_next0_carry__9/CO[3]
                         net (fo=1, routed)           0.000    23.045    sidecar/rho_acc_next0_carry__9_n_0
    SLICE_X103Y121       CARRY4 (Prop_carry4_CI_O[1])
                                                      0.334    23.379 r  sidecar/rho_acc_next0_carry__10/O[1]
                         net (fo=1, routed)           0.461    23.840    sidecar/rho_acc_next[45]
    SLICE_X104Y122       LUT3 (Prop_lut3_I2_O)        0.303    24.143 r  sidecar/rho_out[45]_i_1/O
                         net (fo=1, routed)           0.000    24.143    sidecar/rho_out[45]_i_1_n_0
    SLICE_X104Y122       FDCE                                         r  sidecar/rho_out_reg[45]/D
  -------------------------------------------------------------------    -------------------

                         (clock clk rise edge)       20.000    20.000 r  
    U14                                               0.000    20.000 r  clk (IN)
                         net (fo=0)                   0.000    20.000    clk
    U14                  IBUF (Prop_ibuf_I_O)         0.940    20.940 r  clk_IBUF_inst/O
                         net (fo=1, routed)           2.006    22.946    clk_IBUF
    BUFGCTRL_X0Y16       BUFG (Prop_bufg_I_O)         0.091    23.037 r  clk_IBUF_BUFG_inst/O
                         net (fo=295, routed)         1.769    24.806    sidecar/clk_IBUF_BUFG
    SLICE_X104Y122       FDCE                                         r  sidecar/rho_out_reg[45]/C
                         clock pessimism              0.476    25.282    
                         clock uncertainty           -0.035    25.246    
    SLICE_X104Y122       FDCE (Setup_fdce_C_D)        0.079    25.325    sidecar/rho_out_reg[45]
  -------------------------------------------------------------------
                         required time                         25.325    
                         arrival time                         -24.143    
  -------------------------------------------------------------------
                         slack                                  1.183    





Min Delay Paths
--------------------------------------------------------------------------------------
Slack (MET) :             0.265ns  (arrival time - required time)
  Source:                 sidecar_start_reg/C
                            (rising edge-triggered cell FDCE clocked by clk  {rise@0.000ns fall@10.000ns period=20.000ns})
  Destination:            sidecar/rho_out_reg[9]/D
                            (rising edge-triggered cell FDCE clocked by clk  {rise@0.000ns fall@10.000ns period=20.000ns})
  Path Group:             clk
  Path Type:              Hold (Min at Fast Process Corner)
  Requirement:            0.000ns  (clk rise@0.000ns - clk rise@0.000ns)
  Data Path Delay:        0.371ns  (logic 0.186ns (50.154%)  route 0.185ns (49.846%))
  Logic Levels:           1  (LUT3=1)
  Clock Path Skew:        0.014ns (DCD - SCD - CPR)
    Destination Clock Delay (DCD):    2.239ns
    Source Clock Delay      (SCD):    1.717ns
    Clock Pessimism Removal (CPR):    0.508ns

    Location             Delay type                Incr(ns)  Path(ns)    Netlist Resource(s)
  -------------------------------------------------------------------    -------------------
                         (clock clk rise edge)        0.000     0.000 r  
    U14                                               0.000     0.000 r  clk (IN)
                         net (fo=0)                   0.000     0.000    clk
    U14                  IBUF (Prop_ibuf_I_O)         0.302     0.302 r  clk_IBUF_inst/O
                         net (fo=1, routed)           0.674     0.976    clk_IBUF
    BUFGCTRL_X0Y16       BUFG (Prop_bufg_I_O)         0.026     1.002 r  clk_IBUF_BUFG_inst/O
                         net (fo=295, routed)         0.715     1.717    clk_IBUF_BUFG
    SLICE_X106Y111       FDCE                                         r  sidecar_start_reg/C
  -------------------------------------------------------------------    -------------------
    SLICE_X106Y111       FDCE (Prop_fdce_C_Q)         0.141     1.858 f  sidecar_start_reg/Q
                         net (fo=185, routed)         0.185     2.043    sidecar/sidecar_start
    SLICE_X106Y112       LUT3 (Prop_lut3_I0_O)        0.045     2.088 r  sidecar/rho_out[9]_i_1/O
                         net (fo=1, routed)           0.000     2.088    sidecar/rho_out[9]_i_1_n_0
    SLICE_X106Y112       FDCE                                         r  sidecar/rho_out_reg[9]/D
  -------------------------------------------------------------------    -------------------

                         (clock clk rise edge)        0.000     0.000 r  
    U14                                               0.000     0.000 r  clk (IN)
                         net (fo=0)                   0.000     0.000    clk
    U14                  IBUF (Prop_ibuf_I_O)         0.492     0.492 r  clk_IBUF_inst/O
                         net (fo=1, routed)           0.731     1.223    clk_IBUF
    BUFGCTRL_X0Y16       BUFG (Prop_bufg_I_O)         0.029     1.252 r  clk_IBUF_BUFG_inst/O
                         net (fo=295, routed)         0.987     2.239    sidecar/clk_IBUF_BUFG
    SLICE_X106Y112       FDCE                                         r  sidecar/rho_out_reg[9]/C
                         clock pessimism             -0.508     1.731    
    SLICE_X106Y112       FDCE (Hold_fdce_C_D)         0.092     1.823    sidecar/rho_out_reg[9]
  -------------------------------------------------------------------
                         required time                         -1.823    
                         arrival time                           2.088    
  -------------------------------------------------------------------
                         slack                                  0.265    





Pulse Width Checks
--------------------------------------------------------------------------------------
Clock Name:         clk
Waveform(ns):       { 0.000 10.000 }
Period(ns):         20.000
Sources:            { clk }

Check Type        Corner  Lib Pin  Reference Pin  Required(ns)  Actual(ns)  Slack(ns)  Location        Pin
Min Period        n/a     BUFG/I   n/a            2.155         20.000      17.845     BUFGCTRL_X0Y16  clk_IBUF_BUFG_inst/I
Low Pulse Width   Slow    FDCE/C   n/a            0.500         10.000      9.500      SLICE_X111Y117  checksum_reg_reg[24]/C
High Pulse Width  Slow    FDCE/C   n/a            0.500         10.000      9.500      SLICE_X102Y114  active_reg/C



