

================================================================
== Vivado HLS Report for 'qeic_real_streaming_reduction_accumulator'
================================================================
* Date:           Mon Jun  8 18:40:57 2026

* Version:        2019.1 (Build 2552052 on Fri May 24 15:28:33 MDT 2019)
* Project:        real_hybrid_hls
* Solution:       sol1
* Product family: zynq
* Target device:  xc7z020-clg400-1


================================================================
== Performance Estimates
================================================================
+ Timing (ns): 
    * Summary: 
    +--------+-------+----------+------------+
    |  Clock | Target| Estimated| Uncertainty|
    +--------+-------+----------+------------+
    |ap_clk  |  10.00|     9.376|        1.25|
    +--------+-------+----------+------------+

+ Latency (clock cycles): 
    * Summary: 
    +-----+-----+-----+-----+---------+
    |  Latency  |  Interval | Pipeline|
    | min | max | min | max |   Type  |
    +-----+-----+-----+-----+---------+
    |    ?|    ?|    ?|    ?|   none  |
    +-----+-----+-----+-----+---------+

    + Detail: 
        * Instance: 
        N/A

        * Loop: 
        +----------+-----+-----+----------+-----------+-----------+------+----------+
        |          |  Latency  | Iteration|  Initiation Interval  | Trip |          |
        | Loop Name| min | max |  Latency |  achieved |   target  | Count| Pipelined|
        +----------+-----+-----+----------+-----------+-----------+------+----------+
        |- Loop 1  |    ?|    ?|        36|          5|          1|     ?|    yes   |
        +----------+-----+-----+----------+-----------+-----------+------+----------+



================================================================
== Utilization Estimates
================================================================
* Summary: 
+-----------------+---------+-------+--------+-------+-----+
|       Name      | BRAM_18K| DSP48E|   FF   |  LUT  | URAM|
+-----------------+---------+-------+--------+-------+-----+
|DSP              |        -|      -|       -|      -|    -|
|Expression       |        -|      -|       0|     82|    -|
|FIFO             |        -|      -|       -|      -|    -|
|Instance         |       16|     25|    3981|   6374|    -|
|Memory           |        -|      -|       -|      -|    -|
|Multiplexer      |        -|      -|       -|    425|    -|
|Register         |        6|      -|    1390|     35|    -|
+-----------------+---------+-------+--------+-------+-----+
|Total            |       22|     25|    5371|   6916|    0|
+-----------------+---------+-------+--------+-------+-----+
|Available        |      280|    220|  106400|  53200|    0|
+-----------------+---------+-------+--------+-------+-----+
|Utilization (%)  |        7|     11|       5|     13|    0|
+-----------------+---------+-------+--------+-------+-----+

+ Detail: 
    * Instance: 
    +---------------------------------------------------------------------------------+------------------------------------------------------------------------------+---------+-------+-----+------+-----+
    |                                     Instance                                    |                                    Module                                    | BRAM_18K| DSP48E|  FF |  LUT | URAM|
    +---------------------------------------------------------------------------------+------------------------------------------------------------------------------+---------+-------+-----+------+-----+
    |qeic_real_streaming_reduction_accumulator_control_s_axi_U                        |qeic_real_streaming_reduction_accumulator_control_s_axi                       |        0|      0|  226|   360|    0|
    |qeic_real_streaming_reduction_accumulator_dadddsub_64ns_64ns_64_5_full_dsp_1_U1  |qeic_real_streaming_reduction_accumulator_dadddsub_64ns_64ns_64_5_full_dsp_1  |        0|      3|  445|  1149|    0|
    |qeic_real_streaming_reduction_accumulator_dmul_64ns_64ns_64_6_max_dsp_1_U2       |qeic_real_streaming_reduction_accumulator_dmul_64ns_64ns_64_6_max_dsp_1       |        0|     11|  317|   578|    0|
    |qeic_real_streaming_reduction_accumulator_dmul_64ns_64ns_64_6_max_dsp_1_U3       |qeic_real_streaming_reduction_accumulator_dmul_64ns_64ns_64_6_max_dsp_1       |        0|     11|  317|   578|    0|
    |qeic_real_streaming_reduction_accumulator_gmem0_m_axi_U                          |qeic_real_streaming_reduction_accumulator_gmem0_m_axi                         |        4|      0|  566|   766|    0|
    |qeic_real_streaming_reduction_accumulator_gmem1_m_axi_U                          |qeic_real_streaming_reduction_accumulator_gmem1_m_axi                         |        4|      0|  566|   766|    0|
    |qeic_real_streaming_reduction_accumulator_gmem2_m_axi_U                          |qeic_real_streaming_reduction_accumulator_gmem2_m_axi                         |        4|      0|  566|   766|    0|
    |qeic_real_streaming_reduction_accumulator_gmem3_m_axi_U                          |qeic_real_streaming_reduction_accumulator_gmem3_m_axi                         |        4|      0|  566|   766|    0|
    |qeic_real_streaming_reduction_accumulator_sitodp_32ns_64_6_1_U4                  |qeic_real_streaming_reduction_accumulator_sitodp_32ns_64_6_1                  |        0|      0|  412|   645|    0|
    +---------------------------------------------------------------------------------+------------------------------------------------------------------------------+---------+-------+-----+------+-----+
    |Total                                                                            |                                                                              |       16|     25| 3981|  6374|    0|
    +---------------------------------------------------------------------------------+------------------------------------------------------------------------------+---------+-------+-----+------+-----+

    * DSP48E: 
    N/A

    * Memory: 
    N/A

    * FIFO: 
    N/A

    * Expression: 
    +-----------------------------------+----------+-------+---+----+------------+------------+
    |           Variable Name           | Operation| DSP48E| FF| LUT| Bitwidth P0| Bitwidth P1|
    +-----------------------------------+----------+-------+---+----+------------+------------+
    |add_ln18_fu_345_p2                 |     +    |      0|  0|  12|           2|           3|
    |i_fu_330_p2                        |     +    |      0|  0|  38|          31|           1|
    |ap_block_pp0_stage1_00001          |    and   |      0|  0|   2|           1|           1|
    |icmp_ln15_fu_325_p2                |   icmp   |      0|  0|  18|          32|          32|
    |ap_block_state20_pp0_stage1_iter2  |    or    |      0|  0|   2|           1|           1|
    |ap_block_state2_io                 |    or    |      0|  0|   2|           1|           1|
    |ap_block_state45_io                |    or    |      0|  0|   2|           1|           1|
    |ap_block_state46_io                |    or    |      0|  0|   2|           1|           1|
    |ap_block_state51                   |    or    |      0|  0|   2|           1|           1|
    |ap_enable_pp0                      |    xor   |      0|  0|   2|           1|           2|
    +-----------------------------------+----------+-------+---+----+------------+------------+
    |Total                              |          |      0|  0|  82|          72|          44|
    +-----------------------------------+----------+-------+---+----+------------+------------+

    * Multiplexer: 
    +-----------------------------------+-----+-----------+-----+-----------+
    |                Name               | LUT | Input Size| Bits| Total Bits|
    +-----------------------------------+-----+-----------+-----+-----------+
    |acc_im_0_reg_199                   |    9|          2|   64|        128|
    |acc_re_0_reg_186                   |    9|          2|   64|        128|
    |ap_NS_fsm                          |  101|         21|    1|         21|
    |ap_enable_reg_pp0_iter7            |    9|          2|    1|          2|
    |ap_phi_mux_acc_re_0_phi_fu_191_p4  |    9|          2|   64|        128|
    |ap_phi_mux_i_0_phi_fu_216_p4       |    9|          2|   31|         62|
    |gmem0_blk_n_AR                     |    9|          2|    1|          2|
    |gmem0_blk_n_R                      |    9|          2|    1|          2|
    |gmem1_blk_n_AR                     |    9|          2|    1|          2|
    |gmem1_blk_n_R                      |    9|          2|    1|          2|
    |gmem2_blk_n_AW                     |    9|          2|    1|          2|
    |gmem2_blk_n_B                      |    9|          2|    1|          2|
    |gmem2_blk_n_W                      |    9|          2|    1|          2|
    |gmem3_blk_n_AW                     |    9|          2|    1|          2|
    |gmem3_blk_n_B                      |    9|          2|    1|          2|
    |gmem3_blk_n_W                      |    9|          2|    1|          2|
    |grp_fu_223_opcode                  |   15|          3|    2|          6|
    |grp_fu_223_p0                      |   33|          6|   64|        384|
    |grp_fu_223_p1                      |   33|          6|   64|        384|
    |grp_fu_230_p0                      |   27|          5|   64|        320|
    |grp_fu_230_p1                      |   27|          5|   64|        320|
    |grp_fu_236_p0                      |   15|          3|   64|        192|
    |grp_fu_236_p1                      |   15|          3|   64|        192|
    |grp_fu_240_p0                      |   15|          3|   32|         96|
    |i_0_reg_212                        |    9|          2|   31|         62|
    +-----------------------------------+-----+-----------+-----+-----------+
    |Total                              |  425|         87|  684|       2445|
    +-----------------------------------+-----+-----------+-----+-----------+

    * Register: 
    +-------------------------+----+----+-----+-----------+
    |           Name          | FF | LUT| Bits| Const Bits|
    +-------------------------+----+----+-----+-----------+
    |acc_im_0_reg_199         |  64|   0|   64|          0|
    |acc_re_0_reg_186         |  64|   0|   64|          0|
    |acc_re_reg_523           |  64|   0|   64|          0|
    |ap_CS_fsm                |  20|   0|   20|          0|
    |ap_enable_reg_pp0_iter0  |   1|   0|    1|          0|
    |ap_enable_reg_pp0_iter1  |   1|   0|    1|          0|
    |ap_enable_reg_pp0_iter2  |   1|   0|    1|          0|
    |ap_enable_reg_pp0_iter3  |   1|   0|    1|          0|
    |ap_enable_reg_pp0_iter4  |   1|   0|    1|          0|
    |ap_enable_reg_pp0_iter5  |   1|   0|    1|          0|
    |ap_enable_reg_pp0_iter6  |   1|   0|    1|          0|
    |ap_enable_reg_pp0_iter7  |   1|   0|    1|          0|
    |gmem0_addr_read_reg_471  |  64|   0|   64|          0|
    |gmem1_addr_read_reg_476  |  64|   0|   64|          0|
    |gmem2_addr_reg_421       |  29|   0|   32|          3|
    |gmem3_addr_reg_415       |  29|   0|   32|          3|
    |i_0_reg_212              |  31|   0|   31|          0|
    |i_reg_431                |  31|   0|   31|          0|
    |icmp_ln15_reg_427        |   1|   0|    1|          0|
    |imag_in3_reg_393         |  29|   0|   29|          0|
    |imag_out7_reg_383        |  29|   0|   29|          0|
    |n_read_reg_376           |  32|   0|   32|          0|
    |real_in1_reg_398         |  29|   0|   29|          0|
    |real_out5_reg_388        |  29|   0|   29|          0|
    |tmp_10_reg_441           |   1|   0|    1|          0|
    |tmp_1_reg_466            |  64|   0|   64|          0|
    |tmp_2_reg_461            |  64|   0|   64|          0|
    |tmp_3_reg_503            |  64|   0|   64|          0|
    |tmp_4_reg_493            |  64|   0|   64|          0|
    |tmp_5_reg_513            |  64|   0|   64|          0|
    |tmp_7_reg_498            |  64|   0|   64|          0|
    |tmp_8_reg_508            |  64|   0|   64|          0|
    |tmp_9_reg_518            |  64|   0|   64|          0|
    |tmp_reg_456              |  64|   0|   64|          0|
    |trunc_ln18_reg_446       |   1|   0|    1|          0|
    |wi_reg_481               |  64|   0|   64|          0|
    |wr_reg_487               |  64|   0|   64|          0|
    |gmem0_addr_read_reg_471  |   1|   1|   64|          0|
    |gmem1_addr_read_reg_476  |   1|   1|   64|          0|
    |icmp_ln15_reg_427        |  64|  32|    1|          0|
    |tmp_7_reg_498            |   1|   1|   64|          0|
    +-------------------------+----+----+-----+-----------+
    |Total                    |1390|  35| 1522|          6|
    +-------------------------+----+----+-----+-----------+



================================================================
== Interface
================================================================
* Summary: 
+-----------------------+-----+-----+------------+-------------------------------------------+--------------+
|       RTL Ports       | Dir | Bits|  Protocol  |               Source Object               |    C Type    |
+-----------------------+-----+-----+------------+-------------------------------------------+--------------+
|s_axi_control_AWVALID  |  in |    1|    s_axi   |                  control                  |    scalar    |
|s_axi_control_AWREADY  | out |    1|    s_axi   |                  control                  |    scalar    |
|s_axi_control_AWADDR   |  in |    6|    s_axi   |                  control                  |    scalar    |
|s_axi_control_WVALID   |  in |    1|    s_axi   |                  control                  |    scalar    |
|s_axi_control_WREADY   | out |    1|    s_axi   |                  control                  |    scalar    |
|s_axi_control_WDATA    |  in |   32|    s_axi   |                  control                  |    scalar    |
|s_axi_control_WSTRB    |  in |    4|    s_axi   |                  control                  |    scalar    |
|s_axi_control_ARVALID  |  in |    1|    s_axi   |                  control                  |    scalar    |
|s_axi_control_ARREADY  | out |    1|    s_axi   |                  control                  |    scalar    |
|s_axi_control_ARADDR   |  in |    6|    s_axi   |                  control                  |    scalar    |
|s_axi_control_RVALID   | out |    1|    s_axi   |                  control                  |    scalar    |
|s_axi_control_RREADY   |  in |    1|    s_axi   |                  control                  |    scalar    |
|s_axi_control_RDATA    | out |   32|    s_axi   |                  control                  |    scalar    |
|s_axi_control_RRESP    | out |    2|    s_axi   |                  control                  |    scalar    |
|s_axi_control_BVALID   | out |    1|    s_axi   |                  control                  |    scalar    |
|s_axi_control_BREADY   |  in |    1|    s_axi   |                  control                  |    scalar    |
|s_axi_control_BRESP    | out |    2|    s_axi   |                  control                  |    scalar    |
|ap_clk                 |  in |    1| ap_ctrl_hs | qeic_real_streaming_reduction_accumulator | return value |
|ap_rst_n               |  in |    1| ap_ctrl_hs | qeic_real_streaming_reduction_accumulator | return value |
|interrupt              | out |    1| ap_ctrl_hs | qeic_real_streaming_reduction_accumulator | return value |
|m_axi_gmem0_AWVALID    | out |    1|    m_axi   |                   gmem0                   |    pointer   |
|m_axi_gmem0_AWREADY    |  in |    1|    m_axi   |                   gmem0                   |    pointer   |
|m_axi_gmem0_AWADDR     | out |   32|    m_axi   |                   gmem0                   |    pointer   |
|m_axi_gmem0_AWID       | out |    1|    m_axi   |                   gmem0                   |    pointer   |
|m_axi_gmem0_AWLEN      | out |    8|    m_axi   |                   gmem0                   |    pointer   |
|m_axi_gmem0_AWSIZE     | out |    3|    m_axi   |                   gmem0                   |    pointer   |
|m_axi_gmem0_AWBURST    | out |    2|    m_axi   |                   gmem0                   |    pointer   |
|m_axi_gmem0_AWLOCK     | out |    2|    m_axi   |                   gmem0                   |    pointer   |
|m_axi_gmem0_AWCACHE    | out |    4|    m_axi   |                   gmem0                   |    pointer   |
|m_axi_gmem0_AWPROT     | out |    3|    m_axi   |                   gmem0                   |    pointer   |
|m_axi_gmem0_AWQOS      | out |    4|    m_axi   |                   gmem0                   |    pointer   |
|m_axi_gmem0_AWREGION   | out |    4|    m_axi   |                   gmem0                   |    pointer   |
|m_axi_gmem0_AWUSER     | out |    1|    m_axi   |                   gmem0                   |    pointer   |
|m_axi_gmem0_WVALID     | out |    1|    m_axi   |                   gmem0                   |    pointer   |
|m_axi_gmem0_WREADY     |  in |    1|    m_axi   |                   gmem0                   |    pointer   |
|m_axi_gmem0_WDATA      | out |   64|    m_axi   |                   gmem0                   |    pointer   |
|m_axi_gmem0_WSTRB      | out |    8|    m_axi   |                   gmem0                   |    pointer   |
|m_axi_gmem0_WLAST      | out |    1|    m_axi   |                   gmem0                   |    pointer   |
|m_axi_gmem0_WID        | out |    1|    m_axi   |                   gmem0                   |    pointer   |
|m_axi_gmem0_WUSER      | out |    1|    m_axi   |                   gmem0                   |    pointer   |
|m_axi_gmem0_ARVALID    | out |    1|    m_axi   |                   gmem0                   |    pointer   |
|m_axi_gmem0_ARREADY    |  in |    1|    m_axi   |                   gmem0                   |    pointer   |
|m_axi_gmem0_ARADDR     | out |   32|    m_axi   |                   gmem0                   |    pointer   |
|m_axi_gmem0_ARID       | out |    1|    m_axi   |                   gmem0                   |    pointer   |
|m_axi_gmem0_ARLEN      | out |    8|    m_axi   |                   gmem0                   |    pointer   |
|m_axi_gmem0_ARSIZE     | out |    3|    m_axi   |                   gmem0                   |    pointer   |
|m_axi_gmem0_ARBURST    | out |    2|    m_axi   |                   gmem0                   |    pointer   |
|m_axi_gmem0_ARLOCK     | out |    2|    m_axi   |                   gmem0                   |    pointer   |
|m_axi_gmem0_ARCACHE    | out |    4|    m_axi   |                   gmem0                   |    pointer   |
|m_axi_gmem0_ARPROT     | out |    3|    m_axi   |                   gmem0                   |    pointer   |
|m_axi_gmem0_ARQOS      | out |    4|    m_axi   |                   gmem0                   |    pointer   |
|m_axi_gmem0_ARREGION   | out |    4|    m_axi   |                   gmem0                   |    pointer   |
|m_axi_gmem0_ARUSER     | out |    1|    m_axi   |                   gmem0                   |    pointer   |
|m_axi_gmem0_RVALID     |  in |    1|    m_axi   |                   gmem0                   |    pointer   |
|m_axi_gmem0_RREADY     | out |    1|    m_axi   |                   gmem0                   |    pointer   |
|m_axi_gmem0_RDATA      |  in |   64|    m_axi   |                   gmem0                   |    pointer   |
|m_axi_gmem0_RLAST      |  in |    1|    m_axi   |                   gmem0                   |    pointer   |
|m_axi_gmem0_RID        |  in |    1|    m_axi   |                   gmem0                   |    pointer   |
|m_axi_gmem0_RUSER      |  in |    1|    m_axi   |                   gmem0                   |    pointer   |
|m_axi_gmem0_RRESP      |  in |    2|    m_axi   |                   gmem0                   |    pointer   |
|m_axi_gmem0_BVALID     |  in |    1|    m_axi   |                   gmem0                   |    pointer   |
|m_axi_gmem0_BREADY     | out |    1|    m_axi   |                   gmem0                   |    pointer   |
|m_axi_gmem0_BRESP      |  in |    2|    m_axi   |                   gmem0                   |    pointer   |
|m_axi_gmem0_BID        |  in |    1|    m_axi   |                   gmem0                   |    pointer   |
|m_axi_gmem0_BUSER      |  in |    1|    m_axi   |                   gmem0                   |    pointer   |
|m_axi_gmem1_AWVALID    | out |    1|    m_axi   |                   gmem1                   |    pointer   |
|m_axi_gmem1_AWREADY    |  in |    1|    m_axi   |                   gmem1                   |    pointer   |
|m_axi_gmem1_AWADDR     | out |   32|    m_axi   |                   gmem1                   |    pointer   |
|m_axi_gmem1_AWID       | out |    1|    m_axi   |                   gmem1                   |    pointer   |
|m_axi_gmem1_AWLEN      | out |    8|    m_axi   |                   gmem1                   |    pointer   |
|m_axi_gmem1_AWSIZE     | out |    3|    m_axi   |                   gmem1                   |    pointer   |
|m_axi_gmem1_AWBURST    | out |    2|    m_axi   |                   gmem1                   |    pointer   |
|m_axi_gmem1_AWLOCK     | out |    2|    m_axi   |                   gmem1                   |    pointer   |
|m_axi_gmem1_AWCACHE    | out |    4|    m_axi   |                   gmem1                   |    pointer   |
|m_axi_gmem1_AWPROT     | out |    3|    m_axi   |                   gmem1                   |    pointer   |
|m_axi_gmem1_AWQOS      | out |    4|    m_axi   |                   gmem1                   |    pointer   |
|m_axi_gmem1_AWREGION   | out |    4|    m_axi   |                   gmem1                   |    pointer   |
|m_axi_gmem1_AWUSER     | out |    1|    m_axi   |                   gmem1                   |    pointer   |
|m_axi_gmem1_WVALID     | out |    1|    m_axi   |                   gmem1                   |    pointer   |
|m_axi_gmem1_WREADY     |  in |    1|    m_axi   |                   gmem1                   |    pointer   |
|m_axi_gmem1_WDATA      | out |   64|    m_axi   |                   gmem1                   |    pointer   |
|m_axi_gmem1_WSTRB      | out |    8|    m_axi   |                   gmem1                   |    pointer   |
|m_axi_gmem1_WLAST      | out |    1|    m_axi   |                   gmem1                   |    pointer   |
|m_axi_gmem1_WID        | out |    1|    m_axi   |                   gmem1                   |    pointer   |
|m_axi_gmem1_WUSER      | out |    1|    m_axi   |                   gmem1                   |    pointer   |
|m_axi_gmem1_ARVALID    | out |    1|    m_axi   |                   gmem1                   |    pointer   |
|m_axi_gmem1_ARREADY    |  in |    1|    m_axi   |                   gmem1                   |    pointer   |
|m_axi_gmem1_ARADDR     | out |   32|    m_axi   |                   gmem1                   |    pointer   |
|m_axi_gmem1_ARID       | out |    1|    m_axi   |                   gmem1                   |    pointer   |
|m_axi_gmem1_ARLEN      | out |    8|    m_axi   |                   gmem1                   |    pointer   |
|m_axi_gmem1_ARSIZE     | out |    3|    m_axi   |                   gmem1                   |    pointer   |
|m_axi_gmem1_ARBURST    | out |    2|    m_axi   |                   gmem1                   |    pointer   |
|m_axi_gmem1_ARLOCK     | out |    2|    m_axi   |                   gmem1                   |    pointer   |
|m_axi_gmem1_ARCACHE    | out |    4|    m_axi   |                   gmem1                   |    pointer   |
|m_axi_gmem1_ARPROT     | out |    3|    m_axi   |                   gmem1                   |    pointer   |
|m_axi_gmem1_ARQOS      | out |    4|    m_axi   |                   gmem1                   |    pointer   |
|m_axi_gmem1_ARREGION   | out |    4|    m_axi   |                   gmem1                   |    pointer   |
|m_axi_gmem1_ARUSER     | out |    1|    m_axi   |                   gmem1                   |    pointer   |
|m_axi_gmem1_RVALID     |  in |    1|    m_axi   |                   gmem1                   |    pointer   |
|m_axi_gmem1_RREADY     | out |    1|    m_axi   |                   gmem1                   |    pointer   |
|m_axi_gmem1_RDATA      |  in |   64|    m_axi   |                   gmem1                   |    pointer   |
|m_axi_gmem1_RLAST      |  in |    1|    m_axi   |                   gmem1                   |    pointer   |
|m_axi_gmem1_RID        |  in |    1|    m_axi   |                   gmem1                   |    pointer   |
|m_axi_gmem1_RUSER      |  in |    1|    m_axi   |                   gmem1                   |    pointer   |
|m_axi_gmem1_RRESP      |  in |    2|    m_axi   |                   gmem1                   |    pointer   |
|m_axi_gmem1_BVALID     |  in |    1|    m_axi   |                   gmem1                   |    pointer   |
|m_axi_gmem1_BREADY     | out |    1|    m_axi   |                   gmem1                   |    pointer   |
|m_axi_gmem1_BRESP      |  in |    2|    m_axi   |                   gmem1                   |    pointer   |
|m_axi_gmem1_BID        |  in |    1|    m_axi   |                   gmem1                   |    pointer   |
|m_axi_gmem1_BUSER      |  in |    1|    m_axi   |                   gmem1                   |    pointer   |
|m_axi_gmem2_AWVALID    | out |    1|    m_axi   |                   gmem2                   |    pointer   |
|m_axi_gmem2_AWREADY    |  in |    1|    m_axi   |                   gmem2                   |    pointer   |
|m_axi_gmem2_AWADDR     | out |   32|    m_axi   |                   gmem2                   |    pointer   |
|m_axi_gmem2_AWID       | out |    1|    m_axi   |                   gmem2                   |    pointer   |
|m_axi_gmem2_AWLEN      | out |    8|    m_axi   |                   gmem2                   |    pointer   |
|m_axi_gmem2_AWSIZE     | out |    3|    m_axi   |                   gmem2                   |    pointer   |
|m_axi_gmem2_AWBURST    | out |    2|    m_axi   |                   gmem2                   |    pointer   |
|m_axi_gmem2_AWLOCK     | out |    2|    m_axi   |                   gmem2                   |    pointer   |
|m_axi_gmem2_AWCACHE    | out |    4|    m_axi   |                   gmem2                   |    pointer   |
|m_axi_gmem2_AWPROT     | out |    3|    m_axi   |                   gmem2                   |    pointer   |
|m_axi_gmem2_AWQOS      | out |    4|    m_axi   |                   gmem2                   |    pointer   |
|m_axi_gmem2_AWREGION   | out |    4|    m_axi   |                   gmem2                   |    pointer   |
|m_axi_gmem2_AWUSER     | out |    1|    m_axi   |                   gmem2                   |    pointer   |
|m_axi_gmem2_WVALID     | out |    1|    m_axi   |                   gmem2                   |    pointer   |
|m_axi_gmem2_WREADY     |  in |    1|    m_axi   |                   gmem2                   |    pointer   |
|m_axi_gmem2_WDATA      | out |   64|    m_axi   |                   gmem2                   |    pointer   |
|m_axi_gmem2_WSTRB      | out |    8|    m_axi   |                   gmem2                   |    pointer   |
|m_axi_gmem2_WLAST      | out |    1|    m_axi   |                   gmem2                   |    pointer   |
|m_axi_gmem2_WID        | out |    1|    m_axi   |                   gmem2                   |    pointer   |
|m_axi_gmem2_WUSER      | out |    1|    m_axi   |                   gmem2                   |    pointer   |
|m_axi_gmem2_ARVALID    | out |    1|    m_axi   |                   gmem2                   |    pointer   |
|m_axi_gmem2_ARREADY    |  in |    1|    m_axi   |                   gmem2                   |    pointer   |
|m_axi_gmem2_ARADDR     | out |   32|    m_axi   |                   gmem2                   |    pointer   |
|m_axi_gmem2_ARID       | out |    1|    m_axi   |                   gmem2                   |    pointer   |
|m_axi_gmem2_ARLEN      | out |    8|    m_axi   |                   gmem2                   |    pointer   |
|m_axi_gmem2_ARSIZE     | out |    3|    m_axi   |                   gmem2                   |    pointer   |
|m_axi_gmem2_ARBURST    | out |    2|    m_axi   |                   gmem2                   |    pointer   |
|m_axi_gmem2_ARLOCK     | out |    2|    m_axi   |                   gmem2                   |    pointer   |
|m_axi_gmem2_ARCACHE    | out |    4|    m_axi   |                   gmem2                   |    pointer   |
|m_axi_gmem2_ARPROT     | out |    3|    m_axi   |                   gmem2                   |    pointer   |
|m_axi_gmem2_ARQOS      | out |    4|    m_axi   |                   gmem2                   |    pointer   |
|m_axi_gmem2_ARREGION   | out |    4|    m_axi   |                   gmem2                   |    pointer   |
|m_axi_gmem2_ARUSER     | out |    1|    m_axi   |                   gmem2                   |    pointer   |
|m_axi_gmem2_RVALID     |  in |    1|    m_axi   |                   gmem2                   |    pointer   |
|m_axi_gmem2_RREADY     | out |    1|    m_axi   |                   gmem2                   |    pointer   |
|m_axi_gmem2_RDATA      |  in |   64|    m_axi   |                   gmem2                   |    pointer   |
|m_axi_gmem2_RLAST      |  in |    1|    m_axi   |                   gmem2                   |    pointer   |
|m_axi_gmem2_RID        |  in |    1|    m_axi   |                   gmem2                   |    pointer   |
|m_axi_gmem2_RUSER      |  in |    1|    m_axi   |                   gmem2                   |    pointer   |
|m_axi_gmem2_RRESP      |  in |    2|    m_axi   |                   gmem2                   |    pointer   |
|m_axi_gmem2_BVALID     |  in |    1|    m_axi   |                   gmem2                   |    pointer   |
|m_axi_gmem2_BREADY     | out |    1|    m_axi   |                   gmem2                   |    pointer   |
|m_axi_gmem2_BRESP      |  in |    2|    m_axi   |                   gmem2                   |    pointer   |
|m_axi_gmem2_BID        |  in |    1|    m_axi   |                   gmem2                   |    pointer   |
|m_axi_gmem2_BUSER      |  in |    1|    m_axi   |                   gmem2                   |    pointer   |
|m_axi_gmem3_AWVALID    | out |    1|    m_axi   |                   gmem3                   |    pointer   |
|m_axi_gmem3_AWREADY    |  in |    1|    m_axi   |                   gmem3                   |    pointer   |
|m_axi_gmem3_AWADDR     | out |   32|    m_axi   |                   gmem3                   |    pointer   |
|m_axi_gmem3_AWID       | out |    1|    m_axi   |                   gmem3                   |    pointer   |
|m_axi_gmem3_AWLEN      | out |    8|    m_axi   |                   gmem3                   |    pointer   |
|m_axi_gmem3_AWSIZE     | out |    3|    m_axi   |                   gmem3                   |    pointer   |
|m_axi_gmem3_AWBURST    | out |    2|    m_axi   |                   gmem3                   |    pointer   |
|m_axi_gmem3_AWLOCK     | out |    2|    m_axi   |                   gmem3                   |    pointer   |
|m_axi_gmem3_AWCACHE    | out |    4|    m_axi   |                   gmem3                   |    pointer   |
|m_axi_gmem3_AWPROT     | out |    3|    m_axi   |                   gmem3                   |    pointer   |
|m_axi_gmem3_AWQOS      | out |    4|    m_axi   |                   gmem3                   |    pointer   |
|m_axi_gmem3_AWREGION   | out |    4|    m_axi   |                   gmem3                   |    pointer   |
|m_axi_gmem3_AWUSER     | out |    1|    m_axi   |                   gmem3                   |    pointer   |
|m_axi_gmem3_WVALID     | out |    1|    m_axi   |                   gmem3                   |    pointer   |
|m_axi_gmem3_WREADY     |  in |    1|    m_axi   |                   gmem3                   |    pointer   |
|m_axi_gmem3_WDATA      | out |   64|    m_axi   |                   gmem3                   |    pointer   |
|m_axi_gmem3_WSTRB      | out |    8|    m_axi   |                   gmem3                   |    pointer   |
|m_axi_gmem3_WLAST      | out |    1|    m_axi   |                   gmem3                   |    pointer   |
|m_axi_gmem3_WID        | out |    1|    m_axi   |                   gmem3                   |    pointer   |
|m_axi_gmem3_WUSER      | out |    1|    m_axi   |                   gmem3                   |    pointer   |
|m_axi_gmem3_ARVALID    | out |    1|    m_axi   |                   gmem3                   |    pointer   |
|m_axi_gmem3_ARREADY    |  in |    1|    m_axi   |                   gmem3                   |    pointer   |
|m_axi_gmem3_ARADDR     | out |   32|    m_axi   |                   gmem3                   |    pointer   |
|m_axi_gmem3_ARID       | out |    1|    m_axi   |                   gmem3                   |    pointer   |
|m_axi_gmem3_ARLEN      | out |    8|    m_axi   |                   gmem3                   |    pointer   |
|m_axi_gmem3_ARSIZE     | out |    3|    m_axi   |                   gmem3                   |    pointer   |
|m_axi_gmem3_ARBURST    | out |    2|    m_axi   |                   gmem3                   |    pointer   |
|m_axi_gmem3_ARLOCK     | out |    2|    m_axi   |                   gmem3                   |    pointer   |
|m_axi_gmem3_ARCACHE    | out |    4|    m_axi   |                   gmem3                   |    pointer   |
|m_axi_gmem3_ARPROT     | out |    3|    m_axi   |                   gmem3                   |    pointer   |
|m_axi_gmem3_ARQOS      | out |    4|    m_axi   |                   gmem3                   |    pointer   |
|m_axi_gmem3_ARREGION   | out |    4|    m_axi   |                   gmem3                   |    pointer   |
|m_axi_gmem3_ARUSER     | out |    1|    m_axi   |                   gmem3                   |    pointer   |
|m_axi_gmem3_RVALID     |  in |    1|    m_axi   |                   gmem3                   |    pointer   |
|m_axi_gmem3_RREADY     | out |    1|    m_axi   |                   gmem3                   |    pointer   |
|m_axi_gmem3_RDATA      |  in |   64|    m_axi   |                   gmem3                   |    pointer   |
|m_axi_gmem3_RLAST      |  in |    1|    m_axi   |                   gmem3                   |    pointer   |
|m_axi_gmem3_RID        |  in |    1|    m_axi   |                   gmem3                   |    pointer   |
|m_axi_gmem3_RUSER      |  in |    1|    m_axi   |                   gmem3                   |    pointer   |
|m_axi_gmem3_RRESP      |  in |    2|    m_axi   |                   gmem3                   |    pointer   |
|m_axi_gmem3_BVALID     |  in |    1|    m_axi   |                   gmem3                   |    pointer   |
|m_axi_gmem3_BREADY     | out |    1|    m_axi   |                   gmem3                   |    pointer   |
|m_axi_gmem3_BRESP      |  in |    2|    m_axi   |                   gmem3                   |    pointer   |
|m_axi_gmem3_BID        |  in |    1|    m_axi   |                   gmem3                   |    pointer   |
|m_axi_gmem3_BUSER      |  in |    1|    m_axi   |                   gmem3                   |    pointer   |
+-----------------------+-----+-----+------------+-------------------------------------------+--------------+

